Archive member included to satisfy reference by file (symbol)

/home/jshuo/stm32/libopencm3-stm32f407vg-discovery/libopencm3/lib/libopencm3_stm32f1.a(gpio.o)
                              usart.o (gpio_set_mode)
/home/jshuo/stm32/libopencm3-stm32f407vg-discovery/libopencm3/lib/libopencm3_stm32f1.a(rcc.o)
                              usart.o (rcc_clock_setup_in_hse_8mhz_out_72mhz)
/home/jshuo/stm32/libopencm3-stm32f407vg-discovery/libopencm3/lib/libopencm3_stm32f1.a(gpio_common_all.o)
                              usart.o (gpio_toggle)
/home/jshuo/stm32/libopencm3-stm32f407vg-discovery/libopencm3/lib/libopencm3_stm32f1.a(usart_common_all.o)
                              usart.o (usart_set_baudrate)
/home/jshuo/stm32/libopencm3-stm32f407vg-discovery/libopencm3/lib/libopencm3_stm32f1.a(usart_common_f124.o)
                              /home/jshuo/stm32/libopencm3-stm32f407vg-discovery/libopencm3/lib/libopencm3_stm32f1.a(usart_common_all.o) (usart_send)
/home/jshuo/stm32/libopencm3-stm32f407vg-discovery/libopencm3/lib/libopencm3_stm32f1.a(rcc_common_all.o)
                              usart.o (rcc_periph_clock_enable)
/home/jshuo/stm32/libopencm3-stm32f407vg-discovery/libopencm3/lib/libopencm3_stm32f1.a(flash_common_all.o)
                              /home/jshuo/stm32/libopencm3-stm32f407vg-discovery/libopencm3/lib/libopencm3_stm32f1.a(rcc.o) (flash_set_ws)
/home/jshuo/stm32/libopencm3-stm32f407vg-discovery/libopencm3/lib/libopencm3_stm32f1.a(vector.o)
                              (reset_handler)
/home/jshuo/stm32/libopencm3-stm32f407vg-discovery/libopencm3/lib/libopencm3_stm32f1.a(assert.o)
                              /home/jshuo/stm32/libopencm3-stm32f407vg-discovery/libopencm3/lib/libopencm3_stm32f1.a(rcc.o) (cm3_assert_failed)

Discarded input sections

 .group         0x0000000000000000        0xc usart.o
 .group         0x0000000000000000        0xc usart.o
 .group         0x0000000000000000        0xc usart.o
 .group         0x0000000000000000        0xc usart.o
 .group         0x0000000000000000        0xc usart.o
 .group         0x0000000000000000        0xc usart.o
 .group         0x0000000000000000        0xc usart.o
 .group         0x0000000000000000        0xc usart.o
 .group         0x0000000000000000        0xc usart.o
 .group         0x0000000000000000        0xc usart.o
 .group         0x0000000000000000        0xc usart.o
 .group         0x0000000000000000        0xc usart.o
 .group         0x0000000000000000        0xc usart.o
 .group         0x0000000000000000        0xc usart.o
 .group         0x0000000000000000        0xc usart.o
 .group         0x0000000000000000        0xc usart.o
 .text          0x0000000000000000        0x0 usart.o
 .data          0x0000000000000000        0x0 usart.o
 .bss           0x0000000000000000        0x0 usart.o
 .group         0x0000000000000000        0xc /home/jshuo/stm32/libopencm3-stm32f407vg-discovery/libopencm3/lib/libopencm3_stm32f1.a(gpio.o)
 .group         0x0000000000000000        0xc /home/jshuo/stm32/libopencm3-stm32f407vg-discovery/libopencm3/lib/libopencm3_stm32f1.a(gpio.o)
 .group         0x0000000000000000        0xc /home/jshuo/stm32/libopencm3-stm32f407vg-discovery/libopencm3/lib/libopencm3_stm32f1.a(gpio.o)
 .group         0x0000000000000000        0xc /home/jshuo/stm32/libopencm3-stm32f407vg-discovery/libopencm3/lib/libopencm3_stm32f1.a(gpio.o)
 .group         0x0000000000000000        0xc /home/jshuo/stm32/libopencm3-stm32f407vg-discovery/libopencm3/lib/libopencm3_stm32f1.a(gpio.o)
 .group         0x0000000000000000        0xc /home/jshuo/stm32/libopencm3-stm32f407vg-discovery/libopencm3/lib/libopencm3_stm32f1.a(gpio.o)
 .group         0x0000000000000000        0xc /home/jshuo/stm32/libopencm3-stm32f407vg-discovery/libopencm3/lib/libopencm3_stm32f1.a(gpio.o)
 .group         0x0000000000000000        0xc /home/jshuo/stm32/libopencm3-stm32f407vg-discovery/libopencm3/lib/libopencm3_stm32f1.a(gpio.o)
 .group         0x0000000000000000        0xc /home/jshuo/stm32/libopencm3-stm32f407vg-discovery/libopencm3/lib/libopencm3_stm32f1.a(gpio.o)
 .group         0x0000000000000000        0xc /home/jshuo/stm32/libopencm3-stm32f407vg-discovery/libopencm3/lib/libopencm3_stm32f1.a(gpio.o)
 .group         0x0000000000000000        0xc /home/jshuo/stm32/libopencm3-stm32f407vg-discovery/libopencm3/lib/libopencm3_stm32f1.a(gpio.o)
 .group         0x0000000000000000        0xc /home/jshuo/stm32/libopencm3-stm32f407vg-discovery/libopencm3/lib/libopencm3_stm32f1.a(gpio.o)
 .group         0x0000000000000000        0xc /home/jshuo/stm32/libopencm3-stm32f407vg-discovery/libopencm3/lib/libopencm3_stm32f1.a(gpio.o)
 .text          0x0000000000000000        0x0 /home/jshuo/stm32/libopencm3-stm32f407vg-discovery/libopencm3/lib/libopencm3_stm32f1.a(gpio.o)
 .data          0x0000000000000000        0x0 /home/jshuo/stm32/libopencm3-stm32f407vg-discovery/libopencm3/lib/libopencm3_stm32f1.a(gpio.o)
[...]
Memory Configuration

Name             Origin             Length             Attributes
rom              0x0000000008005000 0x000000000001b000 xr
ram              0x0000000020000c00 0x0000000000004400 xrw
*default*        0x0000000000000000 0xffffffffffffffff

Linker script and memory map

LOAD usart.o
LOAD /home/jshuo/stm32/libopencm3-stm32f407vg-discovery/libopencm3/lib/libopencm3_stm32f1.a
START GROUP
LOAD /usr/bin/../lib/gcc/arm-none-eabi/7.3.1/../../../../arm-none-eabi/lib/thumb/v7-m/libc.a
LOAD /usr/bin/../lib/gcc/arm-none-eabi/7.3.1/thumb/v7-m/libgcc.a
LOAD /usr/bin/../lib/gcc/arm-none-eabi/7.3.1/../../../../arm-none-eabi/lib/thumb/v7-m/libnosys.a
END GROUP
START GROUP
LOAD /usr/bin/../lib/gcc/arm-none-eabi/7.3.1/thumb/v7-m/libgcc.a
LOAD /usr/bin/../lib/gcc/arm-none-eabi/7.3.1/../../../../arm-none-eabi/lib/thumb/v7-m/libg.a
LOAD /usr/bin/../lib/gcc/arm-none-eabi/7.3.1/../../../../arm-none-eabi/lib/thumb/v7-m/libc.a
END GROUP

.text           0x0000000008005000      0x5e8
 *(.vectors)
 .vectors       0x0000000008005000      0x150 /home/jshuo/stm32/libopencm3-stm32f407vg-discovery/libopencm3/lib/libopencm3_stm32f1.a(vector.o)
                0x0000000008005000                vector_table
 *(.text*)
 .text.startup.main
                0x0000000008005150       0xc4 usart.o
                0x0000000008005150                main
 .text.gpio_set_mode
                0x0000000008005214       0x62 /home/jshuo/stm32/libopencm3-stm32f407vg-discovery/libopencm3/lib/libopencm3_stm32f1.a(gpio.o)
                0x0000000008005214                gpio_set_mode
 *fill*         0x0000000008005276        0x2 
 .text.rcc_osc_on.part.1
                0x0000000008005278       0x10 /home/jshuo/stm32/libopencm3-stm32f407vg-discovery/libopencm3/lib/libopencm3_stm32f1.a(rcc.o)
 .text.rcc_is_osc_ready
                0x0000000008005288       0x5c /home/jshuo/stm32/libopencm3-stm32f407vg-discovery/libopencm3/lib/libopencm3_stm32f1.a(rcc.o)
                0x0000000008005288                rcc_is_osc_ready
 .text.rcc_wait_for_osc_ready
                0x00000000080052e4       0x10 /home/jshuo/stm32/libopencm3-stm32f407vg-discovery/libopencm3/lib/libopencm3_stm32f1.a(rcc.o)
                0x00000000080052e4                rcc_wait_for_osc_ready
 .text.rcc_osc_on
                0x00000000080052f4       0x54 /home/jshuo/stm32/libopencm3-stm32f407vg-discovery/libopencm3/lib/libopencm3_stm32f1.a(rcc.o)
                0x00000000080052f4                rcc_osc_on
 .text.rcc_set_sysclk_source
                0x0000000008005348       0x14 /home/jshuo/stm32/libopencm3-stm32f407vg-discovery/libopencm3/lib/libopencm3_stm32f1.a(rcc.o)
                0x0000000008005348                rcc_set_sysclk_source
 .text.rcc_set_pll_multiplication_factor
                0x000000000800535c       0x14 /home/jshuo/stm32/libopencm3-stm32f407vg-discovery/libopencm3/lib/libopencm3_stm32f1.a(rcc.o)
                0x000000000800535c                rcc_set_pll_multiplication_factor
 .text.rcc_set_pll_source
                0x0000000008005370       0x14 /home/jshuo/stm32/libopencm3-stm32f407vg-discovery/libopencm3/lib/libopencm3_stm32f1.a(rcc.o)
                0x0000000008005370                rcc_set_pll_source
 .text.rcc_set_pllxtpre
                0x0000000008005384       0x14 /home/jshuo/stm32/libopencm3-stm32f407vg-discovery/libopencm3/lib/libopencm3_stm32f1.a(rcc.o)
                0x0000000008005384                rcc_set_pllxtpre
 .text.rcc_set_adcpre
                0x0000000008005398       0x14 /home/jshuo/stm32/libopencm3-stm32f407vg-discovery/libopencm3/lib/libopencm3_stm32f1.a(rcc.o)
                0x0000000008005398                rcc_set_adcpre
 .text.rcc_set_ppre2
                0x00000000080053ac       0x14 /home/jshuo/stm32/libopencm3-stm32f407vg-discovery/libopencm3/lib/libopencm3_stm32f1.a(rcc.o)
                0x00000000080053ac                rcc_set_ppre2
 .text.rcc_set_ppre1
                0x00000000080053c0       0x14 /home/jshuo/stm32/libopencm3-stm32f407vg-discovery/libopencm3/lib/libopencm3_stm32f1.a(rcc.o)
                0x00000000080053c0                rcc_set_ppre1
 .text.rcc_set_hpre
                0x00000000080053d4       0x14 /home/jshuo/stm32/libopencm3-stm32f407vg-discovery/libopencm3/lib/libopencm3_stm32f1.a(rcc.o)
                0x00000000080053d4                rcc_set_hpre
 .text.rcc_clock_setup_in_hse_8mhz_out_72mhz
                0x00000000080053e8       0x8c /home/jshuo/stm32/libopencm3-stm32f407vg-discovery/libopencm3/lib/libopencm3_stm32f1.a(rcc.o)
                0x00000000080053e8                rcc_clock_setup_in_hse_8mhz_out_72mhz
 .text.gpio_toggle
                0x0000000008005474       0x12 /home/jshuo/stm32/libopencm3-stm32f407vg-discovery/libopencm3/lib/libopencm3_stm32f1.a(gpio_common_all.o)
                0x0000000008005474                gpio_toggle
 *fill*         0x0000000008005486        0x2 
 .text.usart_set_baudrate
                0x0000000008005488       0x28 /home/jshuo/stm32/libopencm3-stm32f407vg-discovery/libopencm3/lib/libopencm3_stm32f1.a(usart_common_all.o)
                0x0000000008005488                usart_set_baudrate
 .text.usart_set_databits
                0x00000000080054b0       0x12 /home/jshuo/stm32/libopencm3-stm32f407vg-discovery/libopencm3/lib/libopencm3_stm32f1.a(usart_common_all.o)
                0x00000000080054b0                usart_set_databits
 .text.usart_set_stopbits
                0x00000000080054c2        0xc /home/jshuo/stm32/libopencm3-stm32f407vg-discovery/libopencm3/lib/libopencm3_stm32f1.a(usart_common_all.o)
                0x00000000080054c2                usart_set_stopbits
 .text.usart_set_parity
                0x00000000080054ce        0xc /home/jshuo/stm32/libopencm3-stm32f407vg-discovery/libopencm3/lib/libopencm3_stm32f1.a(usart_common_all.o)
                0x00000000080054ce                usart_set_parity
 .text.usart_set_mode
                0x00000000080054da        0xc /home/jshuo/stm32/libopencm3-stm32f407vg-discovery/libopencm3/lib/libopencm3_stm32f1.a(usart_common_all.o)
                0x00000000080054da                usart_set_mode
 .text.usart_set_flow_control
                0x00000000080054e6        0xc /home/jshuo/stm32/libopencm3-stm32f407vg-discovery/libopencm3/lib/libopencm3_stm32f1.a(usart_common_all.o)
                0x00000000080054e6                usart_set_flow_control
 .text.usart_enable
                0x00000000080054f2        0xa /home/jshuo/stm32/libopencm3-stm32f407vg-discovery/libopencm3/lib/libopencm3_stm32f1.a(usart_common_all.o)
                0x00000000080054f2                usart_enable
 .text.usart_send_blocking
                0x00000000080054fc       0x16 /home/jshuo/stm32/libopencm3-stm32f407vg-discovery/libopencm3/lib/libopencm3_stm32f1.a(usart_common_all.o)
                0x00000000080054fc                usart_send_blocking
 .text.usart_send
                0x0000000008005512        0x8 /home/jshuo/stm32/libopencm3-stm32f407vg-discovery/libopencm3/lib/libopencm3_stm32f1.a(usart_common_f124.o)
                0x0000000008005512                usart_send
 .text.usart_wait_send_ready
                0x000000000800551a        0x8 /home/jshuo/stm32/libopencm3-stm32f407vg-discovery/libopencm3/lib/libopencm3_stm32f1.a(usart_common_f124.o)
                0x000000000800551a                usart_wait_send_ready
 .text.rcc_periph_clock_enable
                0x0000000008005522       0x1a /home/jshuo/stm32/libopencm3-stm32f407vg-discovery/libopencm3/lib/libopencm3_stm32f1.a(rcc_common_all.o)
                0x0000000008005522                rcc_periph_clock_enable
 .text.flash_set_ws
                0x000000000800553c       0x14 /home/jshuo/stm32/libopencm3-stm32f407vg-discovery/libopencm3/lib/libopencm3_stm32f1.a(flash_common_all.o)
                0x000000000800553c                flash_set_ws
 .text.blocking_handler
                0x0000000008005550        0x2 /home/jshuo/stm32/libopencm3-stm32f407vg-discovery/libopencm3/lib/libopencm3_stm32f1.a(vector.o)
                0x0000000008005550                usart3_isr
                0x0000000008005550                rtc_isr
                0x0000000008005550                tim7_isr
                0x0000000008005550                adc1_2_isr
                0x0000000008005550                tim1_trg_com_isr
                0x0000000008005550                usb_hp_can_tx_isr
                0x0000000008005550                tim6_isr
                0x0000000008005550                usb_wakeup_isr
                0x0000000008005550                blocking_handler
                0x0000000008005550                tim5_isr
                0x0000000008005550                otg_fs_isr
                0x0000000008005550                spi1_isr
                0x0000000008005550                exti2_isr
                0x0000000008005550                dma1_channel6_isr
                0x0000000008005550                can_rx1_isr
                0x0000000008005550                dma1_channel5_isr
                0x0000000008005550                dma2_channel5_isr
                0x0000000008005550                usart1_isr
                0x0000000008005550                usage_fault_handler
                0x0000000008005550                tim8_trg_com_isr
                0x0000000008005550                can2_rx0_isr
                0x0000000008005550                tim1_brk_isr
                0x0000000008005550                can2_rx1_isr
                0x0000000008005550                tim1_cc_isr
                0x0000000008005550                sdio_isr
                0x0000000008005550                eth_isr
                0x0000000008005550                dma1_channel4_isr
                0x0000000008005550                tim8_brk_isr
                0x0000000008005550                dma2_channel4_5_isr
                0x0000000008005550                pvd_isr
                0x0000000008005550                rcc_isr
                0x0000000008005550                flash_isr
                0x0000000008005550                uart4_isr
                0x0000000008005550                rtc_alarm_isr
                0x0000000008005550                exti15_10_isr
                0x0000000008005550                hard_fault_handler
                0x0000000008005550                exti1_isr
                0x0000000008005550                i2c1_ev_isr
                0x0000000008005550                dma2_channel1_isr
                0x0000000008005550                spi2_isr
                0x0000000008005550                tim8_up_isr
                0x0000000008005550                dma2_channel2_isr
                0x0000000008005550                exti3_isr
                0x0000000008005550                adc3_isr
                0x0000000008005550                tim3_isr
                0x0000000008005550                usart2_isr
                0x0000000008005550                usb_lp_can_rx0_isr
                0x0000000008005550                i2c2_er_isr
                0x0000000008005550                i2c2_ev_isr
                0x0000000008005550                uart5_isr
                0x0000000008005550                fsmc_isr
                0x0000000008005550                dma1_channel1_isr
                0x0000000008005550                exti4_isr
                0x0000000008005550                mem_manage_handler
                0x0000000008005550                can2_tx_isr
                0x0000000008005550                exti9_5_isr
                0x0000000008005550                dma2_channel3_isr
                0x0000000008005550                dma1_channel7_isr
                0x0000000008005550                tim1_up_isr
                0x0000000008005550                can2_sce_isr
                0x0000000008005550                tim4_isr
                0x0000000008005550                dma1_channel2_isr
                0x0000000008005550                i2c1_er_isr
                0x0000000008005550                can_sce_isr
                0x0000000008005550                tim8_cc_isr
                0x0000000008005550                tamper_isr
                0x0000000008005550                eth_wkup_isr
                0x0000000008005550                bus_fault_handler
                0x0000000008005550                wwdg_isr
                0x0000000008005550                dma1_channel3_isr
                0x0000000008005550                spi3_isr
                0x0000000008005550                tim2_isr
                0x0000000008005550                exti0_isr
 .text.null_handler
                0x0000000008005552        0x2 /home/jshuo/stm32/libopencm3-stm32f407vg-discovery/libopencm3/lib/libopencm3_stm32f1.a(vector.o)
                0x0000000008005552                null_handler
                0x0000000008005552                sv_call_handler
                0x0000000008005552                pend_sv_handler
                0x0000000008005552                debug_monitor_handler
                0x0000000008005552                sys_tick_handler
                0x0000000008005552                nmi_handler
 .text.reset_handler
                0x0000000008005554       0x94 /home/jshuo/stm32/libopencm3-stm32f407vg-discovery/libopencm3/lib/libopencm3_stm32f1.a(vector.o)
                0x0000000008005554                reset_handler
                0x00000000080055e8                . = ALIGN (0x4)
 *(.rodata*)
                0x00000000080055e8                . = ALIGN (0x4)

.glue_7         0x00000000080055e8        0x0
 .glue_7        0x00000000080055e8        0x0 linker stubs

.glue_7t        0x00000000080055e8        0x0
 .glue_7t       0x00000000080055e8        0x0 linker stubs

.vfp11_veneer   0x00000000080055e8        0x0
 .vfp11_veneer  0x00000000080055e8        0x0 linker stubs

.v4_bx          0x00000000080055e8        0x0
 .v4_bx         0x00000000080055e8        0x0 linker stubs

.iplt           0x00000000080055e8        0x0
 .iplt          0x00000000080055e8        0x0 usart.o

.rel.dyn        0x00000000080055e8        0x0
 .rel.iplt      0x00000000080055e8        0x0 usart.o

.preinit_array  0x00000000080055e8        0x0
                0x00000000080055e8                . = ALIGN (0x4)
                0x00000000080055e8                __preinit_array_start = .
 *(.preinit_array)
                0x00000000080055e8                __preinit_array_end = .

.init_array     0x00000000080055e8        0x0
                0x00000000080055e8                . = ALIGN (0x4)
                0x00000000080055e8                __init_array_start = .
 *(SORT_BY_NAME(.init_array.*))
 *(.init_array)
                0x00000000080055e8                __init_array_end = .

.fini_array     0x00000000080055e8        0x0
                0x00000000080055e8                . = ALIGN (0x4)
                0x00000000080055e8                __fini_array_start = .
 *(.fini_array)
 *(SORT_BY_NAME(.fini_array.*))
                0x00000000080055e8                __fini_array_end = .

.ARM.extab
 *(.ARM.extab*)

.ARM.exidx      0x00000000080055e8        0x0
                0x00000000080055e8                __exidx_start = .
 *(.ARM.exidx*)
                0x00000000080055e8                __exidx_end = .
                0x00000000080055e8                . = ALIGN (0x4)
                0x00000000080055e8                _etext = .

.data           0x0000000020000c00        0xc load address 0x00000000080055e8
                0x0000000020000c00                _data = .
 *(.data*)
 .data.rcc_ahb_frequency
                0x0000000020000c00        0x4 /home/jshuo/stm32/libopencm3-stm32f407vg-discovery/libopencm3/lib/libopencm3_stm32f1.a(rcc.o)
                0x0000000020000c00                rcc_ahb_frequency
 .data.rcc_apb1_frequency
                0x0000000020000c04        0x4 /home/jshuo/stm32/libopencm3-stm32f407vg-discovery/libopencm3/lib/libopencm3_stm32f1.a(rcc.o)
                0x0000000020000c04                rcc_apb1_frequency
 .data.rcc_apb2_frequency
                0x0000000020000c08        0x4 /home/jshuo/stm32/libopencm3-stm32f407vg-discovery/libopencm3/lib/libopencm3_stm32f1.a(rcc.o)
                0x0000000020000c08                rcc_apb2_frequency
                0x0000000020000c0c                . = ALIGN (0x4)
                0x0000000020000c0c                _edata = .
                0x00000000080055e8                _data_loadaddr = LOADADDR (.data)

.igot.plt       0x0000000020000c0c        0x0 load address 0x00000000080055f4
 .igot.plt      0x0000000020000c0c        0x0 usart.o

.bss            0x0000000020000c0c        0x0 load address 0x00000000080055f4
 *(.bss*)
 *(COMMON)
                0x0000000020000c0c                . = ALIGN (0x4)
                0x0000000020000c0c                _ebss = .

/DISCARD/
 *(.eh_frame)
                0x0000000020000c0c                . = ALIGN (0x4)
                0x0000000020000c0c                end = .
                0x0000000020005000                PROVIDE (_stack = (ORIGIN (ram) + LENGTH (ram)))
OUTPUT(usart.elf elf32-littlearm)

.debug_info     0x0000000000000000     0x2a53
 .debug_info    0x0000000000000000      0x509 usart.o
 .debug_info    0x0000000000000509      0x1db /home/jshuo/stm32/libopencm3-stm32f407vg-discovery/libopencm3/lib/libopencm3_stm32f1.a(gpio.o)
 .debug_info    0x00000000000006e4     0x1160 /home/jshuo/stm32/libopencm3-stm32f407vg-discovery/libopencm3/lib/libopencm3_stm32f1.a(rcc.o)
 .debug_info    0x0000000000001844      0x22c /home/jshuo/stm32/libopencm3-stm32f407vg-discovery/libopencm3/lib/libopencm3_stm32f1.a(gpio_common_all.o)
 .debug_info    0x0000000000001a70      0x4c0 /home/jshuo/stm32/libopencm3-stm32f407vg-discovery/libopencm3/lib/libopencm3_stm32f1.a(usart_common_all.o)
 .debug_info    0x0000000000001f30      0x19a /home/jshuo/stm32/libopencm3-stm32f407vg-discovery/libopencm3/lib/libopencm3_stm32f1.a(usart_common_f124.o)
 .debug_info    0x00000000000020ca      0x5f5 /home/jshuo/stm32/libopencm3-stm32f407vg-discovery/libopencm3/lib/libopencm3_stm32f1.a(rcc_common_all.o)
 .debug_info    0x00000000000026bf       0xec /home/jshuo/stm32/libopencm3-stm32f407vg-discovery/libopencm3/lib/libopencm3_stm32f1.a(flash_common_all.o)
 .debug_info    0x00000000000027ab      0x2a8 /home/jshuo/stm32/libopencm3-stm32f407vg-discovery/libopencm3/lib/libopencm3_stm32f1.a(vector.o)

.debug_abbrev   0x0000000000000000      0x9e3
 .debug_abbrev  0x0000000000000000      0x103 usart.o
 .debug_abbrev  0x0000000000000103       0xb7 /home/jshuo/stm32/libopencm3-stm32f407vg-discovery/libopencm3/lib/libopencm3_stm32f1.a(gpio.o)
 .debug_abbrev  0x00000000000001ba      0x285 /home/jshuo/stm32/libopencm3-stm32f407vg-discovery/libopencm3/lib/libopencm3_stm32f1.a(rcc.o)
 .debug_abbrev  0x000000000000043f       0xf4 /home/jshuo/stm32/libopencm3-stm32f407vg-discovery/libopencm3/lib/libopencm3_stm32f1.a(gpio_common_all.o)
 .debug_abbrev  0x0000000000000533      0x10f /home/jshuo/stm32/libopencm3-stm32f407vg-discovery/libopencm3/lib/libopencm3_stm32f1.a(usart_common_all.o)
 .debug_abbrev  0x0000000000000642       0xb7 /home/jshuo/stm32/libopencm3-stm32f407vg-discovery/libopencm3/lib/libopencm3_stm32f1.a(usart_common_f124.o)
 .debug_abbrev  0x00000000000006f9      0x139 /home/jshuo/stm32/libopencm3-stm32f407vg-discovery/libopencm3/lib/libopencm3_stm32f1.a(rcc_common_all.o)
 .debug_abbrev  0x0000000000000832       0x8a /home/jshuo/stm32/libopencm3-stm32f407vg-discovery/libopencm3/lib/libopencm3_stm32f1.a(flash_common_all.o)
 .debug_abbrev  0x00000000000008bc      0x127 /home/jshuo/stm32/libopencm3-stm32f407vg-discovery/libopencm3/lib/libopencm3_stm32f1.a(vector.o)

.debug_loc      0x0000000000000000      0xea1
 .debug_loc     0x0000000000000000       0xa2 usart.o
 .debug_loc     0x00000000000000a2      0x48a /home/jshuo/stm32/libopencm3-stm32f407vg-discovery/libopencm3/lib/libopencm3_stm32f1.a(gpio.o)
 .debug_loc     0x000000000000052c      0x480 /home/jshuo/stm32/libopencm3-stm32f407vg-discovery/libopencm3/lib/libopencm3_stm32f1.a(rcc.o)
 .debug_loc     0x00000000000009ac       0x97 /home/jshuo/stm32/libopencm3-stm32f407vg-discovery/libopencm3/lib/libopencm3_stm32f1.a(gpio_common_all.o)
 .debug_loc     0x0000000000000a43      0x1ca /home/jshuo/stm32/libopencm3-stm32f407vg-discovery/libopencm3/lib/libopencm3_stm32f1.a(usart_common_all.o)
 .debug_loc     0x0000000000000c0d       0x63 /home/jshuo/stm32/libopencm3-stm32f407vg-discovery/libopencm3/lib/libopencm3_stm32f1.a(usart_common_f124.o)
 .debug_loc     0x0000000000000c70      0x108 /home/jshuo/stm32/libopencm3-stm32f407vg-discovery/libopencm3/lib/libopencm3_stm32f1.a(rcc_common_all.o)
 .debug_loc     0x0000000000000d78       0x3f /home/jshuo/stm32/libopencm3-stm32f407vg-discovery/libopencm3/lib/libopencm3_stm32f1.a(flash_common_all.o)
 .debug_loc     0x0000000000000db7       0xea /home/jshuo/stm32/libopencm3-stm32f407vg-discovery/libopencm3/lib/libopencm3_stm32f1.a(vector.o)

.debug_aranges  0x0000000000000000      0x3c8
 .debug_aranges
                0x0000000000000000       0x20 usart.o
 .debug_aranges
                0x0000000000000020       0x38 /home/jshuo/stm32/libopencm3-stm32f407vg-discovery/libopencm3/lib/libopencm3_stm32f1.a(gpio.o)
 .debug_aranges
                0x0000000000000058      0x158 /home/jshuo/stm32/libopencm3-stm32f407vg-discovery/libopencm3/lib/libopencm3_stm32f1.a(rcc.o)
 .debug_aranges
                0x00000000000001b0       0x50 /home/jshuo/stm32/libopencm3-stm32f407vg-discovery/libopencm3/lib/libopencm3_stm32f1.a(gpio_common_all.o)
 .debug_aranges
                0x0000000000000200       0xb8 /home/jshuo/stm32/libopencm3-stm32f407vg-discovery/libopencm3/lib/libopencm3_stm32f1.a(usart_common_all.o)
 .debug_aranges
                0x00000000000002b8       0x40 /home/jshuo/stm32/libopencm3-stm32f407vg-discovery/libopencm3/lib/libopencm3_stm32f1.a(usart_common_f124.o)
 .debug_aranges
                0x00000000000002f8       0x68 /home/jshuo/stm32/libopencm3-stm32f407vg-discovery/libopencm3/lib/libopencm3_stm32f1.a(rcc_common_all.o)
 .debug_aranges
                0x0000000000000360       0x38 /home/jshuo/stm32/libopencm3-stm32f407vg-discovery/libopencm3/lib/libopencm3_stm32f1.a(flash_common_all.o)
 .debug_aranges
                0x0000000000000398       0x30 /home/jshuo/stm32/libopencm3-stm32f407vg-discovery/libopencm3/lib/libopencm3_stm32f1.a(vector.o)

.debug_ranges   0x0000000000000000      0x398
 .debug_ranges  0x0000000000000000       0x10 usart.o
 .debug_ranges  0x0000000000000010       0x28 /home/jshuo/stm32/libopencm3-stm32f407vg-discovery/libopencm3/lib/libopencm3_stm32f1.a(gpio.o)
 .debug_ranges  0x0000000000000038      0x1a8 /home/jshuo/stm32/libopencm3-stm32f407vg-discovery/libopencm3/lib/libopencm3_stm32f1.a(rcc.o)
 .debug_ranges  0x00000000000001e0       0x40 /home/jshuo/stm32/libopencm3-stm32f407vg-discovery/libopencm3/lib/libopencm3_stm32f1.a(gpio_common_all.o)
 .debug_ranges  0x0000000000000220       0xa8 /home/jshuo/stm32/libopencm3-stm32f407vg-discovery/libopencm3/lib/libopencm3_stm32f1.a(usart_common_all.o)
 .debug_ranges  0x00000000000002c8       0x30 /home/jshuo/stm32/libopencm3-stm32f407vg-discovery/libopencm3/lib/libopencm3_stm32f1.a(usart_common_f124.o)
 .debug_ranges  0x00000000000002f8       0x58 /home/jshuo/stm32/libopencm3-stm32f407vg-discovery/libopencm3/lib/libopencm3_stm32f1.a(rcc_common_all.o)
 .debug_ranges  0x0000000000000350       0x28 /home/jshuo/stm32/libopencm3-stm32f407vg-discovery/libopencm3/lib/libopencm3_stm32f1.a(flash_common_all.o)
 .debug_ranges  0x0000000000000378       0x20 /home/jshuo/stm32/libopencm3-stm32f407vg-discovery/libopencm3/lib/libopencm3_stm32f1.a(vector.o)

.debug_macro    0x0000000000000000     0x39e2
 .debug_macro   0x0000000000000000       0xf7 usart.o
 .debug_macro   0x00000000000000f7      0xa4e usart.o
 .debug_macro   0x0000000000000b45       0x22 usart.o
 .debug_macro   0x0000000000000b67       0x56 usart.o
 .debug_macro   0x0000000000000bbd       0x51 usart.o
 .debug_macro   0x0000000000000c0e       0xef usart.o
 .debug_macro   0x0000000000000cfd       0x6a usart.o
 .debug_macro   0x0000000000000d67      0x1df usart.o
 .debug_macro   0x0000000000000f46       0x22 usart.o
 .debug_macro   0x0000000000000f68       0xfa usart.o
 .debug_macro   0x0000000000001062       0x58 usart.o
 .debug_macro   0x00000000000010ba      0x1b4 usart.o
 .debug_macro   0x000000000000126e      0x82c usart.o
 .debug_macro   0x0000000000001a9a       0x76 usart.o
 .debug_macro   0x0000000000001b10      0xdfd usart.o
 .debug_macro   0x000000000000290d       0x94 usart.o
 .debug_macro   0x00000000000029a1      0x29e usart.o
 .debug_macro   0x0000000000002c3f       0xb9 /home/jshuo/stm32/libopencm3-stm32f407vg-discovery/libopencm3/lib/libopencm3_stm32f1.a(gpio.o)
 .debug_macro   0x0000000000002cf8       0xe8 /home/jshuo/stm32/libopencm3-stm32f407vg-discovery/libopencm3/lib/libopencm3_stm32f1.a(rcc.o)
 .debug_macro   0x0000000000002de0       0x16 /home/jshuo/stm32/libopencm3-stm32f407vg-discovery/libopencm3/lib/libopencm3_stm32f1.a(rcc.o)
 .debug_macro   0x0000000000002df6       0xee /home/jshuo/stm32/libopencm3-stm32f407vg-discovery/libopencm3/lib/libopencm3_stm32f1.a(rcc.o)
 .debug_macro   0x0000000000002ee4       0x82 /home/jshuo/stm32/libopencm3-stm32f407vg-discovery/libopencm3/lib/libopencm3_stm32f1.a(rcc.o)
 .debug_macro   0x0000000000002f66       0xb9 /home/jshuo/stm32/libopencm3-stm32f407vg-discovery/libopencm3/lib/libopencm3_stm32f1.a(gpio_common_all.o)
 .debug_macro   0x000000000000301f       0xdb /home/jshuo/stm32/libopencm3-stm32f407vg-discovery/libopencm3/lib/libopencm3_stm32f1.a(usart_common_all.o)
 .debug_macro   0x00000000000030fa       0xdb /home/jshuo/stm32/libopencm3-stm32f407vg-discovery/libopencm3/lib/libopencm3_stm32f1.a(usart_common_f124.o)
 .debug_macro   0x00000000000031d5       0xcf /home/jshuo/stm32/libopencm3-stm32f407vg-discovery/libopencm3/lib/libopencm3_stm32f1.a(rcc_common_all.o)
 .debug_macro   0x00000000000032a4       0xc1 /home/jshuo/stm32/libopencm3-stm32f407vg-discovery/libopencm3/lib/libopencm3_stm32f1.a(flash_common_all.o)
 .debug_macro   0x0000000000003365       0xd0 /home/jshuo/stm32/libopencm3-stm32f407vg-discovery/libopencm3/lib/libopencm3_stm32f1.a(vector.o)
 .debug_macro   0x0000000000003435      0x3a1 /home/jshuo/stm32/libopencm3-stm32f407vg-discovery/libopencm3/lib/libopencm3_stm32f1.a(vector.o)
 .debug_macro   0x00000000000037d6       0x6a /home/jshuo/stm32/libopencm3-stm32f407vg-discovery/libopencm3/lib/libopencm3_stm32f1.a(vector.o)
 .debug_macro   0x0000000000003840      0x1a2 /home/jshuo/stm32/libopencm3-stm32f407vg-discovery/libopencm3/lib/libopencm3_stm32f1.a(vector.o)

.debug_line     0x0000000000000000     0x1e2a
 .debug_line    0x0000000000000000      0x391 usart.o
 .debug_line    0x0000000000000391      0x278 /home/jshuo/stm32/libopencm3-stm32f407vg-discovery/libopencm3/lib/libopencm3_stm32f1.a(gpio.o)
 .debug_line    0x0000000000000609      0x673 /home/jshuo/stm32/libopencm3-stm32f407vg-discovery/libopencm3/lib/libopencm3_stm32f1.a(rcc.o)
 .debug_line    0x0000000000000c7c      0x2af /home/jshuo/stm32/libopencm3-stm32f407vg-discovery/libopencm3/lib/libopencm3_stm32f1.a(gpio_common_all.o)
 .debug_line    0x0000000000000f2b      0x3ea /home/jshuo/stm32/libopencm3-stm32f407vg-discovery/libopencm3/lib/libopencm3_stm32f1.a(usart_common_all.o)
 .debug_line    0x0000000000001315      0x2cc /home/jshuo/stm32/libopencm3-stm32f407vg-discovery/libopencm3/lib/libopencm3_stm32f1.a(usart_common_f124.o)
 .debug_line    0x00000000000015e1      0x2e3 /home/jshuo/stm32/libopencm3-stm32f407vg-discovery/libopencm3/lib/libopencm3_stm32f1.a(rcc_common_all.o)
 .debug_line    0x00000000000018c4      0x2a0 /home/jshuo/stm32/libopencm3-stm32f407vg-discovery/libopencm3/lib/libopencm3_stm32f1.a(flash_common_all.o)
 .debug_line    0x0000000000001b64      0x2c6 /home/jshuo/stm32/libopencm3-stm32f407vg-discovery/libopencm3/lib/libopencm3_stm32f1.a(vector.o)

.debug_str      0x0000000000000000     0xf240
 .debug_str     0x0000000000000000     0xb95a usart.o
                                       0xbac3 (size before relaxing)
 .debug_str     0x000000000000b95a      0x185 /home/jshuo/stm32/libopencm3-stm32f407vg-discovery/libopencm3/lib/libopencm3_stm32f1.a(gpio.o)
                                       0x8430 (size before relaxing)
 .debug_str     0x000000000000badf      0xc8c /home/jshuo/stm32/libopencm3-stm32f407vg-discovery/libopencm3/lib/libopencm3_stm32f1.a(rcc.o)
                                       0x7d3b (size before relaxing)
 .debug_str     0x000000000000c76b       0x6e /home/jshuo/stm32/libopencm3-stm32f407vg-discovery/libopencm3/lib/libopencm3_stm32f1.a(gpio_common_all.o)
                                       0x8424 (size before relaxing)
 .debug_str     0x000000000000c7d9      0x189 /home/jshuo/stm32/libopencm3-stm32f407vg-discovery/libopencm3/lib/libopencm3_stm32f1.a(usart_common_all.o)
                                       0x8210 (size before relaxing)
 .debug_str     0x000000000000c962       0x2d /home/jshuo/stm32/libopencm3-stm32f407vg-discovery/libopencm3/lib/libopencm3_stm32f1.a(usart_common_f124.o)
                                       0x804a (size before relaxing)
 .debug_str     0x000000000000c98f      0x35b /home/jshuo/stm32/libopencm3-stm32f407vg-discovery/libopencm3/lib/libopencm3_stm32f1.a(rcc_common_all.o)
                                       0x7651 (size before relaxing)
 .debug_str     0x000000000000ccea       0x64 /home/jshuo/stm32/libopencm3-stm32f407vg-discovery/libopencm3/lib/libopencm3_stm32f1.a(flash_common_all.o)
                                       0x5414 (size before relaxing)
 .debug_str     0x000000000000cd4e     0x24f2 /home/jshuo/stm32/libopencm3-stm32f407vg-discovery/libopencm3/lib/libopencm3_stm32f1.a(vector.o)
                                       0x6578 (size before relaxing)

.comment        0x0000000000000000       0x7f
 .comment       0x0000000000000000       0x7f usart.o
                                         0x80 (size before relaxing)
 .comment       0x000000000000007f       0x80 /home/jshuo/stm32/libopencm3-stm32f407vg-discovery/libopencm3/lib/libopencm3_stm32f1.a(gpio.o)
 .comment       0x000000000000007f       0x80 /home/jshuo/stm32/libopencm3-stm32f407vg-discovery/libopencm3/lib/libopencm3_stm32f1.a(rcc.o)
 .comment       0x000000000000007f       0x80 /home/jshuo/stm32/libopencm3-stm32f407vg-discovery/libopencm3/lib/libopencm3_stm32f1.a(gpio_common_all.o)
 .comment       0x000000000000007f       0x80 /home/jshuo/stm32/libopencm3-stm32f407vg-discovery/libopencm3/lib/libopencm3_stm32f1.a(usart_common_all.o)
 .comment       0x000000000000007f       0x80 /home/jshuo/stm32/libopencm3-stm32f407vg-discovery/libopencm3/lib/libopencm3_stm32f1.a(usart_common_f124.o)
 .comment       0x000000000000007f       0x80 /home/jshuo/stm32/libopencm3-stm32f407vg-discovery/libopencm3/lib/libopencm3_stm32f1.a(rcc_common_all.o)
 .comment       0x000000000000007f       0x80 /home/jshuo/stm32/libopencm3-stm32f407vg-discovery/libopencm3/lib/libopencm3_stm32f1.a(flash_common_all.o)
 .comment       0x000000000000007f       0x80 /home/jshuo/stm32/libopencm3-stm32f407vg-discovery/libopencm3/lib/libopencm3_stm32f1.a(vector.o)

.ARM.attributes
                0x0000000000000000       0x33
 .ARM.attributes
                0x0000000000000000       0x33 usart.o
 .ARM.attributes
                0x0000000000000033       0x33 /home/jshuo/stm32/libopencm3-stm32f407vg-discovery/libopencm3/lib/libopencm3_stm32f1.a(gpio.o)
 .ARM.attributes
                0x0000000000000066       0x33 /home/jshuo/stm32/libopencm3-stm32f407vg-discovery/libopencm3/lib/libopencm3_stm32f1.a(rcc.o)
 .ARM.attributes
                0x0000000000000099       0x33 /home/jshuo/stm32/libopencm3-stm32f407vg-discovery/libopencm3/lib/libopencm3_stm32f1.a(gpio_common_all.o)
 .ARM.attributes
                0x00000000000000cc       0x33 /home/jshuo/stm32/libopencm3-stm32f407vg-discovery/libopencm3/lib/libopencm3_stm32f1.a(usart_common_all.o)
 .ARM.attributes
                0x00000000000000ff       0x33 /home/jshuo/stm32/libopencm3-stm32f407vg-discovery/libopencm3/lib/libopencm3_stm32f1.a(usart_common_f124.o)
 .ARM.attributes
                0x0000000000000132       0x33 /home/jshuo/stm32/libopencm3-stm32f407vg-discovery/libopencm3/lib/libopencm3_stm32f1.a(rcc_common_all.o)
 .ARM.attributes
                0x0000000000000165       0x33 /home/jshuo/stm32/libopencm3-stm32f407vg-discovery/libopencm3/lib/libopencm3_stm32f1.a(flash_common_all.o)
 .ARM.attributes
                0x0000000000000198       0x33 /home/jshuo/stm32/libopencm3-stm32f407vg-discovery/libopencm3/lib/libopencm3_stm32f1.a(vector.o)

.debug_frame    0x0000000000000000      0x730
 .debug_frame   0x0000000000000000       0x30 usart.o
 .debug_frame   0x0000000000000030       0x64 /home/jshuo/stm32/libopencm3-stm32f407vg-discovery/libopencm3/lib/libopencm3_stm32f1.a(gpio.o)
 .debug_frame   0x0000000000000094      0x2e0 /home/jshuo/stm32/libopencm3-stm32f407vg-discovery/libopencm3/lib/libopencm3_stm32f1.a(rcc.o)
 .debug_frame   0x0000000000000374       0x80 /home/jshuo/stm32/libopencm3-stm32f407vg-discovery/libopencm3/lib/libopencm3_stm32f1.a(gpio_common_all.o)
 .debug_frame   0x00000000000003f4      0x170 /home/jshuo/stm32/libopencm3-stm32f407vg-discovery/libopencm3/lib/libopencm3_stm32f1.a(usart_common_all.o)
 .debug_frame   0x0000000000000564       0x60 /home/jshuo/stm32/libopencm3-stm32f407vg-discovery/libopencm3/lib/libopencm3_stm32f1.a(usart_common_f124.o)
 .debug_frame   0x00000000000005c4       0xd0 /home/jshuo/stm32/libopencm3-stm32f407vg-discovery/libopencm3/lib/libopencm3_stm32f1.a(rcc_common_all.o)
 .debug_frame   0x0000000000000694       0x50 /home/jshuo/stm32/libopencm3-stm32f407vg-discovery/libopencm3/lib/libopencm3_stm32f1.a(flash_common_all.o)
 .debug_frame   0x00000000000006e4       0x4c /home/jshuo/stm32/libopencm3-stm32f407vg-discovery/libopencm3/lib/libopencm3_stm32f1.a(vector.o)

Cross Reference Table

Symbol                                            File
__fini_array_end                                  /home/jshuo/stm32/libopencm3-stm32f407vg-discovery/libopencm3/lib/libopencm3_stm32f1.a(vector.o)
__fini_array_start                                /home/jshuo/stm32/libopencm3-stm32f407vg-discovery/libopencm3/lib/libopencm3_stm32f1.a(vector.o)
__init_array_end                                  /home/jshuo/stm32/libopencm3-stm32f407vg-discovery/libopencm3/lib/libopencm3_stm32f1.a(vector.o)
__init_array_start                                /home/jshuo/stm32/libopencm3-stm32f407vg-discovery/libopencm3/lib/libopencm3_stm32f1.a(vector.o)
__preinit_array_end                               /home/jshuo/stm32/libopencm3-stm32f407vg-discovery/libopencm3/lib/libopencm3_stm32f1.a(vector.o)
__preinit_array_start                             /home/jshuo/stm32/libopencm3-stm32f407vg-discovery/libopencm3/lib/libopencm3_stm32f1.a(vector.o)
_data                                             /home/jshuo/stm32/libopencm3-stm32f407vg-discovery/libopencm3/lib/libopencm3_stm32f1.a(vector.o)
_data_loadaddr                                    /home/jshuo/stm32/libopencm3-stm32f407vg-discovery/libopencm3/lib/libopencm3_stm32f1.a(vector.o)
_ebss                                             /home/jshuo/stm32/libopencm3-stm32f407vg-discovery/libopencm3/lib/libopencm3_stm32f1.a(vector.o)
_edata                                            /home/jshuo/stm32/libopencm3-stm32f407vg-discovery/libopencm3/lib/libopencm3_stm32f1.a(vector.o)
_stack                                            /home/jshuo/stm32/libopencm3-stm32f407vg-discovery/libopencm3/lib/libopencm3_stm32f1.a(vector.o)
adc1_2_isr                                        /home/jshuo/stm32/libopencm3-stm32f407vg-discovery/libopencm3/lib/libopencm3_stm32f1.a(vector.o)
adc3_isr                                          /home/jshuo/stm32/libopencm3-stm32f407vg-discovery/libopencm3/lib/libopencm3_stm32f1.a(vector.o)
blocking_handler                                  /home/jshuo/stm32/libopencm3-stm32f407vg-discovery/libopencm3/lib/libopencm3_stm32f1.a(vector.o)
bus_fault_handler                                 /home/jshuo/stm32/libopencm3-stm32f407vg-discovery/libopencm3/lib/libopencm3_stm32f1.a(vector.o)
can2_rx0_isr                                      /home/jshuo/stm32/libopencm3-stm32f407vg-discovery/libopencm3/lib/libopencm3_stm32f1.a(vector.o)
can2_rx1_isr                                      /home/jshuo/stm32/libopencm3-stm32f407vg-discovery/libopencm3/lib/libopencm3_stm32f1.a(vector.o)
can2_sce_isr                                      /home/jshuo/stm32/libopencm3-stm32f407vg-discovery/libopencm3/lib/libopencm3_stm32f1.a(vector.o)
can2_tx_isr                                       /home/jshuo/stm32/libopencm3-stm32f407vg-discovery/libopencm3/lib/libopencm3_stm32f1.a(vector.o)
can_rx1_isr                                       /home/jshuo/stm32/libopencm3-stm32f407vg-discovery/libopencm3/lib/libopencm3_stm32f1.a(vector.o)
can_sce_isr                                       /home/jshuo/stm32/libopencm3-stm32f407vg-discovery/libopencm3/lib/libopencm3_stm32f1.a(vector.o)
cm3_assert_failed                                 /home/jshuo/stm32/libopencm3-stm32f407vg-discovery/libopencm3/lib/libopencm3_stm32f1.a(assert.o)
                                                  /home/jshuo/stm32/libopencm3-stm32f407vg-discovery/libopencm3/lib/libopencm3_stm32f1.a(rcc.o)
cm3_assert_failed_verbose                         /home/jshuo/stm32/libopencm3-stm32f407vg-discovery/libopencm3/lib/libopencm3_stm32f1.a(assert.o)
debug_monitor_handler                             /home/jshuo/stm32/libopencm3-stm32f407vg-discovery/libopencm3/lib/libopencm3_stm32f1.a(vector.o)
dma1_channel1_isr                                 /home/jshuo/stm32/libopencm3-stm32f407vg-discovery/libopencm3/lib/libopencm3_stm32f1.a(vector.o)
dma1_channel2_isr                                 /home/jshuo/stm32/libopencm3-stm32f407vg-discovery/libopencm3/lib/libopencm3_stm32f1.a(vector.o)
dma1_channel3_isr                                 /home/jshuo/stm32/libopencm3-stm32f407vg-discovery/libopencm3/lib/libopencm3_stm32f1.a(vector.o)
dma1_channel4_isr                                 /home/jshuo/stm32/libopencm3-stm32f407vg-discovery/libopencm3/lib/libopencm3_stm32f1.a(vector.o)
dma1_channel5_isr                                 /home/jshuo/stm32/libopencm3-stm32f407vg-discovery/libopencm3/lib/libopencm3_stm32f1.a(vector.o)
dma1_channel6_isr                                 /home/jshuo/stm32/libopencm3-stm32f407vg-discovery/libopencm3/lib/libopencm3_stm32f1.a(vector.o)
dma1_channel7_isr                                 /home/jshuo/stm32/libopencm3-stm32f407vg-discovery/libopencm3/lib/libopencm3_stm32f1.a(vector.o)
dma2_channel1_isr                                 /home/jshuo/stm32/libopencm3-stm32f407vg-discovery/libopencm3/lib/libopencm3_stm32f1.a(vector.o)
dma2_channel2_isr                                 /home/jshuo/stm32/libopencm3-stm32f407vg-discovery/libopencm3/lib/libopencm3_stm32f1.a(vector.o)
dma2_channel3_isr                                 /home/jshuo/stm32/libopencm3-stm32f407vg-discovery/libopencm3/lib/libopencm3_stm32f1.a(vector.o)
dma2_channel4_5_isr                               /home/jshuo/stm32/libopencm3-stm32f407vg-discovery/libopencm3/lib/libopencm3_stm32f1.a(vector.o)
dma2_channel5_isr                                 /home/jshuo/stm32/libopencm3-stm32f407vg-discovery/libopencm3/lib/libopencm3_stm32f1.a(vector.o)
eth_isr                                           /home/jshuo/stm32/libopencm3-stm32f407vg-discovery/libopencm3/lib/libopencm3_stm32f1.a(vector.o)
eth_wkup_isr                                      /home/jshuo/stm32/libopencm3-stm32f407vg-discovery/libopencm3/lib/libopencm3_stm32f1.a(vector.o)
exti0_isr                                         /home/jshuo/stm32/libopencm3-stm32f407vg-discovery/libopencm3/lib/libopencm3_stm32f1.a(vector.o)
exti15_10_isr                                     /home/jshuo/stm32/libopencm3-stm32f407vg-discovery/libopencm3/lib/libopencm3_stm32f1.a(vector.o)
exti1_isr                                         /home/jshuo/stm32/libopencm3-stm32f407vg-discovery/libopencm3/lib/libopencm3_stm32f1.a(vector.o)
exti2_isr                                         /home/jshuo/stm32/libopencm3-stm32f407vg-discovery/libopencm3/lib/libopencm3_stm32f1.a(vector.o)
exti3_isr                                         /home/jshuo/stm32/libopencm3-stm32f407vg-discovery/libopencm3/lib/libopencm3_stm32f1.a(vector.o)
exti4_isr                                         /home/jshuo/stm32/libopencm3-stm32f407vg-discovery/libopencm3/lib/libopencm3_stm32f1.a(vector.o)
exti9_5_isr                                       /home/jshuo/stm32/libopencm3-stm32f407vg-discovery/libopencm3/lib/libopencm3_stm32f1.a(vector.o)
flash_isr                                         /home/jshuo/stm32/libopencm3-stm32f407vg-discovery/libopencm3/lib/libopencm3_stm32f1.a(vector.o)
flash_prefetch_disable                            /home/jshuo/stm32/libopencm3-stm32f407vg-discovery/libopencm3/lib/libopencm3_stm32f1.a(flash_common_all.o)
flash_prefetch_enable                             /home/jshuo/stm32/libopencm3-stm32f407vg-discovery/libopencm3/lib/libopencm3_stm32f1.a(flash_common_all.o)
flash_set_ws                                      /home/jshuo/stm32/libopencm3-stm32f407vg-discovery/libopencm3/lib/libopencm3_stm32f1.a(flash_common_all.o)
                                                  /home/jshuo/stm32/libopencm3-stm32f407vg-discovery/libopencm3/lib/libopencm3_stm32f1.a(rcc.o)
flash_unlock_option_bytes                         /home/jshuo/stm32/libopencm3-stm32f407vg-discovery/libopencm3/lib/libopencm3_stm32f1.a(flash_common_all.o)
fsmc_isr                                          /home/jshuo/stm32/libopencm3-stm32f407vg-discovery/libopencm3/lib/libopencm3_stm32f1.a(vector.o)
gpio_clear                                        /home/jshuo/stm32/libopencm3-stm32f407vg-discovery/libopencm3/lib/libopencm3_stm32f1.a(gpio_common_all.o)
gpio_get                                          /home/jshuo/stm32/libopencm3-stm32f407vg-discovery/libopencm3/lib/libopencm3_stm32f1.a(gpio_common_all.o)
gpio_port_config_lock                             /home/jshuo/stm32/libopencm3-stm32f407vg-discovery/libopencm3/lib/libopencm3_stm32f1.a(gpio_common_all.o)
gpio_port_read                                    /home/jshuo/stm32/libopencm3-stm32f407vg-discovery/libopencm3/lib/libopencm3_stm32f1.a(gpio_common_all.o)
gpio_port_write                                   /home/jshuo/stm32/libopencm3-stm32f407vg-discovery/libopencm3/lib/libopencm3_stm32f1.a(gpio_common_all.o)
gpio_primary_remap                                /home/jshuo/stm32/libopencm3-stm32f407vg-discovery/libopencm3/lib/libopencm3_stm32f1.a(gpio.o)
gpio_secondary_remap                              /home/jshuo/stm32/libopencm3-stm32f407vg-discovery/libopencm3/lib/libopencm3_stm32f1.a(gpio.o)
gpio_set                                          /home/jshuo/stm32/libopencm3-stm32f407vg-discovery/libopencm3/lib/libopencm3_stm32f1.a(gpio_common_all.o)
gpio_set_eventout                                 /home/jshuo/stm32/libopencm3-stm32f407vg-discovery/libopencm3/lib/libopencm3_stm32f1.a(gpio.o)
gpio_set_mode                                     /home/jshuo/stm32/libopencm3-stm32f407vg-discovery/libopencm3/lib/libopencm3_stm32f1.a(gpio.o)
                                                  usart.o
gpio_toggle                                       /home/jshuo/stm32/libopencm3-stm32f407vg-discovery/libopencm3/lib/libopencm3_stm32f1.a(gpio_common_all.o)
                                                  usart.o
hard_fault_handler                                /home/jshuo/stm32/libopencm3-stm32f407vg-discovery/libopencm3/lib/libopencm3_stm32f1.a(vector.o)
i2c1_er_isr                                       /home/jshuo/stm32/libopencm3-stm32f407vg-discovery/libopencm3/lib/libopencm3_stm32f1.a(vector.o)
i2c1_ev_isr                                       /home/jshuo/stm32/libopencm3-stm32f407vg-discovery/libopencm3/lib/libopencm3_stm32f1.a(vector.o)
i2c2_er_isr                                       /home/jshuo/stm32/libopencm3-stm32f407vg-discovery/libopencm3/lib/libopencm3_stm32f1.a(vector.o)
i2c2_ev_isr                                       /home/jshuo/stm32/libopencm3-stm32f407vg-discovery/libopencm3/lib/libopencm3_stm32f1.a(vector.o)
main                                              usart.o
                                                  /home/jshuo/stm32/libopencm3-stm32f407vg-discovery/libopencm3/lib/libopencm3_stm32f1.a(vector.o)
mem_manage_handler                                /home/jshuo/stm32/libopencm3-stm32f407vg-discovery/libopencm3/lib/libopencm3_stm32f1.a(vector.o)
nmi_handler                                       /home/jshuo/stm32/libopencm3-stm32f407vg-discovery/libopencm3/lib/libopencm3_stm32f1.a(vector.o)
null_handler                                      /home/jshuo/stm32/libopencm3-stm32f407vg-discovery/libopencm3/lib/libopencm3_stm32f1.a(vector.o)
otg_fs_isr                                        /home/jshuo/stm32/libopencm3-stm32f407vg-discovery/libopencm3/lib/libopencm3_stm32f1.a(vector.o)
pend_sv_handler                                   /home/jshuo/stm32/libopencm3-stm32f407vg-discovery/libopencm3/lib/libopencm3_stm32f1.a(vector.o)
pvd_isr                                           /home/jshuo/stm32/libopencm3-stm32f407vg-discovery/libopencm3/lib/libopencm3_stm32f1.a(vector.o)
rcc_ahb_frequency                                 /home/jshuo/stm32/libopencm3-stm32f407vg-discovery/libopencm3/lib/libopencm3_stm32f1.a(rcc.o)
rcc_apb1_frequency                                /home/jshuo/stm32/libopencm3-stm32f407vg-discovery/libopencm3/lib/libopencm3_stm32f1.a(rcc.o)
                                                  /home/jshuo/stm32/libopencm3-stm32f407vg-discovery/libopencm3/lib/libopencm3_stm32f1.a(usart_common_all.o)
rcc_apb2_frequency                                /home/jshuo/stm32/libopencm3-stm32f407vg-discovery/libopencm3/lib/libopencm3_stm32f1.a(rcc.o)
                                                  /home/jshuo/stm32/libopencm3-stm32f407vg-discovery/libopencm3/lib/libopencm3_stm32f1.a(usart_common_all.o)
rcc_backupdomain_reset                            /home/jshuo/stm32/libopencm3-stm32f407vg-discovery/libopencm3/lib/libopencm3_stm32f1.a(rcc.o)
rcc_clock_setup_in_hse_12mhz_out_72mhz            /home/jshuo/stm32/libopencm3-stm32f407vg-discovery/libopencm3/lib/libopencm3_stm32f1.a(rcc.o)
rcc_clock_setup_in_hse_16mhz_out_72mhz            /home/jshuo/stm32/libopencm3-stm32f407vg-discovery/libopencm3/lib/libopencm3_stm32f1.a(rcc.o)
rcc_clock_setup_in_hse_25mhz_out_72mhz            /home/jshuo/stm32/libopencm3-stm32f407vg-discovery/libopencm3/lib/libopencm3_stm32f1.a(rcc.o)
rcc_clock_setup_in_hse_8mhz_out_24mhz             /home/jshuo/stm32/libopencm3-stm32f407vg-discovery/libopencm3/lib/libopencm3_stm32f1.a(rcc.o)
rcc_clock_setup_in_hse_8mhz_out_72mhz             /home/jshuo/stm32/libopencm3-stm32f407vg-discovery/libopencm3/lib/libopencm3_stm32f1.a(rcc.o)
                                                  usart.o
rcc_clock_setup_in_hsi_out_24mhz                  /home/jshuo/stm32/libopencm3-stm32f407vg-discovery/libopencm3/lib/libopencm3_stm32f1.a(rcc.o)
rcc_clock_setup_in_hsi_out_48mhz                  /home/jshuo/stm32/libopencm3-stm32f407vg-discovery/libopencm3/lib/libopencm3_stm32f1.a(rcc.o)
rcc_clock_setup_in_hsi_out_64mhz                  /home/jshuo/stm32/libopencm3-stm32f407vg-discovery/libopencm3/lib/libopencm3_stm32f1.a(rcc.o)
rcc_css_disable                                   /home/jshuo/stm32/libopencm3-stm32f407vg-discovery/libopencm3/lib/libopencm3_stm32f1.a(rcc.o)
rcc_css_enable                                    /home/jshuo/stm32/libopencm3-stm32f407vg-discovery/libopencm3/lib/libopencm3_stm32f1.a(rcc.o)
rcc_css_int_clear                                 /home/jshuo/stm32/libopencm3-stm32f407vg-discovery/libopencm3/lib/libopencm3_stm32f1.a(rcc.o)
rcc_css_int_flag                                  /home/jshuo/stm32/libopencm3-stm32f407vg-discovery/libopencm3/lib/libopencm3_stm32f1.a(rcc.o)
rcc_enable_rtc_clock                              /home/jshuo/stm32/libopencm3-stm32f407vg-discovery/libopencm3/lib/libopencm3_stm32f1.a(rcc.o)
rcc_is_osc_ready                                  /home/jshuo/stm32/libopencm3-stm32f407vg-discovery/libopencm3/lib/libopencm3_stm32f1.a(rcc.o)
rcc_isr                                           /home/jshuo/stm32/libopencm3-stm32f407vg-discovery/libopencm3/lib/libopencm3_stm32f1.a(vector.o)
rcc_osc_bypass_disable                            /home/jshuo/stm32/libopencm3-stm32f407vg-discovery/libopencm3/lib/libopencm3_stm32f1.a(rcc_common_all.o)
rcc_osc_bypass_enable                             /home/jshuo/stm32/libopencm3-stm32f407vg-discovery/libopencm3/lib/libopencm3_stm32f1.a(rcc_common_all.o)
rcc_osc_off                                       /home/jshuo/stm32/libopencm3-stm32f407vg-discovery/libopencm3/lib/libopencm3_stm32f1.a(rcc.o)
rcc_osc_on                                        /home/jshuo/stm32/libopencm3-stm32f407vg-discovery/libopencm3/lib/libopencm3_stm32f1.a(rcc.o)
rcc_osc_ready_int_clear                           /home/jshuo/stm32/libopencm3-stm32f407vg-discovery/libopencm3/lib/libopencm3_stm32f1.a(rcc.o)
rcc_osc_ready_int_disable                         /home/jshuo/stm32/libopencm3-stm32f407vg-discovery/libopencm3/lib/libopencm3_stm32f1.a(rcc.o)
rcc_osc_ready_int_enable                          /home/jshuo/stm32/libopencm3-stm32f407vg-discovery/libopencm3/lib/libopencm3_stm32f1.a(rcc.o)
rcc_osc_ready_int_flag                            /home/jshuo/stm32/libopencm3-stm32f407vg-discovery/libopencm3/lib/libopencm3_stm32f1.a(rcc.o)
rcc_periph_clock_disable                          /home/jshuo/stm32/libopencm3-stm32f407vg-discovery/libopencm3/lib/libopencm3_stm32f1.a(rcc_common_all.o)
rcc_periph_clock_enable                           /home/jshuo/stm32/libopencm3-stm32f407vg-discovery/libopencm3/lib/libopencm3_stm32f1.a(rcc_common_all.o)
                                                  usart.o
rcc_periph_reset_hold                             /home/jshuo/stm32/libopencm3-stm32f407vg-discovery/libopencm3/lib/libopencm3_stm32f1.a(rcc_common_all.o)
rcc_periph_reset_pulse                            /home/jshuo/stm32/libopencm3-stm32f407vg-discovery/libopencm3/lib/libopencm3_stm32f1.a(rcc_common_all.o)
rcc_periph_reset_release                          /home/jshuo/stm32/libopencm3-stm32f407vg-discovery/libopencm3/lib/libopencm3_stm32f1.a(rcc_common_all.o)
rcc_peripheral_clear_reset                        /home/jshuo/stm32/libopencm3-stm32f407vg-discovery/libopencm3/lib/libopencm3_stm32f1.a(rcc_common_all.o)
rcc_peripheral_disable_clock                      /home/jshuo/stm32/libopencm3-stm32f407vg-discovery/libopencm3/lib/libopencm3_stm32f1.a(rcc_common_all.o)
rcc_peripheral_enable_clock                       /home/jshuo/stm32/libopencm3-stm32f407vg-discovery/libopencm3/lib/libopencm3_stm32f1.a(rcc_common_all.o)
rcc_peripheral_reset                              /home/jshuo/stm32/libopencm3-stm32f407vg-discovery/libopencm3/lib/libopencm3_stm32f1.a(rcc_common_all.o)
rcc_rtc_clock_enabled_flag                        /home/jshuo/stm32/libopencm3-stm32f407vg-discovery/libopencm3/lib/libopencm3_stm32f1.a(rcc.o)
rcc_set_adcpre                                    /home/jshuo/stm32/libopencm3-stm32f407vg-discovery/libopencm3/lib/libopencm3_stm32f1.a(rcc.o)
rcc_set_hpre                                      /home/jshuo/stm32/libopencm3-stm32f407vg-discovery/libopencm3/lib/libopencm3_stm32f1.a(rcc.o)
rcc_set_mco                                       /home/jshuo/stm32/libopencm3-stm32f407vg-discovery/libopencm3/lib/libopencm3_stm32f1.a(rcc_common_all.o)
rcc_set_pll2_multiplication_factor                /home/jshuo/stm32/libopencm3-stm32f407vg-discovery/libopencm3/lib/libopencm3_stm32f1.a(rcc.o)
rcc_set_pll3_multiplication_factor                /home/jshuo/stm32/libopencm3-stm32f407vg-discovery/libopencm3/lib/libopencm3_stm32f1.a(rcc.o)
rcc_set_pll_multiplication_factor                 /home/jshuo/stm32/libopencm3-stm32f407vg-discovery/libopencm3/lib/libopencm3_stm32f1.a(rcc.o)
rcc_set_pll_source                                /home/jshuo/stm32/libopencm3-stm32f407vg-discovery/libopencm3/lib/libopencm3_stm32f1.a(rcc.o)
rcc_set_pllxtpre                                  /home/jshuo/stm32/libopencm3-stm32f407vg-discovery/libopencm3/lib/libopencm3_stm32f1.a(rcc.o)
rcc_set_ppre1                                     /home/jshuo/stm32/libopencm3-stm32f407vg-discovery/libopencm3/lib/libopencm3_stm32f1.a(rcc.o)
rcc_set_ppre2                                     /home/jshuo/stm32/libopencm3-stm32f407vg-discovery/libopencm3/lib/libopencm3_stm32f1.a(rcc.o)
rcc_set_prediv1                                   /home/jshuo/stm32/libopencm3-stm32f407vg-discovery/libopencm3/lib/libopencm3_stm32f1.a(rcc.o)
rcc_set_prediv1_source                            /home/jshuo/stm32/libopencm3-stm32f407vg-discovery/libopencm3/lib/libopencm3_stm32f1.a(rcc.o)
rcc_set_prediv2                                   /home/jshuo/stm32/libopencm3-stm32f407vg-discovery/libopencm3/lib/libopencm3_stm32f1.a(rcc.o)
rcc_set_rtc_clock_source                          /home/jshuo/stm32/libopencm3-stm32f407vg-discovery/libopencm3/lib/libopencm3_stm32f1.a(rcc.o)
rcc_set_sysclk_source                             /home/jshuo/stm32/libopencm3-stm32f407vg-discovery/libopencm3/lib/libopencm3_stm32f1.a(rcc.o)
rcc_set_usbpre                                    /home/jshuo/stm32/libopencm3-stm32f407vg-discovery/libopencm3/lib/libopencm3_stm32f1.a(rcc.o)
rcc_system_clock_source                           /home/jshuo/stm32/libopencm3-stm32f407vg-discovery/libopencm3/lib/libopencm3_stm32f1.a(rcc.o)
rcc_wait_for_osc_ready                            /home/jshuo/stm32/libopencm3-stm32f407vg-discovery/libopencm3/lib/libopencm3_stm32f1.a(rcc.o)
reset_handler                                     /home/jshuo/stm32/libopencm3-stm32f407vg-discovery/libopencm3/lib/libopencm3_stm32f1.a(vector.o)
rtc_alarm_isr                                     /home/jshuo/stm32/libopencm3-stm32f407vg-discovery/libopencm3/lib/libopencm3_stm32f1.a(vector.o)
rtc_isr                                           /home/jshuo/stm32/libopencm3-stm32f407vg-discovery/libopencm3/lib/libopencm3_stm32f1.a(vector.o)
sdio_isr                                          /home/jshuo/stm32/libopencm3-stm32f407vg-discovery/libopencm3/lib/libopencm3_stm32f1.a(vector.o)
spi1_isr                                          /home/jshuo/stm32/libopencm3-stm32f407vg-discovery/libopencm3/lib/libopencm3_stm32f1.a(vector.o)
spi2_isr                                          /home/jshuo/stm32/libopencm3-stm32f407vg-discovery/libopencm3/lib/libopencm3_stm32f1.a(vector.o)
spi3_isr                                          /home/jshuo/stm32/libopencm3-stm32f407vg-discovery/libopencm3/lib/libopencm3_stm32f1.a(vector.o)
sv_call_handler                                   /home/jshuo/stm32/libopencm3-stm32f407vg-discovery/libopencm3/lib/libopencm3_stm32f1.a(vector.o)
sys_tick_handler                                  /home/jshuo/stm32/libopencm3-stm32f407vg-discovery/libopencm3/lib/libopencm3_stm32f1.a(vector.o)
tamper_isr                                        /home/jshuo/stm32/libopencm3-stm32f407vg-discovery/libopencm3/lib/libopencm3_stm32f1.a(vector.o)
tim1_brk_isr                                      /home/jshuo/stm32/libopencm3-stm32f407vg-discovery/libopencm3/lib/libopencm3_stm32f1.a(vector.o)
tim1_cc_isr                                       /home/jshuo/stm32/libopencm3-stm32f407vg-discovery/libopencm3/lib/libopencm3_stm32f1.a(vector.o)
tim1_trg_com_isr                                  /home/jshuo/stm32/libopencm3-stm32f407vg-discovery/libopencm3/lib/libopencm3_stm32f1.a(vector.o)
tim1_up_isr                                       /home/jshuo/stm32/libopencm3-stm32f407vg-discovery/libopencm3/lib/libopencm3_stm32f1.a(vector.o)
tim2_isr                                          /home/jshuo/stm32/libopencm3-stm32f407vg-discovery/libopencm3/lib/libopencm3_stm32f1.a(vector.o)
tim3_isr                                          /home/jshuo/stm32/libopencm3-stm32f407vg-discovery/libopencm3/lib/libopencm3_stm32f1.a(vector.o)
tim4_isr                                          /home/jshuo/stm32/libopencm3-stm32f407vg-discovery/libopencm3/lib/libopencm3_stm32f1.a(vector.o)
tim5_isr                                          /home/jshuo/stm32/libopencm3-stm32f407vg-discovery/libopencm3/lib/libopencm3_stm32f1.a(vector.o)
tim6_isr                                          /home/jshuo/stm32/libopencm3-stm32f407vg-discovery/libopencm3/lib/libopencm3_stm32f1.a(vector.o)
tim7_isr                                          /home/jshuo/stm32/libopencm3-stm32f407vg-discovery/libopencm3/lib/libopencm3_stm32f1.a(vector.o)
tim8_brk_isr                                      /home/jshuo/stm32/libopencm3-stm32f407vg-discovery/libopencm3/lib/libopencm3_stm32f1.a(vector.o)
tim8_cc_isr                                       /home/jshuo/stm32/libopencm3-stm32f407vg-discovery/libopencm3/lib/libopencm3_stm32f1.a(vector.o)
tim8_trg_com_isr                                  /home/jshuo/stm32/libopencm3-stm32f407vg-discovery/libopencm3/lib/libopencm3_stm32f1.a(vector.o)
tim8_up_isr                                       /home/jshuo/stm32/libopencm3-stm32f407vg-discovery/libopencm3/lib/libopencm3_stm32f1.a(vector.o)
uart4_isr                                         /home/jshuo/stm32/libopencm3-stm32f407vg-discovery/libopencm3/lib/libopencm3_stm32f1.a(vector.o)
uart5_isr                                         /home/jshuo/stm32/libopencm3-stm32f407vg-discovery/libopencm3/lib/libopencm3_stm32f1.a(vector.o)
usage_fault_handler                               /home/jshuo/stm32/libopencm3-stm32f407vg-discovery/libopencm3/lib/libopencm3_stm32f1.a(vector.o)
usart1_isr                                        /home/jshuo/stm32/libopencm3-stm32f407vg-discovery/libopencm3/lib/libopencm3_stm32f1.a(vector.o)
usart2_isr                                        /home/jshuo/stm32/libopencm3-stm32f407vg-discovery/libopencm3/lib/libopencm3_stm32f1.a(vector.o)
usart3_isr                                        /home/jshuo/stm32/libopencm3-stm32f407vg-discovery/libopencm3/lib/libopencm3_stm32f1.a(vector.o)
usart_disable                                     /home/jshuo/stm32/libopencm3-stm32f407vg-discovery/libopencm3/lib/libopencm3_stm32f1.a(usart_common_all.o)
usart_disable_error_interrupt                     /home/jshuo/stm32/libopencm3-stm32f407vg-discovery/libopencm3/lib/libopencm3_stm32f1.a(usart_common_all.o)
usart_disable_rx_dma                              /home/jshuo/stm32/libopencm3-stm32f407vg-discovery/libopencm3/lib/libopencm3_stm32f1.a(usart_common_all.o)
usart_disable_rx_interrupt                        /home/jshuo/stm32/libopencm3-stm32f407vg-discovery/libopencm3/lib/libopencm3_stm32f1.a(usart_common_all.o)
usart_disable_tx_dma                              /home/jshuo/stm32/libopencm3-stm32f407vg-discovery/libopencm3/lib/libopencm3_stm32f1.a(usart_common_all.o)
usart_disable_tx_interrupt                        /home/jshuo/stm32/libopencm3-stm32f407vg-discovery/libopencm3/lib/libopencm3_stm32f1.a(usart_common_all.o)
usart_enable                                      /home/jshuo/stm32/libopencm3-stm32f407vg-discovery/libopencm3/lib/libopencm3_stm32f1.a(usart_common_all.o)
                                                  usart.o
usart_enable_error_interrupt                      /home/jshuo/stm32/libopencm3-stm32f407vg-discovery/libopencm3/lib/libopencm3_stm32f1.a(usart_common_all.o)
usart_enable_rx_dma                               /home/jshuo/stm32/libopencm3-stm32f407vg-discovery/libopencm3/lib/libopencm3_stm32f1.a(usart_common_all.o)
usart_enable_rx_interrupt                         /home/jshuo/stm32/libopencm3-stm32f407vg-discovery/libopencm3/lib/libopencm3_stm32f1.a(usart_common_all.o)
usart_enable_tx_dma                               /home/jshuo/stm32/libopencm3-stm32f407vg-discovery/libopencm3/lib/libopencm3_stm32f1.a(usart_common_all.o)
usart_enable_tx_interrupt                         /home/jshuo/stm32/libopencm3-stm32f407vg-discovery/libopencm3/lib/libopencm3_stm32f1.a(usart_common_all.o)
usart_get_flag                                    /home/jshuo/stm32/libopencm3-stm32f407vg-discovery/libopencm3/lib/libopencm3_stm32f1.a(usart_common_f124.o)
usart_recv                                        /home/jshuo/stm32/libopencm3-stm32f407vg-discovery/libopencm3/lib/libopencm3_stm32f1.a(usart_common_f124.o)
                                                  /home/jshuo/stm32/libopencm3-stm32f407vg-discovery/libopencm3/lib/libopencm3_stm32f1.a(usart_common_all.o)
usart_recv_blocking                               /home/jshuo/stm32/libopencm3-stm32f407vg-discovery/libopencm3/lib/libopencm3_stm32f1.a(usart_common_all.o)
usart_send                                        /home/jshuo/stm32/libopencm3-stm32f407vg-discovery/libopencm3/lib/libopencm3_stm32f1.a(usart_common_f124.o)
                                                  /home/jshuo/stm32/libopencm3-stm32f407vg-discovery/libopencm3/lib/libopencm3_stm32f1.a(usart_common_all.o)
usart_send_blocking                               /home/jshuo/stm32/libopencm3-stm32f407vg-discovery/libopencm3/lib/libopencm3_stm32f1.a(usart_common_all.o)
                                                  usart.o
usart_set_baudrate                                /home/jshuo/stm32/libopencm3-stm32f407vg-discovery/libopencm3/lib/libopencm3_stm32f1.a(usart_common_all.o)
                                                  usart.o
usart_set_databits                                /home/jshuo/stm32/libopencm3-stm32f407vg-discovery/libopencm3/lib/libopencm3_stm32f1.a(usart_common_all.o)
                                                  usart.o
usart_set_flow_control                            /home/jshuo/stm32/libopencm3-stm32f407vg-discovery/libopencm3/lib/libopencm3_stm32f1.a(usart_common_all.o)
                                                  usart.o
usart_set_mode                                    /home/jshuo/stm32/libopencm3-stm32f407vg-discovery/libopencm3/lib/libopencm3_stm32f1.a(usart_common_all.o)
                                                  usart.o
usart_set_parity                                  /home/jshuo/stm32/libopencm3-stm32f407vg-discovery/libopencm3/lib/libopencm3_stm32f1.a(usart_common_all.o)
                                                  usart.o
usart_set_stopbits                                /home/jshuo/stm32/libopencm3-stm32f407vg-discovery/libopencm3/lib/libopencm3_stm32f1.a(usart_common_all.o)
                                                  usart.o
usart_wait_recv_ready                             /home/jshuo/stm32/libopencm3-stm32f407vg-discovery/libopencm3/lib/libopencm3_stm32f1.a(usart_common_f124.o)
                                                  /home/jshuo/stm32/libopencm3-stm32f407vg-discovery/libopencm3/lib/libopencm3_stm32f1.a(usart_common_all.o)
usart_wait_send_ready                             /home/jshuo/stm32/libopencm3-stm32f407vg-discovery/libopencm3/lib/libopencm3_stm32f1.a(usart_common_f124.o)
                                                  /home/jshuo/stm32/libopencm3-stm32f407vg-discovery/libopencm3/lib/libopencm3_stm32f1.a(usart_common_all.o)
usb_hp_can_tx_isr                                 /home/jshuo/stm32/libopencm3-stm32f407vg-discovery/libopencm3/lib/libopencm3_stm32f1.a(vector.o)
usb_lp_can_rx0_isr                                /home/jshuo/stm32/libopencm3-stm32f407vg-discovery/libopencm3/lib/libopencm3_stm32f1.a(vector.o)
usb_wakeup_isr                                    /home/jshuo/stm32/libopencm3-stm32f407vg-discovery/libopencm3/lib/libopencm3_stm32f1.a(vector.o)
vector_table                                      /home/jshuo/stm32/libopencm3-stm32f407vg-discovery/libopencm3/lib/libopencm3_stm32f1.a(vector.o)
wwdg_isr                                          /home/jshuo/stm32/libopencm3-stm32f407vg-discovery/libopencm3/lib/libopencm3_stm32f1.a(vector.o)
