Archive member included to satisfy reference by file (symbol)

/home/jshuo/stm32/libopencm3-stm32f407vg-discovery/libopencm3/lib/libopencm3_stm32l1.a(rcc.o)
                              main.o (rcc_wait_for_osc_ready)
/home/jshuo/stm32/libopencm3-stm32f407vg-discovery/libopencm3/lib/libopencm3_stm32l1.a(flash_common_all.o)
                              /home/jshuo/stm32/libopencm3-stm32f407vg-discovery/libopencm3/lib/libopencm3_stm32l1.a(rcc.o) (flash_prefetch_enable)
/home/jshuo/stm32/libopencm3-stm32f407vg-discovery/libopencm3/lib/libopencm3_stm32l1.a(gpio_common_all.o)
                              main.o (gpio_set)
/home/jshuo/stm32/libopencm3-stm32f407vg-discovery/libopencm3/lib/libopencm3_stm32l1.a(gpio_common_f0234.o)
                              main.o (gpio_mode_setup)
/home/jshuo/stm32/libopencm3-stm32f407vg-discovery/libopencm3/lib/libopencm3_stm32l1.a(pwr_common_v1.o)
                              main.o (pwr_disable_backup_domain_write_protect)
/home/jshuo/stm32/libopencm3-stm32f407vg-discovery/libopencm3/lib/libopencm3_stm32l1.a(pwr_common_v2.o)
                              /home/jshuo/stm32/libopencm3-stm32f407vg-discovery/libopencm3/lib/libopencm3_stm32l1.a(rcc.o) (pwr_set_vos_scale)
/home/jshuo/stm32/libopencm3-stm32f407vg-discovery/libopencm3/lib/libopencm3_stm32l1.a(rtc_common_l1f024.o)
                              main.o (rtc_set_prescaler)
/home/jshuo/stm32/libopencm3-stm32f407vg-discovery/libopencm3/lib/libopencm3_stm32l1.a(timer_common_all.o)
                              main.o (timer_enable_counter)
/home/jshuo/stm32/libopencm3-stm32f407vg-discovery/libopencm3/lib/libopencm3_stm32l1.a(usart_common_all.o)
                              main.o (usart_set_baudrate)
/home/jshuo/stm32/libopencm3-stm32f407vg-discovery/libopencm3/lib/libopencm3_stm32l1.a(usart_common_f124.o)
                              /home/jshuo/stm32/libopencm3-stm32f407vg-discovery/libopencm3/lib/libopencm3_stm32l1.a(usart_common_all.o) (usart_send)
/home/jshuo/stm32/libopencm3-stm32f407vg-discovery/libopencm3/lib/libopencm3_stm32l1.a(exti_common_all.o)
                              main.o (exti_set_trigger)
/home/jshuo/stm32/libopencm3-stm32f407vg-discovery/libopencm3/lib/libopencm3_stm32l1.a(rcc_common_all.o)
                              main.o (rcc_periph_clock_enable)
/home/jshuo/stm32/libopencm3-stm32f407vg-discovery/libopencm3/lib/libopencm3_stm32l1.a(vector.o)
                              (reset_handler)
/home/jshuo/stm32/libopencm3-stm32f407vg-discovery/libopencm3/lib/libopencm3_stm32l1.a(nvic.o)
                              main.o (nvic_enable_irq)
/home/jshuo/stm32/libopencm3-stm32f407vg-discovery/libopencm3/lib/libopencm3_stm32l1.a(flash.o)
                              /home/jshuo/stm32/libopencm3-stm32f407vg-discovery/libopencm3/lib/libopencm3_stm32l1.a(rcc.o) (flash_64bit_enable)
/usr/bin/../lib/gcc/arm-none-eabi/7.3.1/../../../../arm-none-eabi/lib/thumb/v7-m/libc.a(lib_a-errno.o)
                              main.o (__errno)
/usr/bin/../lib/gcc/arm-none-eabi/7.3.1/../../../../arm-none-eabi/lib/thumb/v7-m/libc.a(lib_a-impure.o)
                              /usr/bin/../lib/gcc/arm-none-eabi/7.3.1/../../../../arm-none-eabi/lib/thumb/v7-m/libc.a(lib_a-errno.o) (_impure_ptr)
/usr/bin/../lib/gcc/arm-none-eabi/7.3.1/../../../../arm-none-eabi/lib/thumb/v7-m/libc.a(lib_a-memset.o)
                              main.o (memset)
/usr/bin/../lib/gcc/arm-none-eabi/7.3.1/../../../../arm-none-eabi/lib/thumb/v7-m/libc.a(lib_a-printf.o)
                              main.o (printf)
/usr/bin/../lib/gcc/arm-none-eabi/7.3.1/../../../../arm-none-eabi/lib/thumb/v7-m/libc.a(lib_a-puts.o)
                              main.o (puts)
/usr/bin/../lib/gcc/arm-none-eabi/7.3.1/../../../../arm-none-eabi/lib/thumb/v7-m/libc.a(lib_a-strlen-stub.o)
                              /usr/bin/../lib/gcc/arm-none-eabi/7.3.1/../../../../arm-none-eabi/lib/thumb/v7-m/libc.a(lib_a-puts.o) (strlen)
/usr/bin/../lib/gcc/arm-none-eabi/7.3.1/../../../../arm-none-eabi/lib/thumb/v7-m/libc.a(lib_a-vfprintf.o)
                              /usr/bin/../lib/gcc/arm-none-eabi/7.3.1/../../../../arm-none-eabi/lib/thumb/v7-m/libc.a(lib_a-printf.o) (_vfprintf_r)
/usr/bin/../lib/gcc/arm-none-eabi/7.3.1/../../../../arm-none-eabi/lib/thumb/v7-m/libc.a(lib_a-wsetup.o)
                              /usr/bin/../lib/gcc/arm-none-eabi/7.3.1/../../../../arm-none-eabi/lib/thumb/v7-m/libc.a(lib_a-vfprintf.o) (__swsetup_r)
/usr/bin/../lib/gcc/arm-none-eabi/7.3.1/../../../../arm-none-eabi/lib/thumb/v7-m/libc.a(lib_a-dtoa.o)
                              /usr/bin/../lib/gcc/arm-none-eabi/7.3.1/../../../../arm-none-eabi/lib/thumb/v7-m/libc.a(lib_a-vfprintf.o) (_dtoa_r)
/usr/bin/../lib/gcc/arm-none-eabi/7.3.1/../../../../arm-none-eabi/lib/thumb/v7-m/libc.a(lib_a-fflush.o)
                              /usr/bin/../lib/gcc/arm-none-eabi/7.3.1/../../../../arm-none-eabi/lib/thumb/v7-m/libc.a(lib_a-vfprintf.o) (_fflush_r)
[...]
Memory Configuration

Name             Origin             Length             Attributes
rom              0x0000000008000000 0x0000000000020000 xr
ram              0x0000000020000000 0x0000000000004000 xrw
eep              0x0000000008080000 0x0000000000001000 r
*default*        0x0000000000000000 0xffffffffffffffff

Linker script and memory map

LOAD main.o
LOAD /home/jshuo/stm32/libopencm3-stm32f407vg-discovery/libopencm3/lib/libopencm3_stm32l1.a
START GROUP
LOAD /usr/bin/../lib/gcc/arm-none-eabi/7.3.1/../../../../arm-none-eabi/lib/thumb/v7-m/libc.a
LOAD /usr/bin/../lib/gcc/arm-none-eabi/7.3.1/thumb/v7-m/libgcc.a
LOAD /usr/bin/../lib/gcc/arm-none-eabi/7.3.1/../../../../arm-none-eabi/lib/thumb/v7-m/libnosys.a
END GROUP
START GROUP
LOAD /usr/bin/../lib/gcc/arm-none-eabi/7.3.1/thumb/v7-m/libgcc.a
LOAD /usr/bin/../lib/gcc/arm-none-eabi/7.3.1/../../../../arm-none-eabi/lib/thumb/v7-m/libg.a
LOAD /usr/bin/../lib/gcc/arm-none-eabi/7.3.1/../../../../arm-none-eabi/lib/thumb/v7-m/libc.a
END GROUP

.text           0x0000000008000000     0x6778
 *(.vectors)
 .vectors       0x0000000008000000      0x124 /home/jshuo/stm32/libopencm3-stm32f407vg-discovery/libopencm3/lib/libopencm3_stm32l1.a(vector.o)
                0x0000000008000000                vector_table
 *(.text*)
 .text.reset_clocks
                0x0000000008000124       0x50 main.o
 .text.exti0_isr
                0x0000000008000174       0x3c main.o
                0x0000000008000174                exti0_isr
 .text._write   0x00000000080001b0       0x50 main.o
                0x00000000080001b0                _write
 .text.rtc_wkup_isr
                0x0000000008000200       0x24 main.o
                0x0000000008000200                rtc_wkup_isr
 .text.startup.main
                0x0000000008000224      0x220 main.o
                0x0000000008000224                main
 .text.rcc_is_osc_ready
                0x0000000008000444       0x4c /home/jshuo/stm32/libopencm3-stm32f407vg-discovery/libopencm3/lib/libopencm3_stm32l1.a(rcc.o)
                0x0000000008000444                rcc_is_osc_ready
 .text.rcc_wait_for_osc_ready
                0x0000000008000490       0x10 /home/jshuo/stm32/libopencm3-stm32f407vg-discovery/libopencm3/lib/libopencm3_stm32l1.a(rcc.o)
                0x0000000008000490                rcc_wait_for_osc_ready
 .text.rcc_osc_on
                0x00000000080004a0       0x48 /home/jshuo/stm32/libopencm3-stm32f407vg-discovery/libopencm3/lib/libopencm3_stm32l1.a(rcc.o)
                0x00000000080004a0                rcc_osc_on
 .text.rcc_set_msi_range
                0x00000000080004e8       0x14 /home/jshuo/stm32/libopencm3-stm32f407vg-discovery/libopencm3/lib/libopencm3_stm32l1.a(rcc.o)
                0x00000000080004e8                rcc_set_msi_range
 .text.rcc_set_sysclk_source
                0x00000000080004fc       0x14 /home/jshuo/stm32/libopencm3-stm32f407vg-discovery/libopencm3/lib/libopencm3_stm32l1.a(rcc.o)
                0x00000000080004fc                rcc_set_sysclk_source
 .text.rcc_set_ppre2
                0x0000000008000510       0x14 /home/jshuo/stm32/libopencm3-stm32f407vg-discovery/libopencm3/lib/libopencm3_stm32l1.a(rcc.o)
                0x0000000008000510                rcc_set_ppre2
 .text.rcc_set_ppre1
                0x0000000008000524       0x14 /home/jshuo/stm32/libopencm3-stm32f407vg-discovery/libopencm3/lib/libopencm3_stm32l1.a(rcc.o)
                0x0000000008000524                rcc_set_ppre1
 .text.rcc_set_hpre
                0x0000000008000538       0x14 /home/jshuo/stm32/libopencm3-stm32f407vg-discovery/libopencm3/lib/libopencm3_stm32l1.a(rcc.o)
                0x0000000008000538                rcc_set_hpre
 .text.rcc_rtc_select_clock
                0x000000000800054c       0x18 /home/jshuo/stm32/libopencm3-stm32f407vg-discovery/libopencm3/lib/libopencm3_stm32l1.a(rcc.o)
                0x000000000800054c                rcc_rtc_select_clock
 .text.rcc_clock_setup_msi
                0x0000000008000564       0x6c /home/jshuo/stm32/libopencm3-stm32f407vg-discovery/libopencm3/lib/libopencm3_stm32l1.a(rcc.o)
                0x0000000008000564                rcc_clock_setup_msi
 .text.flash_prefetch_enable
                0x00000000080005d0       0x10 /home/jshuo/stm32/libopencm3-stm32f407vg-discovery/libopencm3/lib/libopencm3_stm32l1.a(flash_common_all.o)
                0x00000000080005d0                flash_prefetch_enable
 .text.flash_set_ws
                0x00000000080005e0       0x14 /home/jshuo/stm32/libopencm3-stm32f407vg-discovery/libopencm3/lib/libopencm3_stm32l1.a(flash_common_all.o)
                0x00000000080005e0                flash_set_ws
 .text.gpio_set
                0x00000000080005f4        0x4 /home/jshuo/stm32/libopencm3-stm32f407vg-discovery/libopencm3/lib/libopencm3_stm32l1.a(gpio_common_all.o)
                0x00000000080005f4                gpio_set
 .text.gpio_clear
                0x00000000080005f8        0x6 /home/jshuo/stm32/libopencm3-stm32f407vg-discovery/libopencm3/lib/libopencm3_stm32l1.a(gpio_common_all.o)
                0x00000000080005f8                gpio_clear
 .text.gpio_mode_setup
                0x00000000080005fe       0x44 /home/jshuo/stm32/libopencm3-stm32f407vg-discovery/libopencm3/lib/libopencm3_stm32l1.a(gpio_common_f0234.o)
                0x00000000080005fe                gpio_mode_setup
 .text.gpio_set_af
                0x0000000008000642       0x58 /home/jshuo/stm32/libopencm3-stm32f407vg-discovery/libopencm3/lib/libopencm3_stm32l1.a(gpio_common_f0234.o)
                0x0000000008000642                gpio_set_af
 *fill*         0x000000000800069a        0x2 
 .text.pwr_disable_backup_domain_write_protect
                0x000000000800069c       0x10 /home/jshuo/stm32/libopencm3-stm32f407vg-discovery/libopencm3/lib/libopencm3_stm32l1.a(pwr_common_v1.o)
                0x000000000800069c                pwr_disable_backup_domain_write_protect
 .text.pwr_set_stop_mode
                0x00000000080006ac       0x10 /home/jshuo/stm32/libopencm3-stm32f407vg-discovery/libopencm3/lib/libopencm3_stm32l1.a(pwr_common_v1.o)
                0x00000000080006ac                pwr_set_stop_mode
 .text.pwr_set_vos_scale
                0x00000000080006bc       0x2c /home/jshuo/stm32/libopencm3-stm32f407vg-discovery/libopencm3/lib/libopencm3_stm32l1.a(pwr_common_v2.o)
                0x00000000080006bc                pwr_set_vos_scale
 .text.rtc_set_prescaler
                0x00000000080006e8       0x18 /home/jshuo/stm32/libopencm3-stm32f407vg-discovery/libopencm3/lib/libopencm3_stm32l1.a(rtc_common_l1f024.o)
                0x00000000080006e8                rtc_set_prescaler
 .text.rtc_wait_for_synchro
                0x0000000008000700       0x28 /home/jshuo/stm32/libopencm3-stm32f407vg-discovery/libopencm3/lib/libopencm3_stm32l1.a(rtc_common_l1f024.o)
                0x0000000008000700                rtc_wait_for_synchro
 .text.rtc_unlock
                0x0000000008000728       0x10 /home/jshuo/stm32/libopencm3-stm32f407vg-discovery/libopencm3/lib/libopencm3_stm32l1.a(rtc_common_l1f024.o)
                0x0000000008000728                rtc_unlock
 .text.rtc_lock
                0x0000000008000738        0xc /home/jshuo/stm32/libopencm3-stm32f407vg-discovery/libopencm3/lib/libopencm3_stm32l1.a(rtc_common_l1f024.o)
                0x0000000008000738                rtc_lock
 .text.timer_enable_counter
                0x0000000008000744        0xa /home/jshuo/stm32/libopencm3-stm32f407vg-discovery/libopencm3/lib/libopencm3_stm32l1.a(timer_common_all.o)
                0x0000000008000744                timer_enable_counter
 .text.timer_set_prescaler
                0x000000000800074e        0x4 /home/jshuo/stm32/libopencm3-stm32f407vg-discovery/libopencm3/lib/libopencm3_stm32l1.a(timer_common_all.o)
                0x000000000800074e                timer_set_prescaler
 .text.timer_set_period
                0x0000000008000752        0x4 /home/jshuo/stm32/libopencm3-stm32f407vg-discovery/libopencm3/lib/libopencm3_stm32l1.a(timer_common_all.o)
                0x0000000008000752                timer_set_period
 *fill*         0x0000000008000756        0x2 
 .text.usart_set_baudrate
                0x0000000008000758       0x28 /home/jshuo/stm32/libopencm3-stm32f407vg-discovery/libopencm3/lib/libopencm3_stm32l1.a(usart_common_all.o)
                0x0000000008000758                usart_set_baudrate
 .text.usart_set_databits
                0x0000000008000780       0x12 /home/jshuo/stm32/libopencm3-stm32f407vg-discovery/libopencm3/lib/libopencm3_stm32l1.a(usart_common_all.o)
                0x0000000008000780                usart_set_databits
 .text.usart_set_stopbits
                0x0000000008000792        0xc /home/jshuo/stm32/libopencm3-stm32f407vg-discovery/libopencm3/lib/libopencm3_stm32l1.a(usart_common_all.o)
                0x0000000008000792                usart_set_stopbits
 .text.usart_set_parity
                0x000000000800079e        0xc /home/jshuo/stm32/libopencm3-stm32f407vg-discovery/libopencm3/lib/libopencm3_stm32l1.a(usart_common_all.o)
                0x000000000800079e                usart_set_parity
 .text.usart_set_mode
                0x00000000080007aa        0xc /home/jshuo/stm32/libopencm3-stm32f407vg-discovery/libopencm3/lib/libopencm3_stm32l1.a(usart_common_all.o)
                0x00000000080007aa                usart_set_mode
 .text.usart_set_flow_control
                0x00000000080007b6        0xc /home/jshuo/stm32/libopencm3-stm32f407vg-discovery/libopencm3/lib/libopencm3_stm32l1.a(usart_common_all.o)
                0x00000000080007b6                usart_set_flow_control
 .text.usart_enable
                0x00000000080007c2        0xa /home/jshuo/stm32/libopencm3-stm32f407vg-discovery/libopencm3/lib/libopencm3_stm32l1.a(usart_common_all.o)
                0x00000000080007c2                usart_enable
 .text.usart_send_blocking
                0x00000000080007cc       0x16 /home/jshuo/stm32/libopencm3-stm32f407vg-discovery/libopencm3/lib/libopencm3_stm32l1.a(usart_common_all.o)
                0x00000000080007cc                usart_send_blocking
 .text.usart_send
                0x00000000080007e2        0x8 /home/jshuo/stm32/libopencm3-stm32f407vg-discovery/libopencm3/lib/libopencm3_stm32l1.a(usart_common_f124.o)
                0x00000000080007e2                usart_send
 .text.usart_wait_send_ready
                0x00000000080007ea        0x8 /home/jshuo/stm32/libopencm3-stm32f407vg-discovery/libopencm3/lib/libopencm3_stm32l1.a(usart_common_f124.o)
                0x00000000080007ea                usart_wait_send_ready
 *fill*         0x00000000080007f2        0x2 
 .text.exti_set_trigger
                0x00000000080007f4       0x3c /home/jshuo/stm32/libopencm3-stm32f407vg-discovery/libopencm3/lib/libopencm3_stm32l1.a(exti_common_all.o)
                0x00000000080007f4                exti_set_trigger
 .text.exti_enable_request
                0x0000000008000830       0x14 /home/jshuo/stm32/libopencm3-stm32f407vg-discovery/libopencm3/lib/libopencm3_stm32l1.a(exti_common_all.o)
                0x0000000008000830                exti_enable_request
 .text.exti_reset_request
                0x0000000008000844        0xc /home/jshuo/stm32/libopencm3-stm32f407vg-discovery/libopencm3/lib/libopencm3_stm32l1.a(exti_common_all.o)
                0x0000000008000844                exti_reset_request
 .text.exti_select_source
                0x0000000008000850       0x94 /home/jshuo/stm32/libopencm3-stm32f407vg-discovery/libopencm3/lib/libopencm3_stm32l1.a(exti_common_all.o)
                0x0000000008000850                exti_select_source
 .text.rcc_periph_clock_enable
                0x00000000080008e4       0x1a /home/jshuo/stm32/libopencm3-stm32f407vg-discovery/libopencm3/lib/libopencm3_stm32l1.a(rcc_common_all.o)
                0x00000000080008e4                rcc_periph_clock_enable
 .text.rcc_periph_reset_pulse
                0x00000000080008fe       0x22 /home/jshuo/stm32/libopencm3-stm32f407vg-discovery/libopencm3/lib/libopencm3_stm32l1.a(rcc_common_all.o)
                0x00000000080008fe                rcc_periph_reset_pulse
 .text.blocking_handler
                0x0000000008000920        0x2 /home/jshuo/stm32/libopencm3-stm32f407vg-discovery/libopencm3/lib/libopencm3_stm32l1.a(vector.o)
                0x0000000008000920                usb_lp_isr
                0x0000000008000920                usb_hp_isr
                0x0000000008000920                usart3_isr
                0x0000000008000920                tim7_isr
                0x0000000008000920                tim6_isr
                0x0000000008000920                blocking_handler
                0x0000000008000920                tim5_isr
                0x0000000008000920                spi1_isr
                0x0000000008000920                exti2_isr
                0x0000000008000920                dma1_channel6_isr
                0x0000000008000920                dma1_channel5_isr
                0x0000000008000920                dma2_ch3_isr
                0x0000000008000920                usart1_isr
                0x0000000008000920                dac_isr
                0x0000000008000920                usage_fault_handler
                0x0000000008000920                tamper_stamp_isr
                0x0000000008000920                dma2_ch1_isr
                0x0000000008000920                sdio_isr
                0x0000000008000920                dma1_channel4_isr
                0x0000000008000920                pvd_isr
                0x0000000008000920                usb_fs_wakeup_isr
                0x0000000008000920                rcc_isr
                0x0000000008000920                flash_isr
                0x0000000008000920                uart4_isr
                0x0000000008000920                rtc_alarm_isr
                0x0000000008000920                exti15_10_isr
                0x0000000008000920                hard_fault_handler
                0x0000000008000920                exti1_isr
                0x0000000008000920                i2c1_ev_isr
                0x0000000008000920                spi2_isr
                0x0000000008000920                aes_isr
                0x0000000008000920                comp_acq_isr
                0x0000000008000920                exti3_isr
                0x0000000008000920                tim3_isr
                0x0000000008000920                usart2_isr
                0x0000000008000920                i2c2_er_isr
                0x0000000008000920                i2c2_ev_isr
                0x0000000008000920                uart5_isr
                0x0000000008000920                dma1_channel1_isr
                0x0000000008000920                exti4_isr
                0x0000000008000920                dma2_ch5_isr
                0x0000000008000920                comp_isr
                0x0000000008000920                mem_manage_handler
                0x0000000008000920                lcd_isr
                0x0000000008000920                exti9_5_isr
                0x0000000008000920                dma2_ch4_isr
                0x0000000008000920                dma1_channel7_isr
                0x0000000008000920                tim10_isr
                0x0000000008000920                dma2_ch2_isr
                0x0000000008000920                tim4_isr
                0x0000000008000920                dma1_channel2_isr
                0x0000000008000920                adc1_isr
                0x0000000008000920                i2c1_er_isr
                0x0000000008000920                tim9_isr
                0x0000000008000920                tim11_isr
                0x0000000008000920                bus_fault_handler
                0x0000000008000920                wwdg_isr
                0x0000000008000920                dma1_channel3_isr
                0x0000000008000920                spi3_isr
                0x0000000008000920                tim2_isr
 .text.null_handler
                0x0000000008000922        0x2 /home/jshuo/stm32/libopencm3-stm32f407vg-discovery/libopencm3/lib/libopencm3_stm32l1.a(vector.o)
                0x0000000008000922                null_handler
                0x0000000008000922                sv_call_handler
                0x0000000008000922                pend_sv_handler
                0x0000000008000922                debug_monitor_handler
                0x0000000008000922                sys_tick_handler
                0x0000000008000922                nmi_handler
 .text.reset_handler
                0x0000000008000924       0x94 /home/jshuo/stm32/libopencm3-stm32f407vg-discovery/libopencm3/lib/libopencm3_stm32l1.a(vector.o)
                0x0000000008000924                reset_handler
 .text.nvic_enable_irq
                0x00000000080009b8       0x1a /home/jshuo/stm32/libopencm3-stm32f407vg-discovery/libopencm3/lib/libopencm3_stm32l1.a(nvic.o)
                0x00000000080009b8                nvic_enable_irq
 *fill*         0x00000000080009d2        0x2 
 .text.flash_64bit_enable
                0x00000000080009d4       0x10 /home/jshuo/stm32/libopencm3-stm32f407vg-discovery/libopencm3/lib/libopencm3_stm32l1.a(flash.o)
                0x00000000080009d4                flash_64bit_enable
 .text.__errno  0x00000000080009e4        0xc /usr/bin/../lib/gcc/arm-none-eabi/7.3.1/../../../../arm-none-eabi/lib/thumb/v7-m/libc.a(lib_a-errno.o)
                0x00000000080009e4                __errno
 .text.memset   0x00000000080009f0       0x94 /usr/bin/../lib/gcc/arm-none-eabi/7.3.1/../../../../arm-none-eabi/lib/thumb/v7-m/libc.a(lib_a-memset.o)
                0x00000000080009f0                memset
 .text.printf   0x0000000008000a84       0x28 /usr/bin/../lib/gcc/arm-none-eabi/7.3.1/../../../../arm-none-eabi/lib/thumb/v7-m/libc.a(lib_a-printf.o)
                0x0000000008000a84                printf
 .text._puts_r  0x0000000008000aac       0x9c /usr/bin/../lib/gcc/arm-none-eabi/7.3.1/../../../../arm-none-eabi/lib/thumb/v7-m/libc.a(lib_a-puts.o)
                0x0000000008000aac                _puts_r
 .text.puts     0x0000000008000b48       0x10 /usr/bin/../lib/gcc/arm-none-eabi/7.3.1/../../../../arm-none-eabi/lib/thumb/v7-m/libc.a(lib_a-puts.o)
                0x0000000008000b48                puts
 .text.strlen   0x0000000008000b58       0x5c /usr/bin/../lib/gcc/arm-none-eabi/7.3.1/../../../../arm-none-eabi/lib/thumb/v7-m/libc.a(lib_a-strlen-stub.o)
                0x0000000008000b58                strlen
 .text._vfprintf_r
                0x0000000008000bb4     0x1ac0 /usr/bin/../lib/gcc/arm-none-eabi/7.3.1/../../../../arm-none-eabi/lib/thumb/v7-m/libc.a(lib_a-vfprintf.o)
                0x0000000008000bb4                _vfprintf_r
 .text.__sbprintf
                0x0000000008002674       0x88 /usr/bin/../lib/gcc/arm-none-eabi/7.3.1/../../../../arm-none-eabi/lib/thumb/v7-m/libc.a(lib_a-vfprintf.o)
 .text.__swsetup_r
                0x00000000080026fc       0xcc /usr/bin/../lib/gcc/arm-none-eabi/7.3.1/../../../../arm-none-eabi/lib/thumb/v7-m/libc.a(lib_a-wsetup.o)
                0x00000000080026fc                __swsetup_r
 .text.quorem   0x00000000080027c8      0x124 /usr/bin/../lib/gcc/arm-none-eabi/7.3.1/../../../../arm-none-eabi/lib/thumb/v7-m/libc.a(lib_a-dtoa.o)
 *fill*         0x00000000080028ec        0x4 
 .text._dtoa_r  0x00000000080028f0      0xe30 /usr/bin/../lib/gcc/arm-none-eabi/7.3.1/../../../../arm-none-eabi/lib/thumb/v7-m/libc.a(lib_a-dtoa.o)
                0x00000000080028f0                _dtoa_r
 .text.__sflush_r
                0x0000000008003720      0x154 /usr/bin/../lib/gcc/arm-none-eabi/7.3.1/../../../../arm-none-eabi/lib/thumb/v7-m/libc.a(lib_a-fflush.o)
                0x0000000008003720                __sflush_r
 .text._fflush_r
                0x0000000008003874       0x5c /usr/bin/../lib/gcc/arm-none-eabi/7.3.1/../../../../arm-none-eabi/lib/thumb/v7-m/libc.a(lib_a-fflush.o)
                0x0000000008003874                _fflush_r
 .text.std      0x00000000080038d0       0x50 /usr/bin/../lib/gcc/arm-none-eabi/7.3.1/../../../../arm-none-eabi/lib/thumb/v7-m/libc.a(lib_a-findfp.o)
 .text._cleanup_r
                0x0000000008003920        0xc /usr/bin/../lib/gcc/arm-none-eabi/7.3.1/../../../../arm-none-eabi/lib/thumb/v7-m/libc.a(lib_a-findfp.o)
                0x0000000008003920                _cleanup_r
 .text.__sinit  0x000000000800392c       0x60 /usr/bin/../lib/gcc/arm-none-eabi/7.3.1/../../../../arm-none-eabi/lib/thumb/v7-m/libc.a(lib_a-findfp.o)
                0x000000000800392c                __sinit
 .text.__sfp_lock_acquire
                0x000000000800398c        0xc /usr/bin/../lib/gcc/arm-none-eabi/7.3.1/../../../../arm-none-eabi/lib/thumb/v7-m/libc.a(lib_a-findfp.o)
                0x000000000800398c                __sfp_lock_acquire
 .text.__sfp_lock_release
                0x0000000008003998        0xc /usr/bin/../lib/gcc/arm-none-eabi/7.3.1/../../../../arm-none-eabi/lib/thumb/v7-m/libc.a(lib_a-findfp.o)
                0x0000000008003998                __sfp_lock_release
 .text._malloc_trim_r
                0x00000000080039a4       0xa0 /usr/bin/../lib/gcc/arm-none-eabi/7.3.1/../../../../arm-none-eabi/lib/thumb/v7-m/libc.a(lib_a-freer.o)
                0x00000000080039a4                _malloc_trim_r
 .text._free_r  0x0000000008003a44      0x1e8 /usr/bin/../lib/gcc/arm-none-eabi/7.3.1/../../../../arm-none-eabi/lib/thumb/v7-m/libc.a(lib_a-freer.o)
                0x0000000008003a44                _free_r
 .text.__sfvwrite_r
                0x0000000008003c2c      0x2f4 /usr/bin/../lib/gcc/arm-none-eabi/7.3.1/../../../../arm-none-eabi/lib/thumb/v7-m/libc.a(lib_a-fvwrite.o)
                0x0000000008003c2c                __sfvwrite_r
 .text._fwalk_reent
                0x0000000008003f20       0x50 /usr/bin/../lib/gcc/arm-none-eabi/7.3.1/../../../../arm-none-eabi/lib/thumb/v7-m/libc.a(lib_a-fwalk.o)
                0x0000000008003f20                _fwalk_reent
 .text._localeconv_r
                0x0000000008003f70       0x1c /usr/bin/../lib/gcc/arm-none-eabi/7.3.1/../../../../arm-none-eabi/lib/thumb/v7-m/libc.a(lib_a-localeconv.o)
                0x0000000008003f70                _localeconv_r
 .text.__retarget_lock_init_recursive
                0x0000000008003f8c        0x4 /usr/bin/../lib/gcc/arm-none-eabi/7.3.1/../../../../arm-none-eabi/lib/thumb/v7-m/libc.a(lib_a-lock.o)
                0x0000000008003f8c                __retarget_lock_init_recursive
 .text.__retarget_lock_close_recursive
                0x0000000008003f90        0x4 /usr/bin/../lib/gcc/arm-none-eabi/7.3.1/../../../../arm-none-eabi/lib/thumb/v7-m/libc.a(lib_a-lock.o)
                0x0000000008003f90                __retarget_lock_close_recursive
 .text.__retarget_lock_acquire_recursive
                0x0000000008003f94        0x4 /usr/bin/../lib/gcc/arm-none-eabi/7.3.1/../../../../arm-none-eabi/lib/thumb/v7-m/libc.a(lib_a-lock.o)
                0x0000000008003f94                __retarget_lock_acquire_recursive
 .text.__retarget_lock_release_recursive
                0x0000000008003f98        0x4 /usr/bin/../lib/gcc/arm-none-eabi/7.3.1/../../../../arm-none-eabi/lib/thumb/v7-m/libc.a(lib_a-lock.o)
                0x0000000008003f98                __retarget_lock_release_recursive
 .text.__swhatbuf_r
                0x0000000008003f9c       0x5c /usr/bin/../lib/gcc/arm-none-eabi/7.3.1/../../../../arm-none-eabi/lib/thumb/v7-m/libc.a(lib_a-makebuf.o)
                0x0000000008003f9c                __swhatbuf_r
 .text.__smakebuf_r
                0x0000000008003ff8       0x94 /usr/bin/../lib/gcc/arm-none-eabi/7.3.1/../../../../arm-none-eabi/lib/thumb/v7-m/libc.a(lib_a-makebuf.o)
                0x0000000008003ff8                __smakebuf_r
 .text._malloc_r
                0x000000000800408c      0x524 /usr/bin/../lib/gcc/arm-none-eabi/7.3.1/../../../../arm-none-eabi/lib/thumb/v7-m/libc.a(lib_a-mallocr.o)
                0x000000000800408c                _malloc_r
 .text.memchr   0x00000000080045b0       0x8c /usr/bin/../lib/gcc/arm-none-eabi/7.3.1/../../../../arm-none-eabi/lib/thumb/v7-m/libc.a(lib_a-memchr-stub.o)
                0x00000000080045b0                memchr
 .text          0x000000000800463c       0xec /usr/bin/../lib/gcc/arm-none-eabi/7.3.1/../../../../arm-none-eabi/lib/thumb/v7-m/libc.a(lib_a-memcpy.o)
                0x000000000800463c                memcpy
 .text.memmove  0x0000000008004728       0xc4 /usr/bin/../lib/gcc/arm-none-eabi/7.3.1/../../../../arm-none-eabi/lib/thumb/v7-m/libc.a(lib_a-memmove.o)
                0x0000000008004728                memmove
 .text.__malloc_lock
                0x00000000080047ec        0xc /usr/bin/../lib/gcc/arm-none-eabi/7.3.1/../../../../arm-none-eabi/lib/thumb/v7-m/libc.a(lib_a-mlock.o)
                0x00000000080047ec                __malloc_lock
 .text.__malloc_unlock
                0x00000000080047f8        0xc /usr/bin/../lib/gcc/arm-none-eabi/7.3.1/../../../../arm-none-eabi/lib/thumb/v7-m/libc.a(lib_a-mlock.o)
                0x00000000080047f8                __malloc_unlock
 .text._Balloc  0x0000000008004804       0x4c /usr/bin/../lib/gcc/arm-none-eabi/7.3.1/../../../../arm-none-eabi/lib/thumb/v7-m/libc.a(lib_a-mprec.o)
                0x0000000008004804                _Balloc
 .text._Bfree   0x0000000008004850       0x14 /usr/bin/../lib/gcc/arm-none-eabi/7.3.1/../../../../arm-none-eabi/lib/thumb/v7-m/libc.a(lib_a-mprec.o)
                0x0000000008004850                _Bfree
 .text.__multadd
                0x0000000008004864       0x84 /usr/bin/../lib/gcc/arm-none-eabi/7.3.1/../../../../arm-none-eabi/lib/thumb/v7-m/libc.a(lib_a-mprec.o)
                0x0000000008004864                __multadd
 .text.__hi0bits
                0x00000000080048e8       0x40 /usr/bin/../lib/gcc/arm-none-eabi/7.3.1/../../../../arm-none-eabi/lib/thumb/v7-m/libc.a(lib_a-mprec.o)
                0x00000000080048e8                __hi0bits
 .text.__lo0bits
                0x0000000008004928       0x60 /usr/bin/../lib/gcc/arm-none-eabi/7.3.1/../../../../arm-none-eabi/lib/thumb/v7-m/libc.a(lib_a-mprec.o)
                0x0000000008004928                __lo0bits
 .text.__i2b    0x0000000008004988       0x14 /usr/bin/../lib/gcc/arm-none-eabi/7.3.1/../../../../arm-none-eabi/lib/thumb/v7-m/libc.a(lib_a-mprec.o)
                0x0000000008004988                __i2b
 .text.__multiply
                0x000000000800499c      0x14c /usr/bin/../lib/gcc/arm-none-eabi/7.3.1/../../../../arm-none-eabi/lib/thumb/v7-m/libc.a(lib_a-mprec.o)
                0x000000000800499c                __multiply
 .text.__pow5mult
                0x0000000008004ae8       0xa0 /usr/bin/../lib/gcc/arm-none-eabi/7.3.1/../../../../arm-none-eabi/lib/thumb/v7-m/libc.a(lib_a-mprec.o)
                0x0000000008004ae8                __pow5mult
 .text.__lshift
                0x0000000008004b88       0xb4 /usr/bin/../lib/gcc/arm-none-eabi/7.3.1/../../../../arm-none-eabi/lib/thumb/v7-m/libc.a(lib_a-mprec.o)
                0x0000000008004b88                __lshift
 .text.__mcmp   0x0000000008004c3c       0x38 /usr/bin/../lib/gcc/arm-none-eabi/7.3.1/../../../../arm-none-eabi/lib/thumb/v7-m/libc.a(lib_a-mprec.o)
                0x0000000008004c3c                __mcmp
 .text.__mdiff  0x0000000008004c74      0x100 /usr/bin/../lib/gcc/arm-none-eabi/7.3.1/../../../../arm-none-eabi/lib/thumb/v7-m/libc.a(lib_a-mprec.o)
                0x0000000008004c74                __mdiff
 .text.__d2b    0x0000000008004d74       0xb0 /usr/bin/../lib/gcc/arm-none-eabi/7.3.1/../../../../arm-none-eabi/lib/thumb/v7-m/libc.a(lib_a-mprec.o)
                0x0000000008004d74                __d2b
 .text._realloc_r
                0x0000000008004e24      0x374 /usr/bin/../lib/gcc/arm-none-eabi/7.3.1/../../../../arm-none-eabi/lib/thumb/v7-m/libc.a(lib_a-reallocr.o)
                0x0000000008004e24                _realloc_r
 .text.frexp    0x0000000008005198       0x64 /usr/bin/../lib/gcc/arm-none-eabi/7.3.1/../../../../arm-none-eabi/lib/thumb/v7-m/libc.a(lib_a-s_frexp.o)
                0x0000000008005198                frexp
 .text._sbrk_r  0x00000000080051fc       0x24 /usr/bin/../lib/gcc/arm-none-eabi/7.3.1/../../../../arm-none-eabi/lib/thumb/v7-m/libc.a(lib_a-sbrkr.o)
                0x00000000080051fc                _sbrk_r
 .text.__sread  0x0000000008005220       0x24 /usr/bin/../lib/gcc/arm-none-eabi/7.3.1/../../../../arm-none-eabi/lib/thumb/v7-m/libc.a(lib_a-stdio.o)
                0x0000000008005220                __sread
 .text.__swrite
                0x0000000008005244       0x3c /usr/bin/../lib/gcc/arm-none-eabi/7.3.1/../../../../arm-none-eabi/lib/thumb/v7-m/libc.a(lib_a-stdio.o)
                0x0000000008005244                __swrite
 .text.__sseek  0x0000000008005280       0x20 /usr/bin/../lib/gcc/arm-none-eabi/7.3.1/../../../../arm-none-eabi/lib/thumb/v7-m/libc.a(lib_a-stdio.o)
                0x0000000008005280                __sseek
 .text.__sclose
                0x00000000080052a0        0x8 /usr/bin/../lib/gcc/arm-none-eabi/7.3.1/../../../../arm-none-eabi/lib/thumb/v7-m/libc.a(lib_a-stdio.o)
                0x00000000080052a0                __sclose
 .text.strncpy  0x00000000080052a8       0x64 /usr/bin/../lib/gcc/arm-none-eabi/7.3.1/../../../../arm-none-eabi/lib/thumb/v7-m/libc.a(lib_a-strncpy.o)
                0x00000000080052a8                strncpy
 .text.__sprint_r.part.0
                0x000000000800530c       0x78 /usr/bin/../lib/gcc/arm-none-eabi/7.3.1/../../../../arm-none-eabi/lib/thumb/v7-m/libc.a(lib_a-vfiprintf.o)
 .text.__sprint_r
                0x0000000008005384       0x14 /usr/bin/../lib/gcc/arm-none-eabi/7.3.1/../../../../arm-none-eabi/lib/thumb/v7-m/libc.a(lib_a-vfiprintf.o)
                0x0000000008005384                __sprint_r
 .text._write_r
                0x0000000008005398       0x2c /usr/bin/../lib/gcc/arm-none-eabi/7.3.1/../../../../arm-none-eabi/lib/thumb/v7-m/libc.a(lib_a-writer.o)
                0x0000000008005398                _write_r
 .text._calloc_r
                0x00000000080053c4       0x6c /usr/bin/../lib/gcc/arm-none-eabi/7.3.1/../../../../arm-none-eabi/lib/thumb/v7-m/libc.a(lib_a-callocr.o)
                0x00000000080053c4                _calloc_r
 .text._close_r
                0x0000000008005430       0x24 /usr/bin/../lib/gcc/arm-none-eabi/7.3.1/../../../../arm-none-eabi/lib/thumb/v7-m/libc.a(lib_a-closer.o)
                0x0000000008005430                _close_r
 .text._fclose_r
                0x0000000008005454       0xd0 /usr/bin/../lib/gcc/arm-none-eabi/7.3.1/../../../../arm-none-eabi/lib/thumb/v7-m/libc.a(lib_a-fclose.o)
                0x0000000008005454                _fclose_r
 .text.__fputwc
                0x0000000008005524       0x94 /usr/bin/../lib/gcc/arm-none-eabi/7.3.1/../../../../arm-none-eabi/lib/thumb/v7-m/libc.a(lib_a-fputwc.o)
                0x0000000008005524                __fputwc
 .text._fputwc_r
                0x00000000080055b8       0x64 /usr/bin/../lib/gcc/arm-none-eabi/7.3.1/../../../../arm-none-eabi/lib/thumb/v7-m/libc.a(lib_a-fputwc.o)
                0x00000000080055b8                _fputwc_r
 .text._fstat_r
                0x000000000800561c       0x28 /usr/bin/../lib/gcc/arm-none-eabi/7.3.1/../../../../arm-none-eabi/lib/thumb/v7-m/libc.a(lib_a-fstatr.o)
                0x000000000800561c                _fstat_r
 .text._isatty_r
                0x0000000008005644       0x24 /usr/bin/../lib/gcc/arm-none-eabi/7.3.1/../../../../arm-none-eabi/lib/thumb/v7-m/libc.a(lib_a-isattyr.o)
                0x0000000008005644                _isatty_r
 .text.__locale_mb_cur_max
                0x0000000008005668       0x1c /usr/bin/../lib/gcc/arm-none-eabi/7.3.1/../../../../arm-none-eabi/lib/thumb/v7-m/libc.a(lib_a-locale.o)
                0x0000000008005668                __locale_mb_cur_max
 .text._lseek_r
                0x0000000008005684       0x2c /usr/bin/../lib/gcc/arm-none-eabi/7.3.1/../../../../arm-none-eabi/lib/thumb/v7-m/libc.a(lib_a-lseekr.o)
                0x0000000008005684                _lseek_r
 .text.__ascii_mbtowc
                0x00000000080056b0       0x2c /usr/bin/../lib/gcc/arm-none-eabi/7.3.1/../../../../arm-none-eabi/lib/thumb/v7-m/libc.a(lib_a-mbtowc_r.o)
                0x00000000080056b0                __ascii_mbtowc
 .text._read_r  0x00000000080056dc       0x2c /usr/bin/../lib/gcc/arm-none-eabi/7.3.1/../../../../arm-none-eabi/lib/thumb/v7-m/libc.a(lib_a-readr.o)
                0x00000000080056dc                _read_r
 .text.__swbuf_r
                0x0000000008005708       0xb0 /usr/bin/../lib/gcc/arm-none-eabi/7.3.1/../../../../arm-none-eabi/lib/thumb/v7-m/libc.a(lib_a-wbuf.o)
                0x0000000008005708                __swbuf_r
 .text._wcrtomb_r
                0x00000000080057b8       0x54 /usr/bin/../lib/gcc/arm-none-eabi/7.3.1/../../../../arm-none-eabi/lib/thumb/v7-m/libc.a(lib_a-wcrtomb.o)
                0x00000000080057b8                _wcrtomb_r
 .text.__ascii_wctomb
                0x000000000800580c       0x18 /usr/bin/../lib/gcc/arm-none-eabi/7.3.1/../../../../arm-none-eabi/lib/thumb/v7-m/libc.a(lib_a-wctomb_r.o)
                0x000000000800580c                __ascii_wctomb
 .text          0x0000000008005824      0x378 /usr/bin/../lib/gcc/arm-none-eabi/7.3.1/thumb/v7-m/libgcc.a(_arm_addsubdf3.o)
                0x0000000008005824                __aeabi_drsub
                0x000000000800582c                __aeabi_dsub
                0x000000000800582c                __subdf3
                0x0000000008005830                __adddf3
                0x0000000008005830                __aeabi_dadd
                0x0000000008005aa8                __aeabi_ui2d
                0x0000000008005aa8                __floatunsidf
                0x0000000008005ac8                __floatsidf
                0x0000000008005ac8                __aeabi_i2d
                0x0000000008005aec                __extendsfdf2
                0x0000000008005aec                __aeabi_f2d
                0x0000000008005b30                __aeabi_ul2d
                0x0000000008005b30                __floatundidf
                0x0000000008005b40                __floatdidf
                0x0000000008005b40                __aeabi_l2d
 .text          0x0000000008005b9c      0x424 /usr/bin/../lib/gcc/arm-none-eabi/7.3.1/thumb/v7-m/libgcc.a(_arm_muldivdf3.o)
                0x0000000008005b9c                __aeabi_dmul
                0x0000000008005b9c                __muldf3
                0x0000000008005df0                __aeabi_ddiv
                0x0000000008005df0                __divdf3
 .text          0x0000000008005fc0      0x110 /usr/bin/../lib/gcc/arm-none-eabi/7.3.1/thumb/v7-m/libgcc.a(_arm_cmpdf2.o)
                0x0000000008005fc0                __gtdf2
                0x0000000008005fc0                __gedf2
                0x0000000008005fc8                __ltdf2
                0x0000000008005fc8                __ledf2
                0x0000000008005fd0                __cmpdf2
                0x0000000008005fd0                __eqdf2
                0x0000000008005fd0                __nedf2
                0x000000000800604c                __aeabi_cdrcmple
                0x000000000800605c                __aeabi_cdcmple
                0x000000000800605c                __aeabi_cdcmpeq
                0x000000000800606c                __aeabi_dcmpeq
                0x0000000008006080                __aeabi_dcmplt
                0x0000000008006094                __aeabi_dcmple
                0x00000000080060a8                __aeabi_dcmpge
                0x00000000080060bc                __aeabi_dcmpgt
 .text          0x00000000080060d0       0x2c /usr/bin/../lib/gcc/arm-none-eabi/7.3.1/thumb/v7-m/libgcc.a(_arm_unorddf2.o)
                0x00000000080060d0                __aeabi_dcmpun
                0x00000000080060d0                __unorddf2
 .text          0x00000000080060fc       0x50 /usr/bin/../lib/gcc/arm-none-eabi/7.3.1/thumb/v7-m/libgcc.a(_arm_fixdfsi.o)
                0x00000000080060fc                __fixdfsi
                0x00000000080060fc                __aeabi_d2iz
 .text          0x000000000800614c       0x30 /usr/bin/../lib/gcc/arm-none-eabi/7.3.1/thumb/v7-m/libgcc.a(_aeabi_uldivmod.o)
                0x000000000800614c                __aeabi_uldivmod
 .text          0x000000000800617c      0x2d0 /usr/bin/../lib/gcc/arm-none-eabi/7.3.1/thumb/v7-m/libgcc.a(_udivmoddi4.o)
                0x000000000800617c                __udivmoddi4
 .text          0x000000000800644c        0x4 /usr/bin/../lib/gcc/arm-none-eabi/7.3.1/thumb/v7-m/libgcc.a(_dvmd_tls.o)
                0x000000000800644c                __aeabi_ldiv0
                0x000000000800644c                __aeabi_idiv0
 .text._close   0x0000000008006450       0x10 /usr/bin/../lib/gcc/arm-none-eabi/7.3.1/../../../../arm-none-eabi/lib/thumb/v7-m/libnosys.a(close.o)
                0x0000000008006450                _close
 .text._fstat   0x0000000008006460       0x10 /usr/bin/../lib/gcc/arm-none-eabi/7.3.1/../../../../arm-none-eabi/lib/thumb/v7-m/libnosys.a(fstat.o)
                0x0000000008006460                _fstat
 .text._isatty  0x0000000008006470       0x10 /usr/bin/../lib/gcc/arm-none-eabi/7.3.1/../../../../arm-none-eabi/lib/thumb/v7-m/libnosys.a(isatty.o)
                0x0000000008006470                _isatty
 .text._lseek   0x0000000008006480       0x10 /usr/bin/../lib/gcc/arm-none-eabi/7.3.1/../../../../arm-none-eabi/lib/thumb/v7-m/libnosys.a(lseek.o)
                0x0000000008006480                _lseek
 .text._read    0x0000000008006490       0x10 /usr/bin/../lib/gcc/arm-none-eabi/7.3.1/../../../../arm-none-eabi/lib/thumb/v7-m/libnosys.a(read.o)
                0x0000000008006490                _read
 .text._sbrk    0x00000000080064a0       0x1c /usr/bin/../lib/gcc/arm-none-eabi/7.3.1/../../../../arm-none-eabi/lib/thumb/v7-m/libnosys.a(sbrk.o)
                0x00000000080064a0                _sbrk
                0x00000000080064bc                . = ALIGN (0x4)
 *(.rodata*)
 .rodata.main.str1.1
                0x00000000080064bc       0x31 main.o
 *fill*         0x00000000080064ed        0x3 
 .rodata._puts_r.str1.4
                0x00000000080064f0        0x2 /usr/bin/../lib/gcc/arm-none-eabi/7.3.1/../../../../arm-none-eabi/lib/thumb/v7-m/libc.a(lib_a-puts.o)
 *fill*         0x00000000080064f2        0x2 
 .rodata._vfprintf_r.str1.4
                0x00000000080064f4       0x42 /usr/bin/../lib/gcc/arm-none-eabi/7.3.1/../../../../arm-none-eabi/lib/thumb/v7-m/libc.a(lib_a-vfprintf.o)
 *fill*         0x0000000008006536        0x2 
 .rodata.blanks.7330
                0x0000000008006538       0x10 /usr/bin/../lib/gcc/arm-none-eabi/7.3.1/../../../../arm-none-eabi/lib/thumb/v7-m/libc.a(lib_a-vfprintf.o)
 .rodata.zeroes.7331
                0x0000000008006548       0x10 /usr/bin/../lib/gcc/arm-none-eabi/7.3.1/../../../../arm-none-eabi/lib/thumb/v7-m/libc.a(lib_a-vfprintf.o)
 .rodata._dtoa_r.str1.4
                0x0000000008006558       0x10 /usr/bin/../lib/gcc/arm-none-eabi/7.3.1/../../../../arm-none-eabi/lib/thumb/v7-m/libc.a(lib_a-dtoa.o)
                                         0x12 (size before relaxing)
 .rodata.__mprec_bigtens
                0x0000000008006568       0x28 /usr/bin/../lib/gcc/arm-none-eabi/7.3.1/../../../../arm-none-eabi/lib/thumb/v7-m/libc.a(lib_a-mprec.o)
                0x0000000008006568                __mprec_bigtens
 .rodata.__mprec_tens
                0x0000000008006590       0xc8 /usr/bin/../lib/gcc/arm-none-eabi/7.3.1/../../../../arm-none-eabi/lib/thumb/v7-m/libc.a(lib_a-mprec.o)
                0x0000000008006590                __mprec_tens
 .rodata.p05.6092
                0x0000000008006658        0xc /usr/bin/../lib/gcc/arm-none-eabi/7.3.1/../../../../arm-none-eabi/lib/thumb/v7-m/libc.a(lib_a-mprec.o)
 .rodata._setlocale_r.str1.4
                0x0000000008006664        0xa /usr/bin/../lib/gcc/arm-none-eabi/7.3.1/../../../../arm-none-eabi/lib/thumb/v7-m/libc.a(lib_a-locale.o)
                                          0xd (size before relaxing)
 *fill*         0x000000000800666e        0x2 
 .rodata.str1.4
                0x0000000008006670        0x4 /usr/bin/../lib/gcc/arm-none-eabi/7.3.1/../../../../arm-none-eabi/lib/thumb/v7-m/libc.a(lib_a-locale.o)
                                          0x2 (size before relaxing)
 .rodata._ctype_
                0x0000000008006674      0x101 /usr/bin/../lib/gcc/arm-none-eabi/7.3.1/../../../../arm-none-eabi/lib/thumb/v7-m/libc.a(lib_a-ctype_.o)
                0x0000000008006674                _ctype_
                0x0000000008006778                . = ALIGN (0x4)
 *fill*         0x0000000008006775        0x3 

.glue_7         0x0000000008006778        0x0
 .glue_7        0x0000000008006778        0x0 linker stubs

.glue_7t        0x0000000008006778        0x0
 .glue_7t       0x0000000008006778        0x0 linker stubs

.vfp11_veneer   0x0000000008006778        0x0
 .vfp11_veneer  0x0000000008006778        0x0 linker stubs

.v4_bx          0x0000000008006778        0x0
 .v4_bx         0x0000000008006778        0x0 linker stubs

.iplt           0x0000000008006778        0x0
 .iplt          0x0000000008006778        0x0 main.o

.preinit_array  0x0000000008006778        0x0
                0x0000000008006778                . = ALIGN (0x4)
                0x0000000008006778                __preinit_array_start = .
 *(.preinit_array)
                0x0000000008006778                __preinit_array_end = .

.init_array     0x0000000008006778        0x0
                0x0000000008006778                . = ALIGN (0x4)
                0x0000000008006778                __init_array_start = .
 *(SORT_BY_NAME(.init_array.*))
 *(.init_array)
                0x0000000008006778                __init_array_end = .

.fini_array     0x0000000008006778        0x0
                0x0000000008006778                . = ALIGN (0x4)
                0x0000000008006778                __fini_array_start = .
 *(.fini_array)
 *(SORT_BY_NAME(.fini_array.*))
                0x0000000008006778                __fini_array_end = .

.ARM.extab
 *(.ARM.extab*)

.ARM.exidx      0x0000000008006778        0x8
                0x0000000008006778                __exidx_start = .
 *(.ARM.exidx*)
 .ARM.exidx     0x0000000008006778        0x8 /usr/bin/../lib/gcc/arm-none-eabi/7.3.1/thumb/v7-m/libgcc.a(_udivmoddi4.o)
                0x0000000008006780                __exidx_end = .

.rel.dyn        0x0000000008006780        0x0
 .rel.iplt      0x0000000008006780        0x0 main.o
                0x0000000008006780                . = ALIGN (0x4)
                0x0000000008006780                _etext = .

.data           0x0000000020000000      0x9b4 load address 0x0000000008006780
                0x0000000020000000                _data = .
 *(.data*)
 .data.rcc_ahb_frequency
                0x0000000020000000        0x4 /home/jshuo/stm32/libopencm3-stm32f407vg-discovery/libopencm3/lib/libopencm3_stm32l1.a(rcc.o)
                0x0000000020000000                rcc_ahb_frequency
 .data.rcc_apb1_frequency
                0x0000000020000004        0x4 /home/jshuo/stm32/libopencm3-stm32f407vg-discovery/libopencm3/lib/libopencm3_stm32l1.a(rcc.o)
                0x0000000020000004                rcc_apb1_frequency
 .data.rcc_apb2_frequency
                0x0000000020000008        0x4 /home/jshuo/stm32/libopencm3-stm32f407vg-discovery/libopencm3/lib/libopencm3_stm32l1.a(rcc.o)
                0x0000000020000008                rcc_apb2_frequency
 .data._impure_ptr
                0x000000002000000c        0x4 /usr/bin/../lib/gcc/arm-none-eabi/7.3.1/../../../../arm-none-eabi/lib/thumb/v7-m/libc.a(lib_a-impure.o)
                0x000000002000000c                _impure_ptr
 .data.impure_data
                0x0000000020000010      0x428 /usr/bin/../lib/gcc/arm-none-eabi/7.3.1/../../../../arm-none-eabi/lib/thumb/v7-m/libc.a(lib_a-impure.o)
 .data.__malloc_av_
                0x0000000020000438      0x408 /usr/bin/../lib/gcc/arm-none-eabi/7.3.1/../../../../arm-none-eabi/lib/thumb/v7-m/libc.a(lib_a-mallocr.o)
                0x0000000020000438                __malloc_av_
 .data.__malloc_sbrk_base
                0x0000000020000840        0x4 /usr/bin/../lib/gcc/arm-none-eabi/7.3.1/../../../../arm-none-eabi/lib/thumb/v7-m/libc.a(lib_a-mallocr.o)
                0x0000000020000840                __malloc_sbrk_base
 .data.__malloc_trim_threshold
                0x0000000020000844        0x4 /usr/bin/../lib/gcc/arm-none-eabi/7.3.1/../../../../arm-none-eabi/lib/thumb/v7-m/libc.a(lib_a-mallocr.o)
                0x0000000020000844                __malloc_trim_threshold
 .data.__global_locale
                0x0000000020000848      0x16c /usr/bin/../lib/gcc/arm-none-eabi/7.3.1/../../../../arm-none-eabi/lib/thumb/v7-m/libc.a(lib_a-locale.o)
                0x0000000020000848                __global_locale
                0x00000000200009b4                . = ALIGN (0x4)
                0x00000000200009b4                _edata = .
                0x0000000008006780                _data_loadaddr = LOADADDR (.data)

.igot.plt       0x00000000200009b4        0x0 load address 0x0000000008007134
 .igot.plt      0x00000000200009b4        0x0 main.o

.bss            0x00000000200009b4       0x6c load address 0x0000000008007134
 *(.bss*)
 .bss.state     0x00000000200009b4        0xc main.o
 .bss.__malloc_current_mallinfo
                0x00000000200009c0       0x28 /usr/bin/../lib/gcc/arm-none-eabi/7.3.1/../../../../arm-none-eabi/lib/thumb/v7-m/libc.a(lib_a-mallocr.o)
                0x00000000200009c0                __malloc_current_mallinfo
 .bss.__malloc_max_sbrked_mem
                0x00000000200009e8        0x4 /usr/bin/../lib/gcc/arm-none-eabi/7.3.1/../../../../arm-none-eabi/lib/thumb/v7-m/libc.a(lib_a-mallocr.o)
                0x00000000200009e8                __malloc_max_sbrked_mem
 .bss.__malloc_max_total_mem
                0x00000000200009ec        0x4 /usr/bin/../lib/gcc/arm-none-eabi/7.3.1/../../../../arm-none-eabi/lib/thumb/v7-m/libc.a(lib_a-mallocr.o)
                0x00000000200009ec                __malloc_max_total_mem
 .bss.__malloc_top_pad
                0x00000000200009f0        0x4 /usr/bin/../lib/gcc/arm-none-eabi/7.3.1/../../../../arm-none-eabi/lib/thumb/v7-m/libc.a(lib_a-mallocr.o)
                0x00000000200009f0                __malloc_top_pad
 .bss.heap_end.4102
                0x00000000200009f4        0x4 /usr/bin/../lib/gcc/arm-none-eabi/7.3.1/../../../../arm-none-eabi/lib/thumb/v7-m/libnosys.a(sbrk.o)
 *(COMMON)
 COMMON         0x00000000200009f8       0x21 /usr/bin/../lib/gcc/arm-none-eabi/7.3.1/../../../../arm-none-eabi/lib/thumb/v7-m/libc.a(lib_a-lock.o)
                0x00000000200009f8                __lock___atexit_recursive_mutex
                0x00000000200009fc                __lock___arc4random_mutex
                0x0000000020000a00                __lock___env_recursive_mutex
                0x0000000020000a04                __lock___sinit_recursive_mutex
                0x0000000020000a08                __lock___malloc_recursive_mutex
                0x0000000020000a0c                __lock___at_quick_exit_mutex
                0x0000000020000a10                __lock___dd_hash_mutex
                0x0000000020000a14                __lock___tz_mutex
                0x0000000020000a18                __lock___sfp_recursive_mutex
 *fill*         0x0000000020000a19        0x3 
 COMMON         0x0000000020000a1c        0x4 /usr/bin/../lib/gcc/arm-none-eabi/7.3.1/../../../../arm-none-eabi/lib/thumb/v7-m/libc.a(lib_a-reent.o)
                0x0000000020000a1c                errno
                0x0000000020000a20                . = ALIGN (0x4)
                0x0000000020000a20                _ebss = .

/DISCARD/
 *(.eh_frame)
                0x0000000020000a20                . = ALIGN (0x4)
                0x0000000020000a20                end = .
                0x0000000020004000                PROVIDE (_stack = (ORIGIN (ram) + LENGTH (ram)))
OUTPUT(main.elf elf32-littlearm)

.debug_info     0x0000000000000000     0x55c3
 .debug_info    0x0000000000000000     0x1767 main.o
 .debug_info    0x0000000000001767      0xbdb /home/jshuo/stm32/libopencm3-stm32f407vg-discovery/libopencm3/lib/libopencm3_stm32l1.a(rcc.o)
 .debug_info    0x0000000000002342       0xec /home/jshuo/stm32/libopencm3-stm32f407vg-discovery/libopencm3/lib/libopencm3_stm32l1.a(flash_common_all.o)
 .debug_info    0x000000000000242e      0x22c /home/jshuo/stm32/libopencm3-stm32f407vg-discovery/libopencm3/lib/libopencm3_stm32l1.a(gpio_common_all.o)
 .debug_info    0x000000000000265a      0x1eb /home/jshuo/stm32/libopencm3-stm32f407vg-discovery/libopencm3/lib/libopencm3_stm32l1.a(gpio_common_f0234.o)
 .debug_info    0x0000000000002845      0x1ac /home/jshuo/stm32/libopencm3-stm32f407vg-discovery/libopencm3/lib/libopencm3_stm32l1.a(pwr_common_v1.o)
 .debug_info    0x00000000000029f1      0x1f6 /home/jshuo/stm32/libopencm3-stm32f407vg-discovery/libopencm3/lib/libopencm3_stm32l1.a(pwr_common_v2.o)
 .debug_info    0x0000000000002be7      0x158 /home/jshuo/stm32/libopencm3-stm32f407vg-discovery/libopencm3/lib/libopencm3_stm32l1.a(rtc_common_l1f024.o)
 .debug_info    0x0000000000002d3f     0x1112 /home/jshuo/stm32/libopencm3-stm32f407vg-discovery/libopencm3/lib/libopencm3_stm32l1.a(timer_common_all.o)
 .debug_info    0x0000000000003e51      0x5ca /home/jshuo/stm32/libopencm3-stm32f407vg-discovery/libopencm3/lib/libopencm3_stm32l1.a(usart_common_all.o)
 .debug_info    0x000000000000441b      0x2a4 /home/jshuo/stm32/libopencm3-stm32f407vg-discovery/libopencm3/lib/libopencm3_stm32l1.a(usart_common_f124.o)
 .debug_info    0x00000000000046bf      0x205 /home/jshuo/stm32/libopencm3-stm32f407vg-discovery/libopencm3/lib/libopencm3_stm32l1.a(exti_common_all.o)
 .debug_info    0x00000000000048c4      0x79b /home/jshuo/stm32/libopencm3-stm32f407vg-discovery/libopencm3/lib/libopencm3_stm32l1.a(rcc_common_all.o)
 .debug_info    0x000000000000505f      0x2a8 /home/jshuo/stm32/libopencm3-stm32f407vg-discovery/libopencm3/lib/libopencm3_stm32l1.a(vector.o)
 .debug_info    0x0000000000005307      0x214 /home/jshuo/stm32/libopencm3-stm32f407vg-discovery/libopencm3/lib/libopencm3_stm32l1.a(nvic.o)
 .debug_info    0x000000000000551b       0xa8 /home/jshuo/stm32/libopencm3-stm32f407vg-discovery/libopencm3/lib/libopencm3_stm32l1.a(flash.o)

.debug_abbrev   0x0000000000000000     0x1352
 .debug_abbrev  0x0000000000000000      0x38b main.o
 .debug_abbrev  0x000000000000038b      0x2c7 /home/jshuo/stm32/libopencm3-stm32f407vg-discovery/libopencm3/lib/libopencm3_stm32l1.a(rcc.o)
 .debug_abbrev  0x0000000000000652       0x8a /home/jshuo/stm32/libopencm3-stm32f407vg-discovery/libopencm3/lib/libopencm3_stm32l1.a(flash_common_all.o)
 .debug_abbrev  0x00000000000006dc       0xf4 /home/jshuo/stm32/libopencm3-stm32f407vg-discovery/libopencm3/lib/libopencm3_stm32l1.a(gpio_common_all.o)
 .debug_abbrev  0x00000000000007d0       0xb7 /home/jshuo/stm32/libopencm3-stm32f407vg-discovery/libopencm3/lib/libopencm3_stm32l1.a(gpio_common_f0234.o)
 .debug_abbrev  0x0000000000000887       0x95 /home/jshuo/stm32/libopencm3-stm32f407vg-discovery/libopencm3/lib/libopencm3_stm32l1.a(pwr_common_v1.o)
 .debug_abbrev  0x000000000000091c       0xd4 /home/jshuo/stm32/libopencm3-stm32f407vg-discovery/libopencm3/lib/libopencm3_stm32l1.a(pwr_common_v2.o)
 .debug_abbrev  0x00000000000009f0       0xa2 /home/jshuo/stm32/libopencm3-stm32f407vg-discovery/libopencm3/lib/libopencm3_stm32l1.a(rtc_common_l1f024.o)
 .debug_abbrev  0x0000000000000a92      0x1cb /home/jshuo/stm32/libopencm3-stm32f407vg-discovery/libopencm3/lib/libopencm3_stm32l1.a(timer_common_all.o)
 .debug_abbrev  0x0000000000000c5d      0x162 /home/jshuo/stm32/libopencm3-stm32f407vg-discovery/libopencm3/lib/libopencm3_stm32l1.a(usart_common_all.o)
 .debug_abbrev  0x0000000000000dbf      0x10a /home/jshuo/stm32/libopencm3-stm32f407vg-discovery/libopencm3/lib/libopencm3_stm32l1.a(usart_common_f124.o)
 .debug_abbrev  0x0000000000000ec9       0xe7 /home/jshuo/stm32/libopencm3-stm32f407vg-discovery/libopencm3/lib/libopencm3_stm32l1.a(exti_common_all.o)
 .debug_abbrev  0x0000000000000fb0      0x183 /home/jshuo/stm32/libopencm3-stm32f407vg-discovery/libopencm3/lib/libopencm3_stm32l1.a(rcc_common_all.o)
 .debug_abbrev  0x0000000000001133      0x127 /home/jshuo/stm32/libopencm3-stm32f407vg-discovery/libopencm3/lib/libopencm3_stm32l1.a(vector.o)
 .debug_abbrev  0x000000000000125a       0xa6 /home/jshuo/stm32/libopencm3-stm32f407vg-discovery/libopencm3/lib/libopencm3_stm32l1.a(nvic.o)
 .debug_abbrev  0x0000000000001300       0x52 /home/jshuo/stm32/libopencm3-stm32f407vg-discovery/libopencm3/lib/libopencm3_stm32l1.a(flash.o)

.debug_loc      0x0000000000000000     0x1251
 .debug_loc     0x0000000000000000       0xde main.o
 .debug_loc     0x00000000000000de      0x469 /home/jshuo/stm32/libopencm3-stm32f407vg-discovery/libopencm3/lib/libopencm3_stm32l1.a(rcc.o)
 .debug_loc     0x0000000000000547       0x3f /home/jshuo/stm32/libopencm3-stm32f407vg-discovery/libopencm3/lib/libopencm3_stm32l1.a(flash_common_all.o)
 .debug_loc     0x0000000000000586       0x97 /home/jshuo/stm32/libopencm3-stm32f407vg-discovery/libopencm3/lib/libopencm3_stm32l1.a(gpio_common_all.o)
 .debug_loc     0x000000000000061d       0xb7 /home/jshuo/stm32/libopencm3-stm32f407vg-discovery/libopencm3/lib/libopencm3_stm32l1.a(gpio_common_f0234.o)
 .debug_loc     0x00000000000006d4       0x21 /home/jshuo/stm32/libopencm3-stm32f407vg-discovery/libopencm3/lib/libopencm3_stm32l1.a(pwr_common_v1.o)
 .debug_loc     0x00000000000006f5       0x63 /home/jshuo/stm32/libopencm3-stm32f407vg-discovery/libopencm3/lib/libopencm3_stm32l1.a(rtc_common_l1f024.o)
 .debug_loc     0x0000000000000758      0x407 /home/jshuo/stm32/libopencm3-stm32f407vg-discovery/libopencm3/lib/libopencm3_stm32l1.a(timer_common_all.o)
 .debug_loc     0x0000000000000b5f      0x1ca /home/jshuo/stm32/libopencm3-stm32f407vg-discovery/libopencm3/lib/libopencm3_stm32l1.a(usart_common_all.o)
 .debug_loc     0x0000000000000d29       0x63 /home/jshuo/stm32/libopencm3-stm32f407vg-discovery/libopencm3/lib/libopencm3_stm32l1.a(usart_common_f124.o)
 .debug_loc     0x0000000000000d8c      0x1aa /home/jshuo/stm32/libopencm3-stm32f407vg-discovery/libopencm3/lib/libopencm3_stm32l1.a(exti_common_all.o)
 .debug_loc     0x0000000000000f36      0x108 /home/jshuo/stm32/libopencm3-stm32f407vg-discovery/libopencm3/lib/libopencm3_stm32l1.a(rcc_common_all.o)
 .debug_loc     0x000000000000103e       0xea /home/jshuo/stm32/libopencm3-stm32f407vg-discovery/libopencm3/lib/libopencm3_stm32l1.a(vector.o)
 .debug_loc     0x0000000000001128      0x129 /home/jshuo/stm32/libopencm3-stm32f407vg-discovery/libopencm3/lib/libopencm3_stm32l1.a(nvic.o)

.debug_aranges  0x0000000000000000      0x7a0
 .debug_aranges
                0x0000000000000000       0x40 main.o
 .debug_aranges
                0x0000000000000040       0xe8 /home/jshuo/stm32/libopencm3-stm32f407vg-discovery/libopencm3/lib/libopencm3_stm32l1.a(rcc.o)
 .debug_aranges
                0x0000000000000128       0x38 /home/jshuo/stm32/libopencm3-stm32f407vg-discovery/libopencm3/lib/libopencm3_stm32l1.a(flash_common_all.o)
 .debug_aranges
                0x0000000000000160       0x50 /home/jshuo/stm32/libopencm3-stm32f407vg-discovery/libopencm3/lib/libopencm3_stm32l1.a(gpio_common_all.o)
 .debug_aranges
                0x00000000000001b0       0x30 /home/jshuo/stm32/libopencm3-stm32f407vg-discovery/libopencm3/lib/libopencm3_stm32l1.a(gpio_common_f0234.o)
 .debug_aranges
                0x00000000000001e0       0x90 /home/jshuo/stm32/libopencm3-stm32f407vg-discovery/libopencm3/lib/libopencm3_stm32l1.a(pwr_common_v1.o)
 .debug_aranges
                0x0000000000000270       0x20 /home/jshuo/stm32/libopencm3-stm32f407vg-discovery/libopencm3/lib/libopencm3_stm32l1.a(pwr_common_v2.o)
 .debug_aranges
                0x0000000000000290       0x48 /home/jshuo/stm32/libopencm3-stm32f407vg-discovery/libopencm3/lib/libopencm3_stm32l1.a(rtc_common_l1f024.o)
 .debug_aranges
                0x00000000000002d8      0x268 /home/jshuo/stm32/libopencm3-stm32f407vg-discovery/libopencm3/lib/libopencm3_stm32l1.a(timer_common_all.o)
 .debug_aranges
                0x0000000000000540       0xb8 /home/jshuo/stm32/libopencm3-stm32f407vg-discovery/libopencm3/lib/libopencm3_stm32l1.a(usart_common_all.o)
 .debug_aranges
                0x00000000000005f8       0x40 /home/jshuo/stm32/libopencm3-stm32f407vg-discovery/libopencm3/lib/libopencm3_stm32l1.a(usart_common_f124.o)
 .debug_aranges
                0x0000000000000638       0x48 /home/jshuo/stm32/libopencm3-stm32f407vg-discovery/libopencm3/lib/libopencm3_stm32l1.a(exti_common_all.o)
 .debug_aranges
                0x0000000000000680       0x68 /home/jshuo/stm32/libopencm3-stm32f407vg-discovery/libopencm3/lib/libopencm3_stm32l1.a(rcc_common_all.o)
 .debug_aranges
                0x00000000000006e8       0x30 /home/jshuo/stm32/libopencm3-stm32f407vg-discovery/libopencm3/lib/libopencm3_stm32l1.a(vector.o)
 .debug_aranges
                0x0000000000000718       0x60 /home/jshuo/stm32/libopencm3-stm32f407vg-discovery/libopencm3/lib/libopencm3_stm32l1.a(nvic.o)
 .debug_aranges
                0x0000000000000778       0x28 /home/jshuo/stm32/libopencm3-stm32f407vg-discovery/libopencm3/lib/libopencm3_stm32l1.a(flash.o)

.debug_ranges   0x0000000000000000      0x738
 .debug_ranges  0x0000000000000000       0x98 main.o
 .debug_ranges  0x0000000000000098       0xf0 /home/jshuo/stm32/libopencm3-stm32f407vg-discovery/libopencm3/lib/libopencm3_stm32l1.a(rcc.o)
 .debug_ranges  0x0000000000000188       0x28 /home/jshuo/stm32/libopencm3-stm32f407vg-discovery/libopencm3/lib/libopencm3_stm32l1.a(flash_common_all.o)
 .debug_ranges  0x00000000000001b0       0x40 /home/jshuo/stm32/libopencm3-stm32f407vg-discovery/libopencm3/lib/libopencm3_stm32l1.a(gpio_common_all.o)
 .debug_ranges  0x00000000000001f0       0x20 /home/jshuo/stm32/libopencm3-stm32f407vg-discovery/libopencm3/lib/libopencm3_stm32l1.a(gpio_common_f0234.o)
 .debug_ranges  0x0000000000000210       0x80 /home/jshuo/stm32/libopencm3-stm32f407vg-discovery/libopencm3/lib/libopencm3_stm32l1.a(pwr_common_v1.o)
 .debug_ranges  0x0000000000000290       0x10 /home/jshuo/stm32/libopencm3-stm32f407vg-discovery/libopencm3/lib/libopencm3_stm32l1.a(pwr_common_v2.o)
 .debug_ranges  0x00000000000002a0       0x38 /home/jshuo/stm32/libopencm3-stm32f407vg-discovery/libopencm3/lib/libopencm3_stm32l1.a(rtc_common_l1f024.o)
 .debug_ranges  0x00000000000002d8      0x258 /home/jshuo/stm32/libopencm3-stm32f407vg-discovery/libopencm3/lib/libopencm3_stm32l1.a(timer_common_all.o)
 .debug_ranges  0x0000000000000530       0xa8 /home/jshuo/stm32/libopencm3-stm32f407vg-discovery/libopencm3/lib/libopencm3_stm32l1.a(usart_common_all.o)
 .debug_ranges  0x00000000000005d8       0x30 /home/jshuo/stm32/libopencm3-stm32f407vg-discovery/libopencm3/lib/libopencm3_stm32l1.a(usart_common_f124.o)
 .debug_ranges  0x0000000000000608       0x50 /home/jshuo/stm32/libopencm3-stm32f407vg-discovery/libopencm3/lib/libopencm3_stm32l1.a(exti_common_all.o)
 .debug_ranges  0x0000000000000658       0x58 /home/jshuo/stm32/libopencm3-stm32f407vg-discovery/libopencm3/lib/libopencm3_stm32l1.a(rcc_common_all.o)
 .debug_ranges  0x00000000000006b0       0x20 /home/jshuo/stm32/libopencm3-stm32f407vg-discovery/libopencm3/lib/libopencm3_stm32l1.a(vector.o)
 .debug_ranges  0x00000000000006d0       0x50 /home/jshuo/stm32/libopencm3-stm32f407vg-discovery/libopencm3/lib/libopencm3_stm32l1.a(nvic.o)
 .debug_ranges  0x0000000000000720       0x18 /home/jshuo/stm32/libopencm3-stm32f407vg-discovery/libopencm3/lib/libopencm3_stm32l1.a(flash.o)

.debug_macro    0x0000000000000000     0x6761
 .debug_macro   0x0000000000000000      0x312 main.o
 .debug_macro   0x0000000000000312      0xa4e main.o
 .debug_macro   0x0000000000000d60       0x10 main.o
 .debug_macro   0x0000000000000d70       0x22 main.o
 .debug_macro   0x0000000000000d92       0x58 main.o
 .debug_macro   0x0000000000000dea       0x18 main.o
 .debug_macro   0x0000000000000e02       0x5c main.o
 .debug_macro   0x0000000000000e5e       0x35 main.o
 .debug_macro   0x0000000000000e93       0x34 main.o
 .debug_macro   0x0000000000000ec7      0x16d main.o
 .debug_macro   0x0000000000001034       0x57 main.o
 .debug_macro   0x000000000000108b       0x58 main.o
 .debug_macro   0x00000000000010e3       0x1f main.o
 .debug_macro   0x0000000000001102       0x43 main.o
 .debug_macro   0x0000000000001145       0x20 main.o
 .debug_macro   0x0000000000001165      0x18e main.o
 .debug_macro   0x00000000000012f3      0x23b main.o
 .debug_macro   0x000000000000152e       0x16 main.o
 .debug_macro   0x0000000000001544       0x35 main.o
 .debug_macro   0x0000000000001579      0x353 main.o
 .debug_macro   0x00000000000018cc       0x10 main.o
 .debug_macro   0x00000000000018dc       0x10 main.o
 .debug_macro   0x00000000000018ec       0x6a main.o
 .debug_macro   0x0000000000001956       0xb6 main.o
 .debug_macro   0x0000000000001a0c       0x16 main.o
 .debug_macro   0x0000000000001a22      0x129 main.o
 .debug_macro   0x0000000000001b4b       0x16 main.o
 .debug_macro   0x0000000000001b61      0x4fe main.o
 .debug_macro   0x000000000000205f       0xef main.o
 .debug_macro   0x000000000000214e      0x1df main.o
 .debug_macro   0x000000000000232d       0x22 main.o
 .debug_macro   0x000000000000234f       0xfa main.o
 .debug_macro   0x0000000000002449       0x58 main.o
 .debug_macro   0x00000000000024a1       0x64 main.o
 .debug_macro   0x0000000000002505      0x160 main.o
 .debug_macro   0x0000000000002665      0x3a7 main.o
 .debug_macro   0x0000000000002a0c      0x18a main.o
 .debug_macro   0x0000000000002b96       0xa6 main.o
 .debug_macro   0x0000000000002c3c      0x112 main.o
 .debug_macro   0x0000000000002d4e      0x166 main.o
 .debug_macro   0x0000000000002eb4       0x16 main.o
 .debug_macro   0x0000000000002eca       0x76 main.o
 .debug_macro   0x0000000000002f40      0x2e6 main.o
 .debug_macro   0x0000000000003226       0x8e main.o
 .debug_macro   0x00000000000032b4       0x58 main.o
 .debug_macro   0x000000000000330c      0x706 main.o
 .debug_macro   0x0000000000003a12      0x533 main.o
 .debug_macro   0x0000000000003f45      0xf6c main.o
 .debug_macro   0x0000000000004eb1       0x3a main.o
 .debug_macro   0x0000000000004eeb       0x94 main.o
 .debug_macro   0x0000000000004f7f      0x29e main.o
 .debug_macro   0x000000000000521d       0x52 main.o
 .debug_macro   0x000000000000526f      0x10b /home/jshuo/stm32/libopencm3-stm32f407vg-discovery/libopencm3/lib/libopencm3_stm32l1.a(rcc.o)
 .debug_macro   0x000000000000537a       0x56 /home/jshuo/stm32/libopencm3-stm32f407vg-discovery/libopencm3/lib/libopencm3_stm32l1.a(rcc.o)
 .debug_macro   0x00000000000053d0       0x51 /home/jshuo/stm32/libopencm3-stm32f407vg-discovery/libopencm3/lib/libopencm3_stm32l1.a(rcc.o)
 .debug_macro   0x0000000000005421      0x184 /home/jshuo/stm32/libopencm3-stm32f407vg-discovery/libopencm3/lib/libopencm3_stm32l1.a(rcc.o)
 .debug_macro   0x00000000000055a5       0xbd /home/jshuo/stm32/libopencm3-stm32f407vg-discovery/libopencm3/lib/libopencm3_stm32l1.a(flash_common_all.o)
 .debug_macro   0x0000000000005662       0xb9 /home/jshuo/stm32/libopencm3-stm32f407vg-discovery/libopencm3/lib/libopencm3_stm32l1.a(gpio_common_all.o)
 .debug_macro   0x000000000000571b       0xb9 /home/jshuo/stm32/libopencm3-stm32f407vg-discovery/libopencm3/lib/libopencm3_stm32l1.a(gpio_common_f0234.o)
 .debug_macro   0x00000000000057d4       0xc9 /home/jshuo/stm32/libopencm3-stm32f407vg-discovery/libopencm3/lib/libopencm3_stm32l1.a(pwr_common_v1.o)
 .debug_macro   0x000000000000589d       0xeb /home/jshuo/stm32/libopencm3-stm32f407vg-discovery/libopencm3/lib/libopencm3_stm32l1.a(pwr_common_v2.o)
 .debug_macro   0x0000000000005988       0xb4 /home/jshuo/stm32/libopencm3-stm32f407vg-discovery/libopencm3/lib/libopencm3_stm32l1.a(rtc_common_l1f024.o)
 .debug_macro   0x0000000000005a3c      0x103 /home/jshuo/stm32/libopencm3-stm32f407vg-discovery/libopencm3/lib/libopencm3_stm32l1.a(timer_common_all.o)
 .debug_macro   0x0000000000005b3f      0x10d /home/jshuo/stm32/libopencm3-stm32f407vg-discovery/libopencm3/lib/libopencm3_stm32l1.a(usart_common_all.o)
 .debug_macro   0x0000000000005c4c      0x10d /home/jshuo/stm32/libopencm3-stm32f407vg-discovery/libopencm3/lib/libopencm3_stm32l1.a(usart_common_f124.o)
 .debug_macro   0x0000000000005d59       0xed /home/jshuo/stm32/libopencm3-stm32f407vg-discovery/libopencm3/lib/libopencm3_stm32l1.a(exti_common_all.o)
 .debug_macro   0x0000000000005e46       0x3a /home/jshuo/stm32/libopencm3-stm32f407vg-discovery/libopencm3/lib/libopencm3_stm32l1.a(exti_common_all.o)
 .debug_macro   0x0000000000005e80      0x101 /home/jshuo/stm32/libopencm3-stm32f407vg-discovery/libopencm3/lib/libopencm3_stm32l1.a(rcc_common_all.o)
 .debug_macro   0x0000000000005f81       0xd0 /home/jshuo/stm32/libopencm3-stm32f407vg-discovery/libopencm3/lib/libopencm3_stm32l1.a(vector.o)
 .debug_macro   0x0000000000006051      0x3a1 /home/jshuo/stm32/libopencm3-stm32f407vg-discovery/libopencm3/lib/libopencm3_stm32l1.a(vector.o)
 .debug_macro   0x00000000000063f2       0x6a /home/jshuo/stm32/libopencm3-stm32f407vg-discovery/libopencm3/lib/libopencm3_stm32l1.a(vector.o)
 .debug_macro   0x000000000000645c       0xb4 /home/jshuo/stm32/libopencm3-stm32f407vg-discovery/libopencm3/lib/libopencm3_stm32l1.a(nvic.o)
 .debug_macro   0x0000000000006510      0x194 /home/jshuo/stm32/libopencm3-stm32f407vg-discovery/libopencm3/lib/libopencm3_stm32l1.a(nvic.o)
 .debug_macro   0x00000000000066a4       0xbd /home/jshuo/stm32/libopencm3-stm32f407vg-discovery/libopencm3/lib/libopencm3_stm32l1.a(flash.o)

.debug_line     0x0000000000000000     0x3a60
 .debug_line    0x0000000000000000      0x6f1 main.o
 .debug_line    0x00000000000006f1      0x546 /home/jshuo/stm32/libopencm3-stm32f407vg-discovery/libopencm3/lib/libopencm3_stm32l1.a(rcc.o)
 .debug_line    0x0000000000000c37      0x28c /home/jshuo/stm32/libopencm3-stm32f407vg-discovery/libopencm3/lib/libopencm3_stm32l1.a(flash_common_all.o)
 .debug_line    0x0000000000000ec3      0x2af /home/jshuo/stm32/libopencm3-stm32f407vg-discovery/libopencm3/lib/libopencm3_stm32l1.a(gpio_common_all.o)
 .debug_line    0x0000000000001172      0x2a9 /home/jshuo/stm32/libopencm3-stm32f407vg-discovery/libopencm3/lib/libopencm3_stm32l1.a(gpio_common_f0234.o)
 .debug_line    0x000000000000141b      0x343 /home/jshuo/stm32/libopencm3-stm32f407vg-discovery/libopencm3/lib/libopencm3_stm32l1.a(pwr_common_v1.o)
 .debug_line    0x000000000000175e      0x27d /home/jshuo/stm32/libopencm3-stm32f407vg-discovery/libopencm3/lib/libopencm3_stm32l1.a(pwr_common_v2.o)
 .debug_line    0x00000000000019db      0x2b0 /home/jshuo/stm32/libopencm3-stm32f407vg-discovery/libopencm3/lib/libopencm3_stm32l1.a(rtc_common_l1f024.o)
 .debug_line    0x0000000000001c8b      0x8c9 /home/jshuo/stm32/libopencm3-stm32f407vg-discovery/libopencm3/lib/libopencm3_stm32l1.a(timer_common_all.o)
 .debug_line    0x0000000000002554      0x422 /home/jshuo/stm32/libopencm3-stm32f407vg-discovery/libopencm3/lib/libopencm3_stm32l1.a(usart_common_all.o)
 .debug_line    0x0000000000002976      0x304 /home/jshuo/stm32/libopencm3-stm32f407vg-discovery/libopencm3/lib/libopencm3_stm32l1.a(usart_common_f124.o)
 .debug_line    0x0000000000002c7a      0x32f /home/jshuo/stm32/libopencm3-stm32f407vg-discovery/libopencm3/lib/libopencm3_stm32l1.a(exti_common_all.o)
 .debug_line    0x0000000000002fa9      0x31f /home/jshuo/stm32/libopencm3-stm32f407vg-discovery/libopencm3/lib/libopencm3_stm32l1.a(rcc_common_all.o)
 .debug_line    0x00000000000032c8      0x2c6 /home/jshuo/stm32/libopencm3-stm32f407vg-discovery/libopencm3/lib/libopencm3_stm32l1.a(vector.o)
 .debug_line    0x000000000000358e      0x280 /home/jshuo/stm32/libopencm3-stm32f407vg-discovery/libopencm3/lib/libopencm3_stm32l1.a(nvic.o)
 .debug_line    0x000000000000380e      0x252 /home/jshuo/stm32/libopencm3-stm32f407vg-discovery/libopencm3/lib/libopencm3_stm32l1.a(flash.o)

.debug_str      0x0000000000000000    0x18190
 .debug_str     0x0000000000000000    0x15a00 main.o
                                      0x15cf4 (size before relaxing)
 .debug_str     0x0000000000015a00      0x307 /home/jshuo/stm32/libopencm3-stm32f407vg-discovery/libopencm3/lib/libopencm3_stm32l1.a(rcc.o)
                                       0x7d18 (size before relaxing)
 .debug_str     0x0000000000015d07       0x4e /home/jshuo/stm32/libopencm3-stm32f407vg-discovery/libopencm3/lib/libopencm3_stm32l1.a(flash_common_all.o)
                                       0x5368 (size before relaxing)
 .debug_str     0x0000000000015d55       0x75 /home/jshuo/stm32/libopencm3-stm32f407vg-discovery/libopencm3/lib/libopencm3_stm32l1.a(gpio_common_all.o)
                                       0x5886 (size before relaxing)
 .debug_str     0x0000000000015dca       0x79 /home/jshuo/stm32/libopencm3-stm32f407vg-discovery/libopencm3/lib/libopencm3_stm32l1.a(gpio_common_f0234.o)
                                       0x58a8 (size before relaxing)
 .debug_str     0x0000000000015e43      0x17e /home/jshuo/stm32/libopencm3-stm32f407vg-discovery/libopencm3/lib/libopencm3_stm32l1.a(pwr_common_v1.o)
                                       0x50dc (size before relaxing)
 .debug_str     0x0000000000015fc1       0x1a /home/jshuo/stm32/libopencm3-stm32f407vg-discovery/libopencm3/lib/libopencm3_stm32l1.a(pwr_common_v2.o)
                                       0x6e0b (size before relaxing)
 .debug_str     0x0000000000015fdb       0x61 /home/jshuo/stm32/libopencm3-stm32f407vg-discovery/libopencm3/lib/libopencm3_stm32l1.a(rtc_common_l1f024.o)
                                       0x5ec4 (size before relaxing)
 .debug_str     0x000000000001603c      0xa89 /home/jshuo/stm32/libopencm3-stm32f407vg-discovery/libopencm3/lib/libopencm3_stm32l1.a(timer_common_all.o)
                                       0xba36 (size before relaxing)
 .debug_str     0x0000000000016ac5      0x18f /home/jshuo/stm32/libopencm3-stm32f407vg-discovery/libopencm3/lib/libopencm3_stm32l1.a(usart_common_all.o)
                                       0x7f87 (size before relaxing)
 .debug_str     0x0000000000016c54       0x2d /home/jshuo/stm32/libopencm3-stm32f407vg-discovery/libopencm3/lib/libopencm3_stm32l1.a(usart_common_f124.o)
                                       0x7dc1 (size before relaxing)
 .debug_str     0x0000000000016c81      0x1e1 /home/jshuo/stm32/libopencm3-stm32f407vg-discovery/libopencm3/lib/libopencm3_stm32l1.a(exti_common_all.o)
                                       0x5dde (size before relaxing)
 .debug_str     0x0000000000016e62      0x168 /home/jshuo/stm32/libopencm3-stm32f407vg-discovery/libopencm3/lib/libopencm3_stm32l1.a(rcc_common_all.o)
                                       0x7484 (size before relaxing)
 .debug_str     0x0000000000016fca      0x92a /home/jshuo/stm32/libopencm3-stm32f407vg-discovery/libopencm3/lib/libopencm3_stm32l1.a(vector.o)
                                       0x627e (size before relaxing)
 .debug_str     0x00000000000178f4      0x880 /home/jshuo/stm32/libopencm3-stm32f407vg-discovery/libopencm3/lib/libopencm3_stm32l1.a(nvic.o)
                                       0x5019 (size before relaxing)
 .debug_str     0x0000000000018174       0x1c /home/jshuo/stm32/libopencm3-stm32f407vg-discovery/libopencm3/lib/libopencm3_stm32l1.a(flash.o)
                                       0x5320 (size before relaxing)

.comment        0x0000000000000000       0x7f
 .comment       0x0000000000000000       0x7f main.o
                                         0x80 (size before relaxing)
 .comment       0x000000000000007f       0x80 /home/jshuo/stm32/libopencm3-stm32f407vg-discovery/libopencm3/lib/libopencm3_stm32l1.a(rcc.o)
 .comment       0x000000000000007f       0x80 /home/jshuo/stm32/libopencm3-stm32f407vg-discovery/libopencm3/lib/libopencm3_stm32l1.a(flash_common_all.o)
 .comment       0x000000000000007f       0x80 /home/jshuo/stm32/libopencm3-stm32f407vg-discovery/libopencm3/lib/libopencm3_stm32l1.a(gpio_common_all.o)
 .comment       0x000000000000007f       0x80 /home/jshuo/stm32/libopencm3-stm32f407vg-discovery/libopencm3/lib/libopencm3_stm32l1.a(gpio_common_f0234.o)
 .comment       0x000000000000007f       0x80 /home/jshuo/stm32/libopencm3-stm32f407vg-discovery/libopencm3/lib/libopencm3_stm32l1.a(pwr_common_v1.o)
 .comment       0x000000000000007f       0x80 /home/jshuo/stm32/libopencm3-stm32f407vg-discovery/libopencm3/lib/libopencm3_stm32l1.a(pwr_common_v2.o)
 .comment       0x000000000000007f       0x80 /home/jshuo/stm32/libopencm3-stm32f407vg-discovery/libopencm3/lib/libopencm3_stm32l1.a(rtc_common_l1f024.o)
 .comment       0x000000000000007f       0x80 /home/jshuo/stm32/libopencm3-stm32f407vg-discovery/libopencm3/lib/libopencm3_stm32l1.a(timer_common_all.o)
 .comment       0x000000000000007f       0x80 /home/jshuo/stm32/libopencm3-stm32f407vg-discovery/libopencm3/lib/libopencm3_stm32l1.a(usart_common_all.o)
 .comment       0x000000000000007f       0x80 /home/jshuo/stm32/libopencm3-stm32f407vg-discovery/libopencm3/lib/libopencm3_stm32l1.a(usart_common_f124.o)
 .comment       0x000000000000007f       0x80 /home/jshuo/stm32/libopencm3-stm32f407vg-discovery/libopencm3/lib/libopencm3_stm32l1.a(exti_common_all.o)
 .comment       0x000000000000007f       0x80 /home/jshuo/stm32/libopencm3-stm32f407vg-discovery/libopencm3/lib/libopencm3_stm32l1.a(rcc_common_all.o)
 .comment       0x000000000000007f       0x80 /home/jshuo/stm32/libopencm3-stm32f407vg-discovery/libopencm3/lib/libopencm3_stm32l1.a(vector.o)
 .comment       0x000000000000007f       0x80 /home/jshuo/stm32/libopencm3-stm32f407vg-discovery/libopencm3/lib/libopencm3_stm32l1.a(nvic.o)
 .comment       0x000000000000007f       0x80 /home/jshuo/stm32/libopencm3-stm32f407vg-discovery/libopencm3/lib/libopencm3_stm32l1.a(flash.o)

.ARM.attributes
                0x0000000000000000       0x31
 .ARM.attributes
                0x0000000000000000       0x33 main.o
 .ARM.attributes
                0x0000000000000033       0x33 /home/jshuo/stm32/libopencm3-stm32f407vg-discovery/libopencm3/lib/libopencm3_stm32l1.a(rcc.o)
 .ARM.attributes
                0x0000000000000066       0x33 /home/jshuo/stm32/libopencm3-stm32f407vg-discovery/libopencm3/lib/libopencm3_stm32l1.a(flash_common_all.o)
 .ARM.attributes
                0x0000000000000099       0x33 /home/jshuo/stm32/libopencm3-stm32f407vg-discovery/libopencm3/lib/libopencm3_stm32l1.a(gpio_common_all.o)
 .ARM.attributes
                0x00000000000000cc       0x33 /home/jshuo/stm32/libopencm3-stm32f407vg-discovery/libopencm3/lib/libopencm3_stm32l1.a(gpio_common_f0234.o)
 .ARM.attributes
                0x00000000000000ff       0x33 /home/jshuo/stm32/libopencm3-stm32f407vg-discovery/libopencm3/lib/libopencm3_stm32l1.a(pwr_common_v1.o)
 .ARM.attributes
                0x0000000000000132       0x33 /home/jshuo/stm32/libopencm3-stm32f407vg-discovery/libopencm3/lib/libopencm3_stm32l1.a(pwr_common_v2.o)
 .ARM.attributes
                0x0000000000000165       0x33 /home/jshuo/stm32/libopencm3-stm32f407vg-discovery/libopencm3/lib/libopencm3_stm32l1.a(rtc_common_l1f024.o)
 .ARM.attributes
                0x0000000000000198       0x33 /home/jshuo/stm32/libopencm3-stm32f407vg-discovery/libopencm3/lib/libopencm3_stm32l1.a(timer_common_all.o)
 .ARM.attributes
                0x00000000000001cb       0x33 /home/jshuo/stm32/libopencm3-stm32f407vg-discovery/libopencm3/lib/libopencm3_stm32l1.a(usart_common_all.o)
 .ARM.attributes
                0x00000000000001fe       0x33 /home/jshuo/stm32/libopencm3-stm32f407vg-discovery/libopencm3/lib/libopencm3_stm32l1.a(usart_common_f124.o)
 .ARM.attributes
                0x0000000000000231       0x33 /home/jshuo/stm32/libopencm3-stm32f407vg-discovery/libopencm3/lib/libopencm3_stm32l1.a(exti_common_all.o)
 .ARM.attributes
                0x0000000000000264       0x33 /home/jshuo/stm32/libopencm3-stm32f407vg-discovery/libopencm3/lib/libopencm3_stm32l1.a(rcc_common_all.o)
 .ARM.attributes
                0x0000000000000297       0x33 /home/jshuo/stm32/libopencm3-stm32f407vg-discovery/libopencm3/lib/libopencm3_stm32l1.a(vector.o)
 .ARM.attributes
                0x00000000000002ca       0x33 /home/jshuo/stm32/libopencm3-stm32f407vg-discovery/libopencm3/lib/libopencm3_stm32l1.a(nvic.o)
 .ARM.attributes
                0x00000000000002fd       0x33 /home/jshuo/stm32/libopencm3-stm32f407vg-discovery/libopencm3/lib/libopencm3_stm32l1.a(flash.o)
 .ARM.attributes
                0x0000000000000330       0x2d /usr/bin/../lib/gcc/arm-none-eabi/7.3.1/../../../../arm-none-eabi/lib/thumb/v7-m/libc.a(lib_a-errno.o)
 .ARM.attributes
                0x000000000000035d       0x2d /usr/bin/../lib/gcc/arm-none-eabi/7.3.1/../../../../arm-none-eabi/lib/thumb/v7-m/libc.a(lib_a-impure.o)
 .ARM.attributes
                0x000000000000038a       0x2d /usr/bin/../lib/gcc/arm-none-eabi/7.3.1/../../../../arm-none-eabi/lib/thumb/v7-m/libc.a(lib_a-memset.o)
 .ARM.attributes
                0x00000000000003b7       0x2d /usr/bin/../lib/gcc/arm-none-eabi/7.3.1/../../../../arm-none-eabi/lib/thumb/v7-m/libc.a(lib_a-printf.o)
 .ARM.attributes
                0x00000000000003e4       0x2d /usr/bin/../lib/gcc/arm-none-eabi/7.3.1/../../../../arm-none-eabi/lib/thumb/v7-m/libc.a(lib_a-puts.o)
 .ARM.attributes
                0x0000000000000411       0x2d /usr/bin/../lib/gcc/arm-none-eabi/7.3.1/../../../../arm-none-eabi/lib/thumb/v7-m/libc.a(lib_a-strlen-stub.o)
 .ARM.attributes
                0x000000000000043e       0x2d /usr/bin/../lib/gcc/arm-none-eabi/7.3.1/../../../../arm-none-eabi/lib/thumb/v7-m/libc.a(lib_a-vfprintf.o)
 .ARM.attributes
                0x000000000000046b       0x2d /usr/bin/../lib/gcc/arm-none-eabi/7.3.1/../../../../arm-none-eabi/lib/thumb/v7-m/libc.a(lib_a-wsetup.o)
 .ARM.attributes
                0x0000000000000498       0x2d /usr/bin/../lib/gcc/arm-none-eabi/7.3.1/../../../../arm-none-eabi/lib/thumb/v7-m/libc.a(lib_a-dtoa.o)
 .ARM.attributes
                0x00000000000004c5       0x2d /usr/bin/../lib/gcc/arm-none-eabi/7.3.1/../../../../arm-none-eabi/lib/thumb/v7-m/libc.a(lib_a-fflush.o)
 .ARM.attributes
                0x00000000000004f2       0x2d /usr/bin/../lib/gcc/arm-none-eabi/7.3.1/../../../../arm-none-eabi/lib/thumb/v7-m/libc.a(lib_a-findfp.o)
 .ARM.attributes
                0x000000000000051f       0x2d /usr/bin/../lib/gcc/arm-none-eabi/7.3.1/../../../../arm-none-eabi/lib/thumb/v7-m/libc.a(lib_a-freer.o)
 .ARM.attributes
                0x000000000000054c       0x2d /usr/bin/../lib/gcc/arm-none-eabi/7.3.1/../../../../arm-none-eabi/lib/thumb/v7-m/libc.a(lib_a-fvwrite.o)
 .ARM.attributes
                0x0000000000000579       0x2d /usr/bin/../lib/gcc/arm-none-eabi/7.3.1/../../../../arm-none-eabi/lib/thumb/v7-m/libc.a(lib_a-fwalk.o)
 .ARM.attributes
                0x00000000000005a6       0x2d /usr/bin/../lib/gcc/arm-none-eabi/7.3.1/../../../../arm-none-eabi/lib/thumb/v7-m/libc.a(lib_a-localeconv.o)
 .ARM.attributes
                0x00000000000005d3       0x2d /usr/bin/../lib/gcc/arm-none-eabi/7.3.1/../../../../arm-none-eabi/lib/thumb/v7-m/libc.a(lib_a-lock.o)
 .ARM.attributes
                0x0000000000000600       0x2d /usr/bin/../lib/gcc/arm-none-eabi/7.3.1/../../../../arm-none-eabi/lib/thumb/v7-m/libc.a(lib_a-makebuf.o)
 .ARM.attributes
                0x000000000000062d       0x2d /usr/bin/../lib/gcc/arm-none-eabi/7.3.1/../../../../arm-none-eabi/lib/thumb/v7-m/libc.a(lib_a-mallocr.o)
 .ARM.attributes
                0x000000000000065a       0x2d /usr/bin/../lib/gcc/arm-none-eabi/7.3.1/../../../../arm-none-eabi/lib/thumb/v7-m/libc.a(lib_a-memchr-stub.o)
 .ARM.attributes
                0x0000000000000687       0x1b /usr/bin/../lib/gcc/arm-none-eabi/7.3.1/../../../../arm-none-eabi/lib/thumb/v7-m/libc.a(lib_a-memcpy.o)
 .ARM.attributes
                0x00000000000006a2       0x2d /usr/bin/../lib/gcc/arm-none-eabi/7.3.1/../../../../arm-none-eabi/lib/thumb/v7-m/libc.a(lib_a-memmove.o)
 .ARM.attributes
                0x00000000000006cf       0x2d /usr/bin/../lib/gcc/arm-none-eabi/7.3.1/../../../../arm-none-eabi/lib/thumb/v7-m/libc.a(lib_a-mlock.o)
 .ARM.attributes
                0x00000000000006fc       0x2d /usr/bin/../lib/gcc/arm-none-eabi/7.3.1/../../../../arm-none-eabi/lib/thumb/v7-m/libc.a(lib_a-mprec.o)
 .ARM.attributes
                0x0000000000000729       0x2d /usr/bin/../lib/gcc/arm-none-eabi/7.3.1/../../../../arm-none-eabi/lib/thumb/v7-m/libc.a(lib_a-reallocr.o)
 .ARM.attributes
                0x0000000000000756       0x2d /usr/bin/../lib/gcc/arm-none-eabi/7.3.1/../../../../arm-none-eabi/lib/thumb/v7-m/libc.a(lib_a-s_frexp.o)
 .ARM.attributes
                0x0000000000000783       0x2d /usr/bin/../lib/gcc/arm-none-eabi/7.3.1/../../../../arm-none-eabi/lib/thumb/v7-m/libc.a(lib_a-sbrkr.o)
 .ARM.attributes
                0x00000000000007b0       0x2d /usr/bin/../lib/gcc/arm-none-eabi/7.3.1/../../../../arm-none-eabi/lib/thumb/v7-m/libc.a(lib_a-stdio.o)
 .ARM.attributes
                0x00000000000007dd       0x2d /usr/bin/../lib/gcc/arm-none-eabi/7.3.1/../../../../arm-none-eabi/lib/thumb/v7-m/libc.a(lib_a-strncpy.o)
 .ARM.attributes
                0x000000000000080a       0x2d /usr/bin/../lib/gcc/arm-none-eabi/7.3.1/../../../../arm-none-eabi/lib/thumb/v7-m/libc.a(lib_a-vfiprintf.o)
 .ARM.attributes
                0x0000000000000837       0x2d /usr/bin/../lib/gcc/arm-none-eabi/7.3.1/../../../../arm-none-eabi/lib/thumb/v7-m/libc.a(lib_a-writer.o)
 .ARM.attributes
                0x0000000000000864       0x2d /usr/bin/../lib/gcc/arm-none-eabi/7.3.1/../../../../arm-none-eabi/lib/thumb/v7-m/libc.a(lib_a-callocr.o)
 .ARM.attributes
                0x0000000000000891       0x2d /usr/bin/../lib/gcc/arm-none-eabi/7.3.1/../../../../arm-none-eabi/lib/thumb/v7-m/libc.a(lib_a-closer.o)
 .ARM.attributes
                0x00000000000008be       0x2d /usr/bin/../lib/gcc/arm-none-eabi/7.3.1/../../../../arm-none-eabi/lib/thumb/v7-m/libc.a(lib_a-fclose.o)
 .ARM.attributes
                0x00000000000008eb       0x2d /usr/bin/../lib/gcc/arm-none-eabi/7.3.1/../../../../arm-none-eabi/lib/thumb/v7-m/libc.a(lib_a-fputwc.o)
 .ARM.attributes
                0x0000000000000918       0x2d /usr/bin/../lib/gcc/arm-none-eabi/7.3.1/../../../../arm-none-eabi/lib/thumb/v7-m/libc.a(lib_a-fstatr.o)
 .ARM.attributes
                0x0000000000000945       0x2d /usr/bin/../lib/gcc/arm-none-eabi/7.3.1/../../../../arm-none-eabi/lib/thumb/v7-m/libc.a(lib_a-isattyr.o)
 .ARM.attributes
                0x0000000000000972       0x2d /usr/bin/../lib/gcc/arm-none-eabi/7.3.1/../../../../arm-none-eabi/lib/thumb/v7-m/libc.a(lib_a-locale.o)
 .ARM.attributes
                0x000000000000099f       0x2d /usr/bin/../lib/gcc/arm-none-eabi/7.3.1/../../../../arm-none-eabi/lib/thumb/v7-m/libc.a(lib_a-lseekr.o)
 .ARM.attributes
                0x00000000000009cc       0x2d /usr/bin/../lib/gcc/arm-none-eabi/7.3.1/../../../../arm-none-eabi/lib/thumb/v7-m/libc.a(lib_a-mbtowc_r.o)
 .ARM.attributes
                0x00000000000009f9       0x2d /usr/bin/../lib/gcc/arm-none-eabi/7.3.1/../../../../arm-none-eabi/lib/thumb/v7-m/libc.a(lib_a-readr.o)
 .ARM.attributes
                0x0000000000000a26       0x2d /usr/bin/../lib/gcc/arm-none-eabi/7.3.1/../../../../arm-none-eabi/lib/thumb/v7-m/libc.a(lib_a-reent.o)
 .ARM.attributes
                0x0000000000000a53       0x2d /usr/bin/../lib/gcc/arm-none-eabi/7.3.1/../../../../arm-none-eabi/lib/thumb/v7-m/libc.a(lib_a-wbuf.o)
 .ARM.attributes
                0x0000000000000a80       0x2d /usr/bin/../lib/gcc/arm-none-eabi/7.3.1/../../../../arm-none-eabi/lib/thumb/v7-m/libc.a(lib_a-wcrtomb.o)
 .ARM.attributes
                0x0000000000000aad       0x2d /usr/bin/../lib/gcc/arm-none-eabi/7.3.1/../../../../arm-none-eabi/lib/thumb/v7-m/libc.a(lib_a-wctomb_r.o)
 .ARM.attributes
                0x0000000000000ada       0x2d /usr/bin/../lib/gcc/arm-none-eabi/7.3.1/../../../../arm-none-eabi/lib/thumb/v7-m/libc.a(lib_a-ctype_.o)
 .ARM.attributes
                0x0000000000000b07       0x1d /usr/bin/../lib/gcc/arm-none-eabi/7.3.1/thumb/v7-m/libgcc.a(_arm_addsubdf3.o)
 .ARM.attributes
                0x0000000000000b24       0x1d /usr/bin/../lib/gcc/arm-none-eabi/7.3.1/thumb/v7-m/libgcc.a(_arm_muldivdf3.o)
 .ARM.attributes
                0x0000000000000b41       0x1d /usr/bin/../lib/gcc/arm-none-eabi/7.3.1/thumb/v7-m/libgcc.a(_arm_cmpdf2.o)
 .ARM.attributes
                0x0000000000000b5e       0x1d /usr/bin/../lib/gcc/arm-none-eabi/7.3.1/thumb/v7-m/libgcc.a(_arm_unorddf2.o)
 .ARM.attributes
                0x0000000000000b7b       0x1d /usr/bin/../lib/gcc/arm-none-eabi/7.3.1/thumb/v7-m/libgcc.a(_arm_fixdfsi.o)
 .ARM.attributes
                0x0000000000000b98       0x1d /usr/bin/../lib/gcc/arm-none-eabi/7.3.1/thumb/v7-m/libgcc.a(_aeabi_uldivmod.o)
 .ARM.attributes
                0x0000000000000bb5       0x2d /usr/bin/../lib/gcc/arm-none-eabi/7.3.1/thumb/v7-m/libgcc.a(_udivmoddi4.o)
 .ARM.attributes
                0x0000000000000be2       0x1d /usr/bin/../lib/gcc/arm-none-eabi/7.3.1/thumb/v7-m/libgcc.a(_dvmd_tls.o)
 .ARM.attributes
                0x0000000000000bff       0x2d /usr/bin/../lib/gcc/arm-none-eabi/7.3.1/../../../../arm-none-eabi/lib/thumb/v7-m/libnosys.a(close.o)
 .ARM.attributes
                0x0000000000000c2c       0x2d /usr/bin/../lib/gcc/arm-none-eabi/7.3.1/../../../../arm-none-eabi/lib/thumb/v7-m/libnosys.a(fstat.o)
 .ARM.attributes
                0x0000000000000c59       0x2d /usr/bin/../lib/gcc/arm-none-eabi/7.3.1/../../../../arm-none-eabi/lib/thumb/v7-m/libnosys.a(isatty.o)
 .ARM.attributes
                0x0000000000000c86       0x2d /usr/bin/../lib/gcc/arm-none-eabi/7.3.1/../../../../arm-none-eabi/lib/thumb/v7-m/libnosys.a(lseek.o)
 .ARM.attributes
                0x0000000000000cb3       0x2d /usr/bin/../lib/gcc/arm-none-eabi/7.3.1/../../../../arm-none-eabi/lib/thumb/v7-m/libnosys.a(read.o)
 .ARM.attributes
                0x0000000000000ce0       0x2d /usr/bin/../lib/gcc/arm-none-eabi/7.3.1/../../../../arm-none-eabi/lib/thumb/v7-m/libnosys.a(sbrk.o)

.debug_frame    0x0000000000000000     0x21f0
 .debug_frame   0x0000000000000000       0x98 main.o
 .debug_frame   0x0000000000000098      0x1dc /home/jshuo/stm32/libopencm3-stm32f407vg-discovery/libopencm3/lib/libopencm3_stm32l1.a(rcc.o)
 .debug_frame   0x0000000000000274       0x50 /home/jshuo/stm32/libopencm3-stm32f407vg-discovery/libopencm3/lib/libopencm3_stm32l1.a(flash_common_all.o)
 .debug_frame   0x00000000000002c4       0x80 /home/jshuo/stm32/libopencm3-stm32f407vg-discovery/libopencm3/lib/libopencm3_stm32l1.a(gpio_common_all.o)
 .debug_frame   0x0000000000000344       0x70 /home/jshuo/stm32/libopencm3-stm32f407vg-discovery/libopencm3/lib/libopencm3_stm32l1.a(gpio_common_f0234.o)
 .debug_frame   0x00000000000003b4      0x100 /home/jshuo/stm32/libopencm3-stm32f407vg-discovery/libopencm3/lib/libopencm3_stm32l1.a(pwr_common_v1.o)
 .debug_frame   0x00000000000004b4       0x20 /home/jshuo/stm32/libopencm3-stm32f407vg-discovery/libopencm3/lib/libopencm3_stm32l1.a(pwr_common_v2.o)
 .debug_frame   0x00000000000004d4       0x78 /home/jshuo/stm32/libopencm3-stm32f407vg-discovery/libopencm3/lib/libopencm3_stm32l1.a(rtc_common_l1f024.o)
 .debug_frame   0x000000000000054c      0x4d0 /home/jshuo/stm32/libopencm3-stm32f407vg-discovery/libopencm3/lib/libopencm3_stm32l1.a(timer_common_all.o)
 .debug_frame   0x0000000000000a1c      0x170 /home/jshuo/stm32/libopencm3-stm32f407vg-discovery/libopencm3/lib/libopencm3_stm32l1.a(usart_common_all.o)
 .debug_frame   0x0000000000000b8c       0x60 /home/jshuo/stm32/libopencm3-stm32f407vg-discovery/libopencm3/lib/libopencm3_stm32l1.a(usart_common_f124.o)
 .debug_frame   0x0000000000000bec       0x88 /home/jshuo/stm32/libopencm3-stm32f407vg-discovery/libopencm3/lib/libopencm3_stm32l1.a(exti_common_all.o)
 .debug_frame   0x0000000000000c74       0xd0 /home/jshuo/stm32/libopencm3-stm32f407vg-discovery/libopencm3/lib/libopencm3_stm32l1.a(rcc_common_all.o)
 .debug_frame   0x0000000000000d44       0x4c /home/jshuo/stm32/libopencm3-stm32f407vg-discovery/libopencm3/lib/libopencm3_stm32l1.a(vector.o)
 .debug_frame   0x0000000000000d90       0xa0 /home/jshuo/stm32/libopencm3-stm32f407vg-discovery/libopencm3/lib/libopencm3_stm32l1.a(nvic.o)
 .debug_frame   0x0000000000000e30       0x30 /home/jshuo/stm32/libopencm3-stm32f407vg-discovery/libopencm3/lib/libopencm3_stm32l1.a(flash.o)
 .debug_frame   0x0000000000000e60       0x20 /usr/bin/../lib/gcc/arm-none-eabi/7.3.1/../../../../arm-none-eabi/lib/thumb/v7-m/libc.a(lib_a-errno.o)
 .debug_frame   0x0000000000000e80       0x38 /usr/bin/../lib/gcc/arm-none-eabi/7.3.1/../../../../arm-none-eabi/lib/thumb/v7-m/libc.a(lib_a-memset.o)
 .debug_frame   0x0000000000000eb8       0x78 /usr/bin/../lib/gcc/arm-none-eabi/7.3.1/../../../../arm-none-eabi/lib/thumb/v7-m/libc.a(lib_a-printf.o)
 .debug_frame   0x0000000000000f30       0x4c /usr/bin/../lib/gcc/arm-none-eabi/7.3.1/../../../../arm-none-eabi/lib/thumb/v7-m/libc.a(lib_a-puts.o)
 .debug_frame   0x0000000000000f7c       0x20 /usr/bin/../lib/gcc/arm-none-eabi/7.3.1/../../../../arm-none-eabi/lib/thumb/v7-m/libc.a(lib_a-strlen-stub.o)
 .debug_frame   0x0000000000000f9c       0x94 /usr/bin/../lib/gcc/arm-none-eabi/7.3.1/../../../../arm-none-eabi/lib/thumb/v7-m/libc.a(lib_a-vfprintf.o)
 .debug_frame   0x0000000000001030       0x2c /usr/bin/../lib/gcc/arm-none-eabi/7.3.1/../../../../arm-none-eabi/lib/thumb/v7-m/libc.a(lib_a-wsetup.o)
 .debug_frame   0x000000000000105c       0x88 /usr/bin/../lib/gcc/arm-none-eabi/7.3.1/../../../../arm-none-eabi/lib/thumb/v7-m/libc.a(lib_a-dtoa.o)
 .debug_frame   0x00000000000010e4       0x5c /usr/bin/../lib/gcc/arm-none-eabi/7.3.1/../../../../arm-none-eabi/lib/thumb/v7-m/libc.a(lib_a-fflush.o)
 .debug_frame   0x0000000000001140      0x150 /usr/bin/../lib/gcc/arm-none-eabi/7.3.1/../../../../arm-none-eabi/lib/thumb/v7-m/libc.a(lib_a-findfp.o)
 .debug_frame   0x0000000000001290       0x80 /usr/bin/../lib/gcc/arm-none-eabi/7.3.1/../../../../arm-none-eabi/lib/thumb/v7-m/libc.a(lib_a-freer.o)
 .debug_frame   0x0000000000001310       0x64 /usr/bin/../lib/gcc/arm-none-eabi/7.3.1/../../../../arm-none-eabi/lib/thumb/v7-m/libc.a(lib_a-fvwrite.o)
 .debug_frame   0x0000000000001374       0x54 /usr/bin/../lib/gcc/arm-none-eabi/7.3.1/../../../../arm-none-eabi/lib/thumb/v7-m/libc.a(lib_a-fwalk.o)
 .debug_frame   0x00000000000013c8       0x40 /usr/bin/../lib/gcc/arm-none-eabi/7.3.1/../../../../arm-none-eabi/lib/thumb/v7-m/libc.a(lib_a-localeconv.o)
 .debug_frame   0x0000000000001408       0xb0 /usr/bin/../lib/gcc/arm-none-eabi/7.3.1/../../../../arm-none-eabi/lib/thumb/v7-m/libc.a(lib_a-lock.o)
 .debug_frame   0x00000000000014b8       0x64 /usr/bin/../lib/gcc/arm-none-eabi/7.3.1/../../../../arm-none-eabi/lib/thumb/v7-m/libc.a(lib_a-makebuf.o)
 .debug_frame   0x000000000000151c       0x4c /usr/bin/../lib/gcc/arm-none-eabi/7.3.1/../../../../arm-none-eabi/lib/thumb/v7-m/libc.a(lib_a-mallocr.o)
 .debug_frame   0x0000000000001568       0x34 /usr/bin/../lib/gcc/arm-none-eabi/7.3.1/../../../../arm-none-eabi/lib/thumb/v7-m/libc.a(lib_a-memchr-stub.o)
 .debug_frame   0x000000000000159c       0x40 /usr/bin/../lib/gcc/arm-none-eabi/7.3.1/../../../../arm-none-eabi/lib/thumb/v7-m/libc.a(lib_a-memmove.o)
 .debug_frame   0x00000000000015dc       0x30 /usr/bin/../lib/gcc/arm-none-eabi/7.3.1/../../../../arm-none-eabi/lib/thumb/v7-m/libc.a(lib_a-mlock.o)
 .debug_frame   0x000000000000160c      0x264 /usr/bin/../lib/gcc/arm-none-eabi/7.3.1/../../../../arm-none-eabi/lib/thumb/v7-m/libc.a(lib_a-mprec.o)
 .debug_frame   0x0000000000001870       0x58 /usr/bin/../lib/gcc/arm-none-eabi/7.3.1/../../../../arm-none-eabi/lib/thumb/v7-m/libc.a(lib_a-reallocr.o)
 .debug_frame   0x00000000000018c8       0x30 /usr/bin/../lib/gcc/arm-none-eabi/7.3.1/../../../../arm-none-eabi/lib/thumb/v7-m/libc.a(lib_a-s_frexp.o)
 .debug_frame   0x00000000000018f8       0x2c /usr/bin/../lib/gcc/arm-none-eabi/7.3.1/../../../../arm-none-eabi/lib/thumb/v7-m/libc.a(lib_a-sbrkr.o)
 .debug_frame   0x0000000000001924       0x88 /usr/bin/../lib/gcc/arm-none-eabi/7.3.1/../../../../arm-none-eabi/lib/thumb/v7-m/libc.a(lib_a-stdio.o)
 .debug_frame   0x00000000000019ac       0x34 /usr/bin/../lib/gcc/arm-none-eabi/7.3.1/../../../../arm-none-eabi/lib/thumb/v7-m/libc.a(lib_a-strncpy.o)
 .debug_frame   0x00000000000019e0       0xd8 /usr/bin/../lib/gcc/arm-none-eabi/7.3.1/../../../../arm-none-eabi/lib/thumb/v7-m/libc.a(lib_a-vfiprintf.o)
 .debug_frame   0x0000000000001ab8       0x30 /usr/bin/../lib/gcc/arm-none-eabi/7.3.1/../../../../arm-none-eabi/lib/thumb/v7-m/libc.a(lib_a-writer.o)
 .debug_frame   0x0000000000001ae8       0x28 /usr/bin/../lib/gcc/arm-none-eabi/7.3.1/../../../../arm-none-eabi/lib/thumb/v7-m/libc.a(lib_a-callocr.o)
 .debug_frame   0x0000000000001b10       0x2c /usr/bin/../lib/gcc/arm-none-eabi/7.3.1/../../../../arm-none-eabi/lib/thumb/v7-m/libc.a(lib_a-closer.o)
 .debug_frame   0x0000000000001b3c       0x3c /usr/bin/../lib/gcc/arm-none-eabi/7.3.1/../../../../arm-none-eabi/lib/thumb/v7-m/libc.a(lib_a-fclose.o)
 .debug_frame   0x0000000000001b78       0x9c /usr/bin/../lib/gcc/arm-none-eabi/7.3.1/../../../../arm-none-eabi/lib/thumb/v7-m/libc.a(lib_a-fputwc.o)
 .debug_frame   0x0000000000001c14       0x2c /usr/bin/../lib/gcc/arm-none-eabi/7.3.1/../../../../arm-none-eabi/lib/thumb/v7-m/libc.a(lib_a-fstatr.o)
 .debug_frame   0x0000000000001c40       0x2c /usr/bin/../lib/gcc/arm-none-eabi/7.3.1/../../../../arm-none-eabi/lib/thumb/v7-m/libc.a(lib_a-isattyr.o)
 .debug_frame   0x0000000000001c6c       0x6c /usr/bin/../lib/gcc/arm-none-eabi/7.3.1/../../../../arm-none-eabi/lib/thumb/v7-m/libc.a(lib_a-locale.o)
 .debug_frame   0x0000000000001cd8       0x30 /usr/bin/../lib/gcc/arm-none-eabi/7.3.1/../../../../arm-none-eabi/lib/thumb/v7-m/libc.a(lib_a-lseekr.o)
 .debug_frame   0x0000000000001d08       0x4c /usr/bin/../lib/gcc/arm-none-eabi/7.3.1/../../../../arm-none-eabi/lib/thumb/v7-m/libc.a(lib_a-mbtowc_r.o)
 .debug_frame   0x0000000000001d54       0x30 /usr/bin/../lib/gcc/arm-none-eabi/7.3.1/../../../../arm-none-eabi/lib/thumb/v7-m/libc.a(lib_a-readr.o)
 .debug_frame   0x0000000000001d84       0x68 /usr/bin/../lib/gcc/arm-none-eabi/7.3.1/../../../../arm-none-eabi/lib/thumb/v7-m/libc.a(lib_a-reent.o)
 .debug_frame   0x0000000000001dec       0x40 /usr/bin/../lib/gcc/arm-none-eabi/7.3.1/../../../../arm-none-eabi/lib/thumb/v7-m/libc.a(lib_a-wbuf.o)
 .debug_frame   0x0000000000001e2c       0x64 /usr/bin/../lib/gcc/arm-none-eabi/7.3.1/../../../../arm-none-eabi/lib/thumb/v7-m/libc.a(lib_a-wcrtomb.o)