Archive member included to satisfy reference by file (symbol)

/home/jshuo/stm32/libopencm3-stm32f407vg-discovery/libopencm3/lib/libopencm3_stm32f1.a(adc.o)
                              adc_injec_timtrig_irq_4ch.o (adc_power_on)
/home/jshuo/stm32/libopencm3-stm32f407vg-discovery/libopencm3/lib/libopencm3_stm32f1.a(adc_common_v1.o)
                              adc_injec_timtrig_irq_4ch.o (adc_power_off)
/home/jshuo/stm32/libopencm3-stm32f407vg-discovery/libopencm3/lib/libopencm3_stm32f1.a(gpio.o)
                              adc_injec_timtrig_irq_4ch.o (gpio_set_mode)
/home/jshuo/stm32/libopencm3-stm32f407vg-discovery/libopencm3/lib/libopencm3_stm32f1.a(rcc.o)
                              adc_injec_timtrig_irq_4ch.o (rcc_clock_setup_in_hse_12mhz_out_72mhz)
/home/jshuo/stm32/libopencm3-stm32f407vg-discovery/libopencm3/lib/libopencm3_stm32f1.a(gpio_common_all.o)
                              adc_injec_timtrig_irq_4ch.o (gpio_set)
/home/jshuo/stm32/libopencm3-stm32f407vg-discovery/libopencm3/lib/libopencm3_stm32f1.a(timer_common_all.o)
                              adc_injec_timtrig_irq_4ch.o (timer_set_mode)
/home/jshuo/stm32/libopencm3-stm32f407vg-discovery/libopencm3/lib/libopencm3_stm32f1.a(usart_common_all.o)
                              adc_injec_timtrig_irq_4ch.o (usart_set_baudrate)
/home/jshuo/stm32/libopencm3-stm32f407vg-discovery/libopencm3/lib/libopencm3_stm32f1.a(usart_common_f124.o)
                              /home/jshuo/stm32/libopencm3-stm32f407vg-discovery/libopencm3/lib/libopencm3_stm32f1.a(usart_common_all.o) (usart_send)
/home/jshuo/stm32/libopencm3-stm32f407vg-discovery/libopencm3/lib/libopencm3_stm32f1.a(rcc_common_all.o)
                              adc_injec_timtrig_irq_4ch.o (rcc_periph_clock_enable)
/home/jshuo/stm32/libopencm3-stm32f407vg-discovery/libopencm3/lib/libopencm3_stm32f1.a(flash_common_all.o)
                              /home/jshuo/stm32/libopencm3-stm32f407vg-discovery/libopencm3/lib/libopencm3_stm32f1.a(rcc.o) (flash_set_ws)
/home/jshuo/stm32/libopencm3-stm32f407vg-discovery/libopencm3/lib/libopencm3_stm32f1.a(vector.o)
                              (reset_handler)
/home/jshuo/stm32/libopencm3-stm32f407vg-discovery/libopencm3/lib/libopencm3_stm32f1.a(nvic.o)
                              adc_injec_timtrig_irq_4ch.o (nvic_enable_irq)
/home/jshuo/stm32/libopencm3-stm32f407vg-discovery/libopencm3/lib/libopencm3_stm32f1.a(assert.o)
                              /home/jshuo/stm32/libopencm3-stm32f407vg-discovery/libopencm3/lib/libopencm3_stm32f1.a(rcc.o) (cm3_assert_failed)

Discarded input sections

 .group         0x0000000000000000        0xc adc_injec_timtrig_irq_4ch.o
 .group         0x0000000000000000        0xc adc_injec_timtrig_irq_4ch.o
 .group         0x0000000000000000        0xc adc_injec_timtrig_irq_4ch.o
 .group         0x0000000000000000        0xc adc_injec_timtrig_irq_4ch.o
 .group         0x0000000000000000        0xc adc_injec_timtrig_irq_4ch.o
 .group         0x0000000000000000        0xc adc_injec_timtrig_irq_4ch.o
 .group         0x0000000000000000        0xc adc_injec_timtrig_irq_4ch.o
 .group         0x0000000000000000        0xc adc_injec_timtrig_irq_4ch.o
 .group         0x0000000000000000        0xc adc_injec_timtrig_irq_4ch.o
 .group         0x0000000000000000        0xc adc_injec_timtrig_irq_4ch.o
 .group         0x0000000000000000        0xc adc_injec_timtrig_irq_4ch.o
 .group         0x0000000000000000        0xc adc_injec_timtrig_irq_4ch.o
 .group         0x0000000000000000        0xc adc_injec_timtrig_irq_4ch.o
 .group         0x0000000000000000        0xc adc_injec_timtrig_irq_4ch.o
 .group         0x0000000000000000        0xc adc_injec_timtrig_irq_4ch.o
 .group         0x0000000000000000        0xc adc_injec_timtrig_irq_4ch.o
 .group         0x0000000000000000        0xc adc_injec_timtrig_irq_4ch.o
 .group         0x0000000000000000        0xc adc_injec_timtrig_irq_4ch.o
 .group         0x0000000000000000        0xc adc_injec_timtrig_irq_4ch.o
 .group         0x0000000000000000        0xc adc_injec_timtrig_irq_4ch.o
 .group         0x0000000000000000        0xc adc_injec_timtrig_irq_4ch.o
 .group         0x0000000000000000        0xc adc_injec_timtrig_irq_4ch.o
 .group         0x0000000000000000        0xc adc_injec_timtrig_irq_4ch.o
 .text          0x0000000000000000        0x0 adc_injec_timtrig_irq_4ch.o
 .data          0x0000000000000000        0x0 adc_injec_timtrig_irq_4ch.o
 .bss           0x0000000000000000        0x0 adc_injec_timtrig_irq_4ch.o
 .group         0x0000000000000000        0xc /home/jshuo/stm32/libopencm3-stm32f407vg-discovery/libopencm3/lib/libopencm3_stm32f1.a(adc.o)
 .group         0x0000000000000000        0xc /home/jshuo/stm32/libopencm3-stm32f407vg-discovery/libopencm3/lib/libopencm3_stm32f1.a(adc.o)
 .group         0x0000000000000000        0xc /home/jshuo/stm32/libopencm3-stm32f407vg-discovery/libopencm3/lib/libopencm3_stm32f1.a(adc.o)
[...]
Memory Configuration

Name             Origin             Length             Attributes
rom              0x0000000008000000 0x0000000000020000 xr
ram              0x0000000020000000 0x0000000000005000 xrw
*default*        0x0000000000000000 0xffffffffffffffff

Linker script and memory map

Address of section .text set to 0x8002000
LOAD adc_injec_timtrig_irq_4ch.o
LOAD /home/jshuo/stm32/libopencm3-stm32f407vg-discovery/libopencm3/lib/libopencm3_stm32f1.a
START GROUP
LOAD /usr/bin/../lib/gcc/arm-none-eabi/7.3.1/../../../../arm-none-eabi/lib/thumb/v7-m/libc.a
LOAD /usr/bin/../lib/gcc/arm-none-eabi/7.3.1/thumb/v7-m/libgcc.a
LOAD /usr/bin/../lib/gcc/arm-none-eabi/7.3.1/../../../../arm-none-eabi/lib/thumb/v7-m/libnosys.a
END GROUP
START GROUP
LOAD /usr/bin/../lib/gcc/arm-none-eabi/7.3.1/thumb/v7-m/libgcc.a
LOAD /usr/bin/../lib/gcc/arm-none-eabi/7.3.1/../../../../arm-none-eabi/lib/thumb/v7-m/libg.a
LOAD /usr/bin/../lib/gcc/arm-none-eabi/7.3.1/../../../../arm-none-eabi/lib/thumb/v7-m/libc.a
END GROUP

.text           0x0000000008002000      0x9a8
 *(.vectors)
 .vectors       0x0000000008002000      0x150 /home/jshuo/stm32/libopencm3-stm32f407vg-discovery/libopencm3/lib/libopencm3_stm32f1.a(vector.o)
                0x0000000008002000                vector_table
 *(.text*)
 .text.my_usart_print_int.constprop.0
                0x0000000008002150       0x4c adc_injec_timtrig_irq_4ch.o
 .text.startup.main
                0x000000000800219c      0x214 adc_injec_timtrig_irq_4ch.o
                0x000000000800219c                main
 .text.adc1_2_isr
                0x00000000080023b0       0x5c adc_injec_timtrig_irq_4ch.o
                0x00000000080023b0                adc1_2_isr
 .text.adc_power_on
                0x000000000800240c       0x10 /home/jshuo/stm32/libopencm3-stm32f407vg-discovery/libopencm3/lib/libopencm3_stm32f1.a(adc.o)
                0x000000000800240c                adc_power_on
 .text.adc_enable_temperature_sensor
                0x000000000800241c       0x10 /home/jshuo/stm32/libopencm3-stm32f407vg-discovery/libopencm3/lib/libopencm3_stm32f1.a(adc.o)
                0x000000000800241c                adc_enable_temperature_sensor
 .text.adc_enable_external_trigger_injected
                0x000000000800242c       0x14 /home/jshuo/stm32/libopencm3-stm32f407vg-discovery/libopencm3/lib/libopencm3_stm32f1.a(adc.o)
                0x000000000800242c                adc_enable_external_trigger_injected
 .text.adc_reset_calibration
                0x0000000008002440       0x14 /home/jshuo/stm32/libopencm3-stm32f407vg-discovery/libopencm3/lib/libopencm3_stm32f1.a(adc.o)
                0x0000000008002440                adc_reset_calibration
 .text.adc_calibrate_async
                0x0000000008002454        0xa /home/jshuo/stm32/libopencm3-stm32f407vg-discovery/libopencm3/lib/libopencm3_stm32f1.a(adc.o)
                0x0000000008002454                adc_calibrate_async
 .text.adc_is_calibrating
                0x000000000800245e        0x8 /home/jshuo/stm32/libopencm3-stm32f407vg-discovery/libopencm3/lib/libopencm3_stm32f1.a(adc.o)
                0x000000000800245e                adc_is_calibrating
 .text.adc_calibrate
                0x0000000008002466       0x14 /home/jshuo/stm32/libopencm3-stm32f407vg-discovery/libopencm3/lib/libopencm3_stm32f1.a(adc.o)
                0x0000000008002466                adc_calibrate
 .text.adc_set_sample_time_on_all_channels
                0x000000000800247a       0x2a /home/jshuo/stm32/libopencm3-stm32f407vg-discovery/libopencm3/lib/libopencm3_stm32f1.a(adc.o)
                0x000000000800247a                adc_set_sample_time_on_all_channels
 .text.adc_power_off
                0x00000000080024a4        0xa /home/jshuo/stm32/libopencm3-stm32f407vg-discovery/libopencm3/lib/libopencm3_stm32f1.a(adc_common_v1.o)
                0x00000000080024a4                adc_power_off
 .text.adc_enable_scan_mode
                0x00000000080024ae        0xa /home/jshuo/stm32/libopencm3-stm32f407vg-discovery/libopencm3/lib/libopencm3_stm32f1.a(adc_common_v1.o)
                0x00000000080024ae                adc_enable_scan_mode
 .text.adc_enable_eoc_interrupt_injected
                0x00000000080024b8        0xa /home/jshuo/stm32/libopencm3-stm32f407vg-discovery/libopencm3/lib/libopencm3_stm32f1.a(adc_common_v1.o)
                0x00000000080024b8                adc_enable_eoc_interrupt_injected
 .text.adc_set_right_aligned
                0x00000000080024c2        0xa /home/jshuo/stm32/libopencm3-stm32f407vg-discovery/libopencm3/lib/libopencm3_stm32f1.a(adc_common_v1.o)
                0x00000000080024c2                adc_set_right_aligned
 .text.adc_read_injected
                0x00000000080024cc       0x22 /home/jshuo/stm32/libopencm3-stm32f407vg-discovery/libopencm3/lib/libopencm3_stm32f1.a(adc_common_v1.o)
                0x00000000080024cc                adc_read_injected
 .text.adc_set_single_conversion_mode
                0x00000000080024ee        0xa /home/jshuo/stm32/libopencm3-stm32f407vg-discovery/libopencm3/lib/libopencm3_stm32f1.a(adc_common_v1.o)
                0x00000000080024ee                adc_set_single_conversion_mode
 .text.adc_set_injected_sequence
                0x00000000080024f8       0x26 /home/jshuo/stm32/libopencm3-stm32f407vg-discovery/libopencm3/lib/libopencm3_stm32f1.a(adc_common_v1.o)
                0x00000000080024f8                adc_set_injected_sequence
 .text.gpio_set_mode
                0x000000000800251e       0x62 /home/jshuo/stm32/libopencm3-stm32f407vg-discovery/libopencm3/lib/libopencm3_stm32f1.a(gpio.o)
                0x000000000800251e                gpio_set_mode
 .text.rcc_osc_on.part.1
                0x0000000008002580       0x10 /home/jshuo/stm32/libopencm3-stm32f407vg-discovery/libopencm3/lib/libopencm3_stm32f1.a(rcc.o)
 .text.rcc_is_osc_ready
                0x0000000008002590       0x5c /home/jshuo/stm32/libopencm3-stm32f407vg-discovery/libopencm3/lib/libopencm3_stm32f1.a(rcc.o)
                0x0000000008002590                rcc_is_osc_ready
 .text.rcc_wait_for_osc_ready
                0x00000000080025ec       0x10 /home/jshuo/stm32/libopencm3-stm32f407vg-discovery/libopencm3/lib/libopencm3_stm32f1.a(rcc.o)
                0x00000000080025ec                rcc_wait_for_osc_ready
 .text.rcc_osc_on
                0x00000000080025fc       0x54 /home/jshuo/stm32/libopencm3-stm32f407vg-discovery/libopencm3/lib/libopencm3_stm32f1.a(rcc.o)
                0x00000000080025fc                rcc_osc_on
 .text.rcc_set_sysclk_source
                0x0000000008002650       0x14 /home/jshuo/stm32/libopencm3-stm32f407vg-discovery/libopencm3/lib/libopencm3_stm32f1.a(rcc.o)
                0x0000000008002650                rcc_set_sysclk_source
 .text.rcc_set_pll_multiplication_factor
                0x0000000008002664       0x14 /home/jshuo/stm32/libopencm3-stm32f407vg-discovery/libopencm3/lib/libopencm3_stm32f1.a(rcc.o)
                0x0000000008002664                rcc_set_pll_multiplication_factor
 .text.rcc_set_pll_source
                0x0000000008002678       0x14 /home/jshuo/stm32/libopencm3-stm32f407vg-discovery/libopencm3/lib/libopencm3_stm32f1.a(rcc.o)
                0x0000000008002678                rcc_set_pll_source
 .text.rcc_set_pllxtpre
                0x000000000800268c       0x14 /home/jshuo/stm32/libopencm3-stm32f407vg-discovery/libopencm3/lib/libopencm3_stm32f1.a(rcc.o)
                0x000000000800268c                rcc_set_pllxtpre
 .text.rcc_set_adcpre
                0x00000000080026a0       0x14 /home/jshuo/stm32/libopencm3-stm32f407vg-discovery/libopencm3/lib/libopencm3_stm32f1.a(rcc.o)
                0x00000000080026a0                rcc_set_adcpre
 .text.rcc_set_ppre2
                0x00000000080026b4       0x14 /home/jshuo/stm32/libopencm3-stm32f407vg-discovery/libopencm3/lib/libopencm3_stm32f1.a(rcc.o)
                0x00000000080026b4                rcc_set_ppre2
 .text.rcc_set_ppre1
                0x00000000080026c8       0x14 /home/jshuo/stm32/libopencm3-stm32f407vg-discovery/libopencm3/lib/libopencm3_stm32f1.a(rcc.o)
                0x00000000080026c8                rcc_set_ppre1
 .text.rcc_set_hpre
                0x00000000080026dc       0x14 /home/jshuo/stm32/libopencm3-stm32f407vg-discovery/libopencm3/lib/libopencm3_stm32f1.a(rcc.o)
                0x00000000080026dc                rcc_set_hpre
 .text.rcc_clock_setup_in_hse_12mhz_out_72mhz
                0x00000000080026f0       0x8c /home/jshuo/stm32/libopencm3-stm32f407vg-discovery/libopencm3/lib/libopencm3_stm32f1.a(rcc.o)
                0x00000000080026f0                rcc_clock_setup_in_hse_12mhz_out_72mhz
 .text.gpio_set
                0x000000000800277c        0x4 /home/jshuo/stm32/libopencm3-stm32f407vg-discovery/libopencm3/lib/libopencm3_stm32f1.a(gpio_common_all.o)
                0x000000000800277c                gpio_set
 .text.gpio_toggle
                0x0000000008002780       0x12 /home/jshuo/stm32/libopencm3-stm32f407vg-discovery/libopencm3/lib/libopencm3_stm32f1.a(gpio_common_all.o)
                0x0000000008002780                gpio_toggle
 .text.timer_set_mode
                0x0000000008002792       0x12 /home/jshuo/stm32/libopencm3-stm32f407vg-discovery/libopencm3/lib/libopencm3_stm32f1.a(timer_common_all.o)
                0x0000000008002792                timer_set_mode
 .text.timer_set_clock_division
                0x00000000080027a4       0x14 /home/jshuo/stm32/libopencm3-stm32f407vg-discovery/libopencm3/lib/libopencm3_stm32f1.a(timer_common_all.o)
                0x00000000080027a4                timer_set_clock_division
 .text.timer_enable_counter
                0x00000000080027b8        0xa /home/jshuo/stm32/libopencm3-stm32f407vg-discovery/libopencm3/lib/libopencm3_stm32f1.a(timer_common_all.o)
                0x00000000080027b8                timer_enable_counter
 .text.timer_set_master_mode
                0x00000000080027c2       0x10 /home/jshuo/stm32/libopencm3-stm32f407vg-discovery/libopencm3/lib/libopencm3_stm32f1.a(timer_common_all.o)
                0x00000000080027c2                timer_set_master_mode
 .text.timer_set_prescaler
                0x00000000080027d2        0x4 /home/jshuo/stm32/libopencm3-stm32f407vg-discovery/libopencm3/lib/libopencm3_stm32f1.a(timer_common_all.o)
                0x00000000080027d2                timer_set_prescaler
 .text.timer_set_period
                0x00000000080027d6        0x4 /home/jshuo/stm32/libopencm3-stm32f407vg-discovery/libopencm3/lib/libopencm3_stm32f1.a(timer_common_all.o)
                0x00000000080027d6                timer_set_period
 *fill*         0x00000000080027da        0x2 
 .text.usart_set_baudrate
                0x00000000080027dc       0x28 /home/jshuo/stm32/libopencm3-stm32f407vg-discovery/libopencm3/lib/libopencm3_stm32f1.a(usart_common_all.o)
                0x00000000080027dc                usart_set_baudrate
 .text.usart_set_databits
                0x0000000008002804       0x12 /home/jshuo/stm32/libopencm3-stm32f407vg-discovery/libopencm3/lib/libopencm3_stm32f1.a(usart_common_all.o)
                0x0000000008002804                usart_set_databits
 .text.usart_set_stopbits
                0x0000000008002816        0xc /home/jshuo/stm32/libopencm3-stm32f407vg-discovery/libopencm3/lib/libopencm3_stm32f1.a(usart_common_all.o)
                0x0000000008002816                usart_set_stopbits
 .text.usart_set_parity
                0x0000000008002822        0xc /home/jshuo/stm32/libopencm3-stm32f407vg-discovery/libopencm3/lib/libopencm3_stm32f1.a(usart_common_all.o)
                0x0000000008002822                usart_set_parity
 .text.usart_set_mode
                0x000000000800282e        0xc /home/jshuo/stm32/libopencm3-stm32f407vg-discovery/libopencm3/lib/libopencm3_stm32f1.a(usart_common_all.o)
                0x000000000800282e                usart_set_mode
 .text.usart_set_flow_control
                0x000000000800283a        0xc /home/jshuo/stm32/libopencm3-stm32f407vg-discovery/libopencm3/lib/libopencm3_stm32f1.a(usart_common_all.o)
                0x000000000800283a                usart_set_flow_control
 .text.usart_enable
                0x0000000008002846        0xa /home/jshuo/stm32/libopencm3-stm32f407vg-discovery/libopencm3/lib/libopencm3_stm32f1.a(usart_common_all.o)
                0x0000000008002846                usart_enable
 .text.usart_send_blocking
                0x0000000008002850       0x16 /home/jshuo/stm32/libopencm3-stm32f407vg-discovery/libopencm3/lib/libopencm3_stm32f1.a(usart_common_all.o)
                0x0000000008002850                usart_send_blocking
 .text.usart_send
                0x0000000008002866        0x8 /home/jshuo/stm32/libopencm3-stm32f407vg-discovery/libopencm3/lib/libopencm3_stm32f1.a(usart_common_f124.o)
                0x0000000008002866                usart_send
 .text.usart_wait_send_ready
                0x000000000800286e        0x8 /home/jshuo/stm32/libopencm3-stm32f407vg-discovery/libopencm3/lib/libopencm3_stm32f1.a(usart_common_f124.o)
                0x000000000800286e                usart_wait_send_ready
 .text.rcc_periph_clock_enable
                0x0000000008002876       0x1a /home/jshuo/stm32/libopencm3-stm32f407vg-discovery/libopencm3/lib/libopencm3_stm32f1.a(rcc_common_all.o)
                0x0000000008002876                rcc_periph_clock_enable
 .text.rcc_periph_reset_pulse
                0x0000000008002890       0x22 /home/jshuo/stm32/libopencm3-stm32f407vg-discovery/libopencm3/lib/libopencm3_stm32f1.a(rcc_common_all.o)
                0x0000000008002890                rcc_periph_reset_pulse
 *fill*         0x00000000080028b2        0x2 
 .text.flash_set_ws
                0x00000000080028b4       0x14 /home/jshuo/stm32/libopencm3-stm32f407vg-discovery/libopencm3/lib/libopencm3_stm32f1.a(flash_common_all.o)
                0x00000000080028b4                flash_set_ws
 .text.blocking_handler
                0x00000000080028c8        0x2 /home/jshuo/stm32/libopencm3-stm32f407vg-discovery/libopencm3/lib/libopencm3_stm32f1.a(vector.o)
                0x00000000080028c8                usart3_isr
                0x00000000080028c8                rtc_isr
                0x00000000080028c8                tim7_isr
                0x00000000080028c8                tim1_trg_com_isr
                0x00000000080028c8                usb_hp_can_tx_isr
                0x00000000080028c8                tim6_isr
                0x00000000080028c8                usb_wakeup_isr
                0x00000000080028c8                blocking_handler
                0x00000000080028c8                tim5_isr
                0x00000000080028c8                otg_fs_isr
                0x00000000080028c8                spi1_isr
                0x00000000080028c8                exti2_isr
                0x00000000080028c8                dma1_channel6_isr
                0x00000000080028c8                can_rx1_isr
                0x00000000080028c8                dma1_channel5_isr
                0x00000000080028c8                dma2_channel5_isr
                0x00000000080028c8                usart1_isr
                0x00000000080028c8                usage_fault_handler
                0x00000000080028c8                tim8_trg_com_isr
                0x00000000080028c8                can2_rx0_isr
                0x00000000080028c8                tim1_brk_isr
                0x00000000080028c8                can2_rx1_isr
                0x00000000080028c8                tim1_cc_isr
                0x00000000080028c8                sdio_isr
                0x00000000080028c8                eth_isr
                0x00000000080028c8                dma1_channel4_isr
                0x00000000080028c8                tim8_brk_isr
                0x00000000080028c8                dma2_channel4_5_isr
                0x00000000080028c8                pvd_isr
                0x00000000080028c8                rcc_isr
                0x00000000080028c8                flash_isr
                0x00000000080028c8                uart4_isr
                0x00000000080028c8                rtc_alarm_isr
                0x00000000080028c8                exti15_10_isr
                0x00000000080028c8                hard_fault_handler
                0x00000000080028c8                exti1_isr
                0x00000000080028c8                i2c1_ev_isr
                0x00000000080028c8                dma2_channel1_isr
                0x00000000080028c8                spi2_isr
                0x00000000080028c8                tim8_up_isr
                0x00000000080028c8                dma2_channel2_isr
                0x00000000080028c8                exti3_isr
                0x00000000080028c8                adc3_isr
                0x00000000080028c8                tim3_isr
                0x00000000080028c8                usart2_isr
                0x00000000080028c8                usb_lp_can_rx0_isr
                0x00000000080028c8                i2c2_er_isr
                0x00000000080028c8                i2c2_ev_isr
                0x00000000080028c8                uart5_isr
                0x00000000080028c8                fsmc_isr
                0x00000000080028c8                dma1_channel1_isr
                0x00000000080028c8                exti4_isr
                0x00000000080028c8                mem_manage_handler
                0x00000000080028c8                can2_tx_isr
                0x00000000080028c8                exti9_5_isr
                0x00000000080028c8                dma2_channel3_isr
                0x00000000080028c8                dma1_channel7_isr
                0x00000000080028c8                tim1_up_isr
                0x00000000080028c8                can2_sce_isr
                0x00000000080028c8                tim4_isr
                0x00000000080028c8                dma1_channel2_isr
                0x00000000080028c8                i2c1_er_isr
                0x00000000080028c8                can_sce_isr
                0x00000000080028c8                tim8_cc_isr
                0x00000000080028c8                tamper_isr
                0x00000000080028c8                eth_wkup_isr
                0x00000000080028c8                bus_fault_handler
                0x00000000080028c8                wwdg_isr
                0x00000000080028c8                dma1_channel3_isr
                0x00000000080028c8                spi3_isr
                0x00000000080028c8                tim2_isr
                0x00000000080028c8                exti0_isr
 .text.null_handler
                0x00000000080028ca        0x2 /home/jshuo/stm32/libopencm3-stm32f407vg-discovery/libopencm3/lib/libopencm3_stm32f1.a(vector.o)
                0x00000000080028ca                null_handler
                0x00000000080028ca                sv_call_handler
                0x00000000080028ca                pend_sv_handler
                0x00000000080028ca                debug_monitor_handler
                0x00000000080028ca                sys_tick_handler
                0x00000000080028ca                nmi_handler
 .text.reset_handler
                0x00000000080028cc       0x94 /home/jshuo/stm32/libopencm3-stm32f407vg-discovery/libopencm3/lib/libopencm3_stm32f1.a(vector.o)
                0x00000000080028cc                reset_handler
 .text.nvic_enable_irq
                0x0000000008002960       0x1a /home/jshuo/stm32/libopencm3-stm32f407vg-discovery/libopencm3/lib/libopencm3_stm32f1.a(nvic.o)
                0x0000000008002960                nvic_enable_irq
 *fill*         0x000000000800297a        0x2 
 .text.nvic_set_priority
                0x000000000800297c       0x20 /home/jshuo/stm32/libopencm3-stm32f407vg-discovery/libopencm3/lib/libopencm3_stm32f1.a(nvic.o)
                0x000000000800297c                nvic_set_priority
                0x000000000800299c                . = ALIGN (0x4)
 *(.rodata*)
 .rodata.my_usart_print_int.constprop.0.str1.1
                0x000000000800299c        0xb adc_injec_timtrig_irq_4ch.o
                0x00000000080029a8                . = ALIGN (0x4)
 *fill*         0x00000000080029a7        0x1 

.glue_7         0x00000000080029a8        0x0
 .glue_7        0x00000000080029a8        0x0 linker stubs

.glue_7t        0x00000000080029a8        0x0
 .glue_7t       0x00000000080029a8        0x0 linker stubs

.vfp11_veneer   0x00000000080029a8        0x0
 .vfp11_veneer  0x00000000080029a8        0x0 linker stubs

.v4_bx          0x00000000080029a8        0x0
 .v4_bx         0x00000000080029a8        0x0 linker stubs

.iplt           0x00000000080029a8        0x0
 .iplt          0x00000000080029a8        0x0 adc_injec_timtrig_irq_4ch.o

.rel.dyn        0x00000000080029a8        0x0
 .rel.iplt      0x00000000080029a8        0x0 adc_injec_timtrig_irq_4ch.o

.preinit_array  0x00000000080029a8        0x0
                0x00000000080029a8                . = ALIGN (0x4)
                0x00000000080029a8                __preinit_array_start = .
 *(.preinit_array)
                0x00000000080029a8                __preinit_array_end = .

.init_array     0x00000000080029a8        0x0
                0x00000000080029a8                . = ALIGN (0x4)
                0x00000000080029a8                __init_array_start = .
 *(SORT_BY_NAME(.init_array.*))
 *(.init_array)
                0x00000000080029a8                __init_array_end = .

.fini_array     0x00000000080029a8        0x0
                0x00000000080029a8                . = ALIGN (0x4)
                0x00000000080029a8                __fini_array_start = .
 *(.fini_array)
 *(SORT_BY_NAME(.fini_array.*))
                0x00000000080029a8                __fini_array_end = .

.ARM.extab
 *(.ARM.extab*)

.ARM.exidx      0x00000000080029a8        0x0
                0x00000000080029a8                __exidx_start = .
 *(.ARM.exidx*)
                0x00000000080029a8                __exidx_end = .
                0x00000000080029a8                . = ALIGN (0x4)
                0x00000000080029a8                _etext = .

.data           0x0000000020000000        0xc load address 0x00000000080029a8
                0x0000000020000000                _data = .
 *(.data*)
 .data.rcc_ahb_frequency
                0x0000000020000000        0x4 /home/jshuo/stm32/libopencm3-stm32f407vg-discovery/libopencm3/lib/libopencm3_stm32f1.a(rcc.o)
                0x0000000020000000                rcc_ahb_frequency
 .data.rcc_apb1_frequency
                0x0000000020000004        0x4 /home/jshuo/stm32/libopencm3-stm32f407vg-discovery/libopencm3/lib/libopencm3_stm32f1.a(rcc.o)
                0x0000000020000004                rcc_apb1_frequency
 .data.rcc_apb2_frequency
                0x0000000020000008        0x4 /home/jshuo/stm32/libopencm3-stm32f407vg-discovery/libopencm3/lib/libopencm3_stm32f1.a(rcc.o)
                0x0000000020000008                rcc_apb2_frequency
                0x000000002000000c                . = ALIGN (0x4)
                0x000000002000000c                _edata = .
                0x00000000080029a8                _data_loadaddr = LOADADDR (.data)

.igot.plt       0x000000002000000c        0x0 load address 0x00000000080029b4
 .igot.plt      0x000000002000000c        0x0 adc_injec_timtrig_irq_4ch.o

.bss            0x000000002000000c        0xc load address 0x00000000080029b4
 *(.bss*)
 .bss.channel_array
                0x000000002000000c        0x4 adc_injec_timtrig_irq_4ch.o
                0x000000002000000c                channel_array
 .bss.lisam_adc1
                0x0000000020000010        0x2 adc_injec_timtrig_irq_4ch.o
                0x0000000020000010                lisam_adc1
 .bss.lisam_adc2
                0x0000000020000012        0x2 adc_injec_timtrig_irq_4ch.o
                0x0000000020000012                lisam_adc2
 .bss.temperature
                0x0000000020000014        0x2 adc_injec_timtrig_irq_4ch.o
                0x0000000020000014                temperature
 .bss.v_refint  0x0000000020000016        0x2 adc_injec_timtrig_irq_4ch.o
                0x0000000020000016                v_refint
 *(COMMON)
                0x0000000020000018                . = ALIGN (0x4)
                0x0000000020000018                _ebss = .

/DISCARD/
 *(.eh_frame)
                0x0000000020000018                . = ALIGN (0x4)
                0x0000000020000018                end = .
                0x0000000020005000                PROVIDE (_stack = (ORIGIN (ram) + LENGTH (ram)))
OUTPUT(adc_injec_timtrig_irq_4ch.elf elf32-littlearm)

.debug_info     0x0000000000000000     0x504c
 .debug_info    0x0000000000000000      0xd49 adc_injec_timtrig_irq_4ch.o
 .debug_info    0x0000000000000d49      0x385 /home/jshuo/stm32/libopencm3-stm32f407vg-discovery/libopencm3/lib/libopencm3_stm32f1.a(adc.o)
 .debug_info    0x00000000000010ce      0x818 /home/jshuo/stm32/libopencm3-stm32f407vg-discovery/libopencm3/lib/libopencm3_stm32f1.a(adc_common_v1.o)
 .debug_info    0x00000000000018e6      0x1db /home/jshuo/stm32/libopencm3-stm32f407vg-discovery/libopencm3/lib/libopencm3_stm32f1.a(gpio.o)
 .debug_info    0x0000000000001ac1     0x1160 /home/jshuo/stm32/libopencm3-stm32f407vg-discovery/libopencm3/lib/libopencm3_stm32f1.a(rcc.o)
 .debug_info    0x0000000000002c21      0x22c /home/jshuo/stm32/libopencm3-stm32f407vg-discovery/libopencm3/lib/libopencm3_stm32f1.a(gpio_common_all.o)
 .debug_info    0x0000000000002e4d     0x1008 /home/jshuo/stm32/libopencm3-stm32f407vg-discovery/libopencm3/lib/libopencm3_stm32f1.a(timer_common_all.o)
 .debug_info    0x0000000000003e55      0x4c0 /home/jshuo/stm32/libopencm3-stm32f407vg-discovery/libopencm3/lib/libopencm3_stm32f1.a(usart_common_all.o)
 .debug_info    0x0000000000004315      0x19a /home/jshuo/stm32/libopencm3-stm32f407vg-discovery/libopencm3/lib/libopencm3_stm32f1.a(usart_common_f124.o)
 .debug_info    0x00000000000044af      0x5f5 /home/jshuo/stm32/libopencm3-stm32f407vg-discovery/libopencm3/lib/libopencm3_stm32f1.a(rcc_common_all.o)
 .debug_info    0x0000000000004aa4       0xec /home/jshuo/stm32/libopencm3-stm32f407vg-discovery/libopencm3/lib/libopencm3_stm32f1.a(flash_common_all.o)
 .debug_info    0x0000000000004b90      0x2a8 /home/jshuo/stm32/libopencm3-stm32f407vg-discovery/libopencm3/lib/libopencm3_stm32f1.a(vector.o)
 .debug_info    0x0000000000004e38      0x214 /home/jshuo/stm32/libopencm3-stm32f407vg-discovery/libopencm3/lib/libopencm3_stm32f1.a(nvic.o)

.debug_abbrev   0x0000000000000000      0xf75
 .debug_abbrev  0x0000000000000000      0x1b8 adc_injec_timtrig_irq_4ch.o
 .debug_abbrev  0x00000000000001b8      0x165 /home/jshuo/stm32/libopencm3-stm32f407vg-discovery/libopencm3/lib/libopencm3_stm32f1.a(adc.o)
 .debug_abbrev  0x000000000000031d      0x151 /home/jshuo/stm32/libopencm3-stm32f407vg-discovery/libopencm3/lib/libopencm3_stm32f1.a(adc_common_v1.o)
 .debug_abbrev  0x000000000000046e       0xb7 /home/jshuo/stm32/libopencm3-stm32f407vg-discovery/libopencm3/lib/libopencm3_stm32f1.a(gpio.o)
 .debug_abbrev  0x0000000000000525      0x285 /home/jshuo/stm32/libopencm3-stm32f407vg-discovery/libopencm3/lib/libopencm3_stm32f1.a(rcc.o)
 .debug_abbrev  0x00000000000007aa       0xf4 /home/jshuo/stm32/libopencm3-stm32f407vg-discovery/libopencm3/lib/libopencm3_stm32f1.a(gpio_common_all.o)
 .debug_abbrev  0x000000000000089e      0x181 /home/jshuo/stm32/libopencm3-stm32f407vg-discovery/libopencm3/lib/libopencm3_stm32f1.a(timer_common_all.o)
 .debug_abbrev  0x0000000000000a1f      0x10f /home/jshuo/stm32/libopencm3-stm32f407vg-discovery/libopencm3/lib/libopencm3_stm32f1.a(usart_common_all.o)
 .debug_abbrev  0x0000000000000b2e       0xb7 /home/jshuo/stm32/libopencm3-stm32f407vg-discovery/libopencm3/lib/libopencm3_stm32f1.a(usart_common_f124.o)
 .debug_abbrev  0x0000000000000be5      0x139 /home/jshuo/stm32/libopencm3-stm32f407vg-discovery/libopencm3/lib/libopencm3_stm32f1.a(rcc_common_all.o)
 .debug_abbrev  0x0000000000000d1e       0x8a /home/jshuo/stm32/libopencm3-stm32f407vg-discovery/libopencm3/lib/libopencm3_stm32f1.a(flash_common_all.o)
 .debug_abbrev  0x0000000000000da8      0x127 /home/jshuo/stm32/libopencm3-stm32f407vg-discovery/libopencm3/lib/libopencm3_stm32f1.a(vector.o)
 .debug_abbrev  0x0000000000000ecf       0xa6 /home/jshuo/stm32/libopencm3-stm32f407vg-discovery/libopencm3/lib/libopencm3_stm32f1.a(nvic.o)

.debug_loc      0x0000000000000000     0x194a
 .debug_loc     0x0000000000000000       0xfd adc_injec_timtrig_irq_4ch.o
 .debug_loc     0x00000000000000fd      0x17f /home/jshuo/stm32/libopencm3-stm32f407vg-discovery/libopencm3/lib/libopencm3_stm32f1.a(adc.o)
 .debug_loc     0x000000000000027c      0x39f /home/jshuo/stm32/libopencm3-stm32f407vg-discovery/libopencm3/lib/libopencm3_stm32f1.a(adc_common_v1.o)
 .debug_loc     0x000000000000061b      0x48a /home/jshuo/stm32/libopencm3-stm32f407vg-discovery/libopencm3/lib/libopencm3_stm32f1.a(gpio.o)
 .debug_loc     0x0000000000000aa5      0x480 /home/jshuo/stm32/libopencm3-stm32f407vg-discovery/libopencm3/lib/libopencm3_stm32f1.a(rcc.o)
 .debug_loc     0x0000000000000f25       0x97 /home/jshuo/stm32/libopencm3-stm32f407vg-discovery/libopencm3/lib/libopencm3_stm32f1.a(gpio_common_all.o)
 .debug_loc     0x0000000000000fbc      0x407 /home/jshuo/stm32/libopencm3-stm32f407vg-discovery/libopencm3/lib/libopencm3_stm32f1.a(timer_common_all.o)
 .debug_loc     0x00000000000013c3      0x1ca /home/jshuo/stm32/libopencm3-stm32f407vg-discovery/libopencm3/lib/libopencm3_stm32f1.a(usart_common_all.o)
 .debug_loc     0x000000000000158d       0x63 /home/jshuo/stm32/libopencm3-stm32f407vg-discovery/libopencm3/lib/libopencm3_stm32f1.a(usart_common_f124.o)
 .debug_loc     0x00000000000015f0      0x108 /home/jshuo/stm32/libopencm3-stm32f407vg-discovery/libopencm3/lib/libopencm3_stm32f1.a(rcc_common_all.o)
 .debug_loc     0x00000000000016f8       0x3f /home/jshuo/stm32/libopencm3-stm32f407vg-discovery/libopencm3/lib/libopencm3_stm32f1.a(flash_common_all.o)
 .debug_loc     0x0000000000001737       0xea /home/jshuo/stm32/libopencm3-stm32f407vg-discovery/libopencm3/lib/libopencm3_stm32f1.a(vector.o)
 .debug_loc     0x0000000000001821      0x129 /home/jshuo/stm32/libopencm3-stm32f407vg-discovery/libopencm3/lib/libopencm3_stm32f1.a(nvic.o)

.debug_aranges  0x0000000000000000      0x890
 .debug_aranges
                0x0000000000000000       0x30 adc_injec_timtrig_irq_4ch.o
 .debug_aranges
                0x0000000000000030       0x98 /home/jshuo/stm32/libopencm3-stm32f407vg-discovery/libopencm3/lib/libopencm3_stm32f1.a(adc.o)
 .debug_aranges
                0x00000000000000c8      0x158 /home/jshuo/stm32/libopencm3-stm32f407vg-discovery/libopencm3/lib/libopencm3_stm32f1.a(adc_common_v1.o)
 .debug_aranges
                0x0000000000000220       0x38 /home/jshuo/stm32/libopencm3-stm32f407vg-discovery/libopencm3/lib/libopencm3_stm32f1.a(gpio.o)
 .debug_aranges
                0x0000000000000258      0x158 /home/jshuo/stm32/libopencm3-stm32f407vg-discovery/libopencm3/lib/libopencm3_stm32f1.a(rcc.o)
 .debug_aranges
                0x00000000000003b0       0x50 /home/jshuo/stm32/libopencm3-stm32f407vg-discovery/libopencm3/lib/libopencm3_stm32f1.a(gpio_common_all.o)
 .debug_aranges
                0x0000000000000400      0x268 /home/jshuo/stm32/libopencm3-stm32f407vg-discovery/libopencm3/lib/libopencm3_stm32f1.a(timer_common_all.o)
 .debug_aranges
                0x0000000000000668       0xb8 /home/jshuo/stm32/libopencm3-stm32f407vg-discovery/libopencm3/lib/libopencm3_stm32f1.a(usart_common_all.o)
 .debug_aranges
                0x0000000000000720       0x40 /home/jshuo/stm32/libopencm3-stm32f407vg-discovery/libopencm3/lib/libopencm3_stm32f1.a(usart_common_f124.o)
 .debug_aranges
                0x0000000000000760       0x68 /home/jshuo/stm32/libopencm3-stm32f407vg-discovery/libopencm3/lib/libopencm3_stm32f1.a(rcc_common_all.o)
 .debug_aranges
                0x00000000000007c8       0x38 /home/jshuo/stm32/libopencm3-stm32f407vg-discovery/libopencm3/lib/libopencm3_stm32f1.a(flash_common_all.o)
 .debug_aranges
                0x0000000000000800       0x30 /home/jshuo/stm32/libopencm3-stm32f407vg-discovery/libopencm3/lib/libopencm3_stm32f1.a(vector.o)
 .debug_aranges
                0x0000000000000830       0x60 /home/jshuo/stm32/libopencm3-stm32f407vg-discovery/libopencm3/lib/libopencm3_stm32f1.a(nvic.o)

.debug_ranges   0x0000000000000000      0x820
 .debug_ranges  0x0000000000000000       0x20 adc_injec_timtrig_irq_4ch.o
 .debug_ranges  0x0000000000000020       0x88 /home/jshuo/stm32/libopencm3-stm32f407vg-discovery/libopencm3/lib/libopencm3_stm32f1.a(adc.o)
 .debug_ranges  0x00000000000000a8      0x148 /home/jshuo/stm32/libopencm3-stm32f407vg-discovery/libopencm3/lib/libopencm3_stm32f1.a(adc_common_v1.o)
 .debug_ranges  0x00000000000001f0       0x28 /home/jshuo/stm32/libopencm3-stm32f407vg-discovery/libopencm3/lib/libopencm3_stm32f1.a(gpio.o)
 .debug_ranges  0x0000000000000218      0x1a8 /home/jshuo/stm32/libopencm3-stm32f407vg-discovery/libopencm3/lib/libopencm3_stm32f1.a(rcc.o)
 .debug_ranges  0x00000000000003c0       0x40 /home/jshuo/stm32/libopencm3-stm32f407vg-discovery/libopencm3/lib/libopencm3_stm32f1.a(gpio_common_all.o)
 .debug_ranges  0x0000000000000400      0x258 /home/jshuo/stm32/libopencm3-stm32f407vg-discovery/libopencm3/lib/libopencm3_stm32f1.a(timer_common_all.o)
 .debug_ranges  0x0000000000000658       0xa8 /home/jshuo/stm32/libopencm3-stm32f407vg-discovery/libopencm3/lib/libopencm3_stm32f1.a(usart_common_all.o)
 .debug_ranges  0x0000000000000700       0x30 /home/jshuo/stm32/libopencm3-stm32f407vg-discovery/libopencm3/lib/libopencm3_stm32f1.a(usart_common_f124.o)
 .debug_ranges  0x0000000000000730       0x58 /home/jshuo/stm32/libopencm3-stm32f407vg-discovery/libopencm3/lib/libopencm3_stm32f1.a(rcc_common_all.o)
 .debug_ranges  0x0000000000000788       0x28 /home/jshuo/stm32/libopencm3-stm32f407vg-discovery/libopencm3/lib/libopencm3_stm32f1.a(flash_common_all.o)
 .debug_ranges  0x00000000000007b0       0x20 /home/jshuo/stm32/libopencm3-stm32f407vg-discovery/libopencm3/lib/libopencm3_stm32f1.a(vector.o)
 .debug_ranges  0x00000000000007d0       0x50 /home/jshuo/stm32/libopencm3-stm32f407vg-discovery/libopencm3/lib/libopencm3_stm32f1.a(nvic.o)

.debug_macro    0x0000000000000000     0x5779
 .debug_macro   0x0000000000000000      0x16f adc_injec_timtrig_irq_4ch.o
 .debug_macro   0x000000000000016f      0xa4e adc_injec_timtrig_irq_4ch.o
 .debug_macro   0x0000000000000bbd       0x22 adc_injec_timtrig_irq_4ch.o
 .debug_macro   0x0000000000000bdf       0x56 adc_injec_timtrig_irq_4ch.o
 .debug_macro   0x0000000000000c35       0x51 adc_injec_timtrig_irq_4ch.o
 .debug_macro   0x0000000000000c86       0xef adc_injec_timtrig_irq_4ch.o
 .debug_macro   0x0000000000000d75       0x6a adc_injec_timtrig_irq_4ch.o
 .debug_macro   0x0000000000000ddf      0x1df adc_injec_timtrig_irq_4ch.o
 .debug_macro   0x0000000000000fbe       0x22 adc_injec_timtrig_irq_4ch.o
 .debug_macro   0x0000000000000fe0       0xfa adc_injec_timtrig_irq_4ch.o
 .debug_macro   0x00000000000010da       0x58 adc_injec_timtrig_irq_4ch.o
 .debug_macro   0x0000000000001132      0x1b4 adc_injec_timtrig_irq_4ch.o
 .debug_macro   0x00000000000012e6      0x82c adc_injec_timtrig_irq_4ch.o
 .debug_macro   0x0000000000001b12       0xee adc_injec_timtrig_irq_4ch.o
 .debug_macro   0x0000000000001c00       0x82 adc_injec_timtrig_irq_4ch.o
 .debug_macro   0x0000000000001c82       0x76 adc_injec_timtrig_irq_4ch.o
 .debug_macro   0x0000000000001cf8      0xdfd adc_injec_timtrig_irq_4ch.o
 .debug_macro   0x0000000000002af5      0x449 adc_injec_timtrig_irq_4ch.o
 .debug_macro   0x0000000000002f3e      0x456 adc_injec_timtrig_irq_4ch.o
 .debug_macro   0x0000000000003394       0x94 adc_injec_timtrig_irq_4ch.o
 .debug_macro   0x0000000000003428      0x29e adc_injec_timtrig_irq_4ch.o
 .debug_macro   0x00000000000036c6      0xf96 adc_injec_timtrig_irq_4ch.o
 .debug_macro   0x000000000000465c       0x6a adc_injec_timtrig_irq_4ch.o
 .debug_macro   0x00000000000046c6      0x1a2 adc_injec_timtrig_irq_4ch.o
 .debug_macro   0x0000000000004868       0xb9 /home/jshuo/stm32/libopencm3-stm32f407vg-discovery/libopencm3/lib/libopencm3_stm32f1.a(adc.o)
 .debug_macro   0x0000000000004921       0xb9 /home/jshuo/stm32/libopencm3-stm32f407vg-discovery/libopencm3/lib/libopencm3_stm32f1.a(adc_common_v1.o)
 .debug_macro   0x00000000000049da       0xb9 /home/jshuo/stm32/libopencm3-stm32f407vg-discovery/libopencm3/lib/libopencm3_stm32f1.a(gpio.o)
 .debug_macro   0x0000000000004a93       0xe8 /home/jshuo/stm32/libopencm3-stm32f407vg-discovery/libopencm3/lib/libopencm3_stm32f1.a(rcc.o)
 .debug_macro   0x0000000000004b7b       0x16 /home/jshuo/stm32/libopencm3-stm32f407vg-discovery/libopencm3/lib/libopencm3_stm32f1.a(rcc.o)
 .debug_macro   0x0000000000004b91       0xb9 /home/jshuo/stm32/libopencm3-stm32f407vg-discovery/libopencm3/lib/libopencm3_stm32f1.a(gpio_common_all.o)
 .debug_macro   0x0000000000004c4a       0xcc /home/jshuo/stm32/libopencm3-stm32f407vg-discovery/libopencm3/lib/libopencm3_stm32f1.a(timer_common_all.o)
 .debug_macro   0x0000000000004d16       0xdb /home/jshuo/stm32/libopencm3-stm32f407vg-discovery/libopencm3/lib/libopencm3_stm32f1.a(usart_common_all.o)
 .debug_macro   0x0000000000004df1       0xdb /home/jshuo/stm32/libopencm3-stm32f407vg-discovery/libopencm3/lib/libopencm3_stm32f1.a(usart_common_f124.o)
 .debug_macro   0x0000000000004ecc       0xcf /home/jshuo/stm32/libopencm3-stm32f407vg-discovery/libopencm3/lib/libopencm3_stm32f1.a(rcc_common_all.o)
 .debug_macro   0x0000000000004f9b       0xc1 /home/jshuo/stm32/libopencm3-stm32f407vg-discovery/libopencm3/lib/libopencm3_stm32f1.a(flash_common_all.o)
 .debug_macro   0x000000000000505c       0xd0 /home/jshuo/stm32/libopencm3-stm32f407vg-discovery/libopencm3/lib/libopencm3_stm32f1.a(vector.o)
 .debug_macro   0x000000000000512c      0x3a1 /home/jshuo/stm32/libopencm3-stm32f407vg-discovery/libopencm3/lib/libopencm3_stm32f1.a(vector.o)
 .debug_macro   0x00000000000054cd       0xb4 /home/jshuo/stm32/libopencm3-stm32f407vg-discovery/libopencm3/lib/libopencm3_stm32f1.a(nvic.o)
 .debug_macro   0x0000000000005581       0x64 /home/jshuo/stm32/libopencm3-stm32f407vg-discovery/libopencm3/lib/libopencm3_stm32f1.a(nvic.o)
 .debug_macro   0x00000000000055e5      0x194 /home/jshuo/stm32/libopencm3-stm32f407vg-discovery/libopencm3/lib/libopencm3_stm32f1.a(nvic.o)

.debug_line     0x0000000000000000     0x33b9
 .debug_line    0x0000000000000000      0x54c adc_injec_timtrig_irq_4ch.o
 .debug_line    0x000000000000054c      0x380 /home/jshuo/stm32/libopencm3-stm32f407vg-discovery/libopencm3/lib/libopencm3_stm32f1.a(adc.o)
 .debug_line    0x00000000000008cc      0x543 /home/jshuo/stm32/libopencm3-stm32f407vg-discovery/libopencm3/lib/libopencm3_stm32f1.a(adc_common_v1.o)
 .debug_line    0x0000000000000e0f      0x278 /home/jshuo/stm32/libopencm3-stm32f407vg-discovery/libopencm3/lib/libopencm3_stm32f1.a(gpio.o)
 .debug_line    0x0000000000001087      0x673 /home/jshuo/stm32/libopencm3-stm32f407vg-discovery/libopencm3/lib/libopencm3_stm32f1.a(rcc.o)
 .debug_line    0x00000000000016fa      0x2af /home/jshuo/stm32/libopencm3-stm32f407vg-discovery/libopencm3/lib/libopencm3_stm32f1.a(gpio_common_all.o)
 .debug_line    0x00000000000019a9      0x891 /home/jshuo/stm32/libopencm3-stm32f407vg-discovery/libopencm3/lib/libopencm3_stm32f1.a(timer_common_all.o)
 .debug_line    0x000000000000223a      0x3ea /home/jshuo/stm32/libopencm3-stm32f407vg-discovery/libopencm3/lib/libopencm3_stm32f1.a(usart_common_all.o)
 .debug_line    0x0000000000002624      0x2cc /home/jshuo/stm32/libopencm3-stm32f407vg-discovery/libopencm3/lib/libopencm3_stm32f1.a(usart_common_f124.o)
 .debug_line    0x00000000000028f0      0x2e3 /home/jshuo/stm32/libopencm3-stm32f407vg-discovery/libopencm3/lib/libopencm3_stm32f1.a(rcc_common_all.o)
 .debug_line    0x0000000000002bd3      0x2a0 /home/jshuo/stm32/libopencm3-stm32f407vg-discovery/libopencm3/lib/libopencm3_stm32f1.a(flash_common_all.o)
 .debug_line    0x0000000000002e73      0x2c6 /home/jshuo/stm32/libopencm3-stm32f407vg-discovery/libopencm3/lib/libopencm3_stm32f1.a(vector.o)
 .debug_line    0x0000000000003139      0x280 /home/jshuo/stm32/libopencm3-stm32f407vg-discovery/libopencm3/lib/libopencm3_stm32f1.a(nvic.o)

.debug_str      0x0000000000000000    0x17249
 .debug_str     0x0000000000000000    0x13348 adc_injec_timtrig_irq_4ch.o
                                      0x134cf (size before relaxing)
 .debug_str     0x0000000000013348      0x203 /home/jshuo/stm32/libopencm3-stm32f407vg-discovery/libopencm3/lib/libopencm3_stm32f1.a(adc.o)
                                       0x72d7 (size before relaxing)
 .debug_str     0x000000000001354b      0x412 /home/jshuo/stm32/libopencm3-stm32f407vg-discovery/libopencm3/lib/libopencm3_stm32f1.a(adc_common_v1.o)
                                       0x7628 (size before relaxing)
 .debug_str     0x000000000001395d       0x79 /home/jshuo/stm32/libopencm3-stm32f407vg-discovery/libopencm3/lib/libopencm3_stm32f1.a(gpio.o)
                                       0x8430 (size before relaxing)
 .debug_str     0x00000000000139d6      0x4ce /home/jshuo/stm32/libopencm3-stm32f407vg-discovery/libopencm3/lib/libopencm3_stm32f1.a(rcc.o)
                                       0x7d3b (size before relaxing)
 .debug_str     0x0000000000013ea4       0x65 /home/jshuo/stm32/libopencm3-stm32f407vg-discovery/libopencm3/lib/libopencm3_stm32f1.a(gpio_common_all.o)
                                       0x8424 (size before relaxing)
 .debug_str     0x0000000000013f09      0xa51 /home/jshuo/stm32/libopencm3-stm32f407vg-discovery/libopencm3/lib/libopencm3_stm32f1.a(timer_common_all.o)
                                       0xbc0a (size before relaxing)
 .debug_str     0x000000000001495a      0x189 /home/jshuo/stm32/libopencm3-stm32f407vg-discovery/libopencm3/lib/libopencm3_stm32f1.a(usart_common_all.o)
                                       0x8210 (size before relaxing)
 .debug_str     0x0000000000014ae3       0x2d /home/jshuo/stm32/libopencm3-stm32f407vg-discovery/libopencm3/lib/libopencm3_stm32f1.a(usart_common_f124.o)
                                       0x804a (size before relaxing)
 .debug_str     0x0000000000014b10      0x168 /home/jshuo/stm32/libopencm3-stm32f407vg-discovery/libopencm3/lib/libopencm3_stm32f1.a(rcc_common_all.o)
                                       0x7651 (size before relaxing)
 .debug_str     0x0000000000014c78       0x64 /home/jshuo/stm32/libopencm3-stm32f407vg-discovery/libopencm3/lib/libopencm3_stm32f1.a(flash_common_all.o)
                                       0x5414 (size before relaxing)
 .debug_str     0x0000000000014cdc     0x1cff /home/jshuo/stm32/libopencm3-stm32f407vg-discovery/libopencm3/lib/libopencm3_stm32f1.a(vector.o)
                                       0x6578 (size before relaxing)
 .debug_str     0x00000000000169db      0x86e /home/jshuo/stm32/libopencm3-stm32f407vg-discovery/libopencm3/lib/libopencm3_stm32f1.a(nvic.o)
                                       0x512d (size before relaxing)

.comment        0x0000000000000000       0x7f
 .comment       0x0000000000000000       0x7f adc_injec_timtrig_irq_4ch.o
                                         0x80 (size before relaxing)
 .comment       0x000000000000007f       0x80 /home/jshuo/stm32/libopencm3-stm32f407vg-discovery/libopencm3/lib/libopencm3_stm32f1.a(adc.o)
 .comment       0x000000000000007f       0x80 /home/jshuo/stm32/libopencm3-stm32f407vg-discovery/libopencm3/lib/libopencm3_stm32f1.a(adc_common_v1.o)
 .comment       0x000000000000007f       0x80 /home/jshuo/stm32/libopencm3-stm32f407vg-discovery/libopencm3/lib/libopencm3_stm32f1.a(gpio.o)
 .comment       0x000000000000007f       0x80 /home/jshuo/stm32/libopencm3-stm32f407vg-discovery/libopencm3/lib/libopencm3_stm32f1.a(rcc.o)
 .comment       0x000000000000007f       0x80 /home/jshuo/stm32/libopencm3-stm32f407vg-discovery/libopencm3/lib/libopencm3_stm32f1.a(gpio_common_all.o)
 .comment       0x000000000000007f       0x80 /home/jshuo/stm32/libopencm3-stm32f407vg-discovery/libopencm3/lib/libopencm3_stm32f1.a(timer_common_all.o)
 .comment       0x000000000000007f       0x80 /home/jshuo/stm32/libopencm3-stm32f407vg-discovery/libopencm3/lib/libopencm3_stm32f1.a(usart_common_all.o)
 .comment       0x000000000000007f       0x80 /home/jshuo/stm32/libopencm3-stm32f407vg-discovery/libopencm3/lib/libopencm3_stm32f1.a(usart_common_f124.o)
 .comment       0x000000000000007f       0x80 /home/jshuo/stm32/libopencm3-stm32f407vg-discovery/libopencm3/lib/libopencm3_stm32f1.a(rcc_common_all.o)
 .comment       0x000000000000007f       0x80 /home/jshuo/stm32/libopencm3-stm32f407vg-discovery/libopencm3/lib/libopencm3_stm32f1.a(flash_common_all.o)
 .comment       0x000000000000007f       0x80 /home/jshuo/stm32/libopencm3-stm32f407vg-discovery/libopencm3/lib/libopencm3_stm32f1.a(vector.o)
 .comment       0x000000000000007f       0x80 /home/jshuo/stm32/libopencm3-stm32f407vg-discovery/libopencm3/lib/libopencm3_stm32f1.a(nvic.o)

.ARM.attributes
                0x0000000000000000       0x33
 .ARM.attributes
                0x0000000000000000       0x33 adc_injec_timtrig_irq_4ch.o
 .ARM.attributes
                0x0000000000000033       0x33 /home/jshuo/stm32/libopencm3-stm32f407vg-discovery/libopencm3/lib/libopencm3_stm32f1.a(adc.o)
 .ARM.attributes
                0x0000000000000066       0x33 /home/jshuo/stm32/libopencm3-stm32f407vg-discovery/libopencm3/lib/libopencm3_stm32f1.a(adc_common_v1.o)
 .ARM.attributes
                0x0000000000000099       0x33 /home/jshuo/stm32/libopencm3-stm32f407vg-discovery/libopencm3/lib/libopencm3_stm32f1.a(gpio.o)
 .ARM.attributes
                0x00000000000000cc       0x33 /home/jshuo/stm32/libopencm3-stm32f407vg-discovery/libopencm3/lib/libopencm3_stm32f1.a(rcc.o)
 .ARM.attributes
                0x00000000000000ff       0x33 /home/jshuo/stm32/libopencm3-stm32f407vg-discovery/libopencm3/lib/libopencm3_stm32f1.a(gpio_common_all.o)
 .ARM.attributes
                0x0000000000000132       0x33 /home/jshuo/stm32/libopencm3-stm32f407vg-discovery/libopencm3/lib/libopencm3_stm32f1.a(timer_common_all.o)
 .ARM.attributes
                0x0000000000000165       0x33 /home/jshuo/stm32/libopencm3-stm32f407vg-discovery/libopencm3/lib/libopencm3_stm32f1.a(usart_common_all.o)
 .ARM.attributes
                0x0000000000000198       0x33 /home/jshuo/stm32/libopencm3-stm32f407vg-discovery/libopencm3/lib/libopencm3_stm32f1.a(usart_common_f124.o)
 .ARM.attributes
                0x00000000000001cb       0x33 /home/jshuo/stm32/libopencm3-stm32f407vg-discovery/libopencm3/lib/libopencm3_stm32f1.a(rcc_common_all.o)
 .ARM.attributes
                0x00000000000001fe       0x33 /home/jshuo/stm32/libopencm3-stm32f407vg-discovery/libopencm3/lib/libopencm3_stm32f1.a(flash_common_all.o)
 .ARM.attributes
                0x0000000000000231       0x33 /home/jshuo/stm32/libopencm3-stm32f407vg-discovery/libopencm3/lib/libopencm3_stm32f1.a(vector.o)
 .ARM.attributes
                0x0000000000000264       0x33 /home/jshuo/stm32/libopencm3-stm32f407vg-discovery/libopencm3/lib/libopencm3_stm32f1.a(nvic.o)

.debug_frame    0x0000000000000000     0x10b0
 .debug_frame   0x0000000000000000       0x64 adc_injec_timtrig_irq_4ch.o
 .debug_frame   0x0000000000000064      0x128 /home/jshuo/stm32/libopencm3-stm32f407vg-discovery/libopencm3/lib/libopencm3_stm32f1.a(adc.o)
 .debug_frame   0x000000000000018c      0x2b4 /home/jshuo/stm32/libopencm3-stm32f407vg-discovery/libopencm3/lib/libopencm3_stm32f1.a(adc_common_v1.o)
 .debug_frame   0x0000000000000440       0x64 /home/jshuo/stm32/libopencm3-stm32f407vg-discovery/libopencm3/lib/libopencm3_stm32f1.a(gpio.o)
 .debug_frame   0x00000000000004a4      0x2e0 /home/jshuo/stm32/libopencm3-stm32f407vg-discovery/libopencm3/lib/libopencm3_stm32f1.a(rcc.o)
 .debug_frame   0x0000000000000784       0x80 /home/jshuo/stm32/libopencm3-stm32f407vg-discovery/libopencm3/lib/libopencm3_stm32f1.a(gpio_common_all.o)
 .debug_frame   0x0000000000000804      0x4d0 /home/jshuo/stm32/libopencm3-stm32f407vg-discovery/libopencm3/lib/libopencm3_stm32f1.a(timer_common_all.o)
 .debug_frame   0x0000000000000cd4      0x170 /home/jshuo/stm32/libopencm3-stm32f407vg-discovery/libopencm3/lib/libopencm3_stm32f1.a(usart_common_all.o)
 .debug_frame   0x0000000000000e44       0x60 /home/jshuo/stm32/libopencm3-stm32f407vg-discovery/libopencm3/lib/libopencm3_stm32f1.a(usart_common_f124.o)
 .debug_frame   0x0000000000000ea4       0xd0 /home/jshuo/stm32/libopencm3-stm32f407vg-discovery/libopencm3/lib/libopencm3_stm32f1.a(rcc_common_all.o)
 .debug_frame   0x0000000000000f74       0x50 /home/jshuo/stm32/libopencm3-stm32f407vg-discovery/libopencm3/lib/libopencm3_stm32f1.a(flash_common_all.o)
 .debug_frame   0x0000000000000fc4       0x4c /home/jshuo/stm32/libopencm3-stm32f407vg-discovery/libopencm3/lib/libopencm3_stm32f1.a(vector.o)
 .debug_frame   0x0000000000001010       0xa0 /home/jshuo/stm32/libopencm3-stm32f407vg-discovery/libopencm3/lib/libopencm3_stm32f1.a(nvic.o)

Cross Reference Table

Symbol                                            File
__fini_array_end                                  /home/jshuo/stm32/libopencm3-stm32f407vg-discovery/libopencm3/lib/libopencm3_stm32f1.a(vector.o)
__fini_array_start                                /home/jshuo/stm32/libopencm3-stm32f407vg-discovery/libopencm3/lib/libopencm3_stm32f1.a(vector.o)
__init_array_end                                  /home/jshuo/stm32/libopencm3-stm32f407vg-discovery/libopencm3/lib/libopencm3_stm32f1.a(vector.o)
__init_array_start                                /home/jshuo/stm32/libopencm3-stm32f407vg-discovery/libopencm3/lib/libopencm3_stm32f1.a(vector.o)
__preinit_array_end                               /home/jshuo/stm32/libopencm3-stm32f407vg-discovery/libopencm3/lib/libopencm3_stm32f1.a(vector.o)
__preinit_array_start                             /home/jshuo/stm32/libopencm3-stm32f407vg-discovery/libopencm3/lib/libopencm3_stm32f1.a(vector.o)
_data                                             /home/jshuo/stm32/libopencm3-stm32f407vg-discovery/libopencm3/lib/libopencm3_stm32f1.a(vector.o)
_data_loadaddr                                    /home/jshuo/stm32/libopencm3-stm32f407vg-discovery/libopencm3/lib/libopencm3_stm32f1.a(vector.o)
_ebss                                             /home/jshuo/stm32/libopencm3-stm32f407vg-discovery/libopencm3/lib/libopencm3_stm32f1.a(vector.o)
_edata                                            /home/jshuo/stm32/libopencm3-stm32f407vg-discovery/libopencm3/lib/libopencm3_stm32f1.a(vector.o)
_stack                                            /home/jshuo/stm32/libopencm3-stm32f407vg-discovery/libopencm3/lib/libopencm3_stm32f1.a(vector.o)
adc1_2_isr                                        adc_injec_timtrig_irq_4ch.o
adc3_isr                                          /home/jshuo/stm32/libopencm3-stm32f407vg-discovery/libopencm3/lib/libopencm3_stm32f1.a(vector.o)
adc_calibrate                                     /home/jshuo/stm32/libopencm3-stm32f407vg-discovery/libopencm3/lib/libopencm3_stm32f1.a(adc.o)
                                                  adc_injec_timtrig_irq_4ch.o
adc_calibrate_async                               /home/jshuo/stm32/libopencm3-stm32f407vg-discovery/libopencm3/lib/libopencm3_stm32f1.a(adc.o)
adc_calibration                                   /home/jshuo/stm32/libopencm3-stm32f407vg-discovery/libopencm3/lib/libopencm3_stm32f1.a(adc.o)
adc_clear_flag                                    /home/jshuo/stm32/libopencm3-stm32f407vg-discovery/libopencm3/lib/libopencm3_stm32f1.a(adc_common_v1.o)
adc_disable_analog_watchdog_injected              /home/jshuo/stm32/libopencm3-stm32f407vg-discovery/libopencm3/lib/libopencm3_stm32f1.a(adc_common_v1.o)
adc_disable_analog_watchdog_regular               /home/jshuo/stm32/libopencm3-stm32f407vg-discovery/libopencm3/lib/libopencm3_stm32f1.a(adc_common_v1.o)
adc_disable_automatic_injected_group_conversion   /home/jshuo/stm32/libopencm3-stm32f407vg-discovery/libopencm3/lib/libopencm3_stm32f1.a(adc_common_v1.o)
adc_disable_awd_interrupt                         /home/jshuo/stm32/libopencm3-stm32f407vg-discovery/libopencm3/lib/libopencm3_stm32f1.a(adc_common_v1.o)
adc_disable_discontinuous_mode_injected           /home/jshuo/stm32/libopencm3-stm32f407vg-discovery/libopencm3/lib/libopencm3_stm32f1.a(adc_common_v1.o)
adc_disable_discontinuous_mode_regular            /home/jshuo/stm32/libopencm3-stm32f407vg-discovery/libopencm3/lib/libopencm3_stm32f1.a(adc_common_v1.o)
adc_disable_dma                                   /home/jshuo/stm32/libopencm3-stm32f407vg-discovery/libopencm3/lib/libopencm3_stm32f1.a(adc_common_v1.o)
adc_disable_eoc_interrupt                         /home/jshuo/stm32/libopencm3-stm32f407vg-discovery/libopencm3/lib/libopencm3_stm32f1.a(adc_common_v1.o)
adc_disable_eoc_interrupt_injected                /home/jshuo/stm32/libopencm3-stm32f407vg-discovery/libopencm3/lib/libopencm3_stm32f1.a(adc_common_v1.o)
adc_disable_external_trigger_injected             /home/jshuo/stm32/libopencm3-stm32f407vg-discovery/libopencm3/lib/libopencm3_stm32f1.a(adc.o)
                                                  /home/jshuo/stm32/libopencm3-stm32f407vg-discovery/libopencm3/lib/libopencm3_stm32f1.a(adc_common_v1.o)
adc_disable_external_trigger_regular              /home/jshuo/stm32/libopencm3-stm32f407vg-discovery/libopencm3/lib/libopencm3_stm32f1.a(adc.o)
adc_disable_scan_mode                             /home/jshuo/stm32/libopencm3-stm32f407vg-discovery/libopencm3/lib/libopencm3_stm32f1.a(adc_common_v1.o)
adc_disable_temperature_sensor                    /home/jshuo/stm32/libopencm3-stm32f407vg-discovery/libopencm3/lib/libopencm3_stm32f1.a(adc.o)
adc_enable_analog_watchdog_injected               /home/jshuo/stm32/libopencm3-stm32f407vg-discovery/libopencm3/lib/libopencm3_stm32f1.a(adc_common_v1.o)
adc_enable_analog_watchdog_on_all_channels        /home/jshuo/stm32/libopencm3-stm32f407vg-discovery/libopencm3/lib/libopencm3_stm32f1.a(adc_common_v1.o)
adc_enable_analog_watchdog_on_selected_channel    /home/jshuo/stm32/libopencm3-stm32f407vg-discovery/libopencm3/lib/libopencm3_stm32f1.a(adc_common_v1.o)
adc_enable_analog_watchdog_regular                /home/jshuo/stm32/libopencm3-stm32f407vg-discovery/libopencm3/lib/libopencm3_stm32f1.a(adc_common_v1.o)
adc_enable_automatic_injected_group_conversion    /home/jshuo/stm32/libopencm3-stm32f407vg-discovery/libopencm3/lib/libopencm3_stm32f1.a(adc_common_v1.o)
adc_enable_awd_interrupt                          /home/jshuo/stm32/libopencm3-stm32f407vg-discovery/libopencm3/lib/libopencm3_stm32f1.a(adc_common_v1.o)
adc_enable_discontinuous_mode_injected            /home/jshuo/stm32/libopencm3-stm32f407vg-discovery/libopencm3/lib/libopencm3_stm32f1.a(adc_common_v1.o)
adc_enable_discontinuous_mode_regular             /home/jshuo/stm32/libopencm3-stm32f407vg-discovery/libopencm3/lib/libopencm3_stm32f1.a(adc_common_v1.o)
adc_enable_dma                                    /home/jshuo/stm32/libopencm3-stm32f407vg-discovery/libopencm3/lib/libopencm3_stm32f1.a(adc_common_v1.o)
adc_enable_eoc_interrupt                          /home/jshuo/stm32/libopencm3-stm32f407vg-discovery/libopencm3/lib/libopencm3_stm32f1.a(adc_common_v1.o)
adc_enable_eoc_interrupt_injected                 /home/jshuo/stm32/libopencm3-stm32f407vg-discovery/libopencm3/lib/libopencm3_stm32f1.a(adc_common_v1.o)
                                                  adc_injec_timtrig_irq_4ch.o
adc_enable_external_trigger_injected              /home/jshuo/stm32/libopencm3-stm32f407vg-discovery/libopencm3/lib/libopencm3_stm32f1.a(adc.o)
                                                  adc_injec_timtrig_irq_4ch.o
adc_enable_external_trigger_regular               /home/jshuo/stm32/libopencm3-stm32f407vg-discovery/libopencm3/lib/libopencm3_stm32f1.a(adc.o)
adc_enable_scan_mode                              /home/jshuo/stm32/libopencm3-stm32f407vg-discovery/libopencm3/lib/libopencm3_stm32f1.a(adc_common_v1.o)
                                                  adc_injec_timtrig_irq_4ch.o
adc_enable_temperature_sensor                     /home/jshuo/stm32/libopencm3-stm32f407vg-discovery/libopencm3/lib/libopencm3_stm32f1.a(adc.o)
                                                  adc_injec_timtrig_irq_4ch.o
adc_eoc                                           /home/jshuo/stm32/libopencm3-stm32f407vg-discovery/libopencm3/lib/libopencm3_stm32f1.a(adc_common_v1.o)
adc_eoc_injected                                  /home/jshuo/stm32/libopencm3-stm32f407vg-discovery/libopencm3/lib/libopencm3_stm32f1.a(adc_common_v1.o)
adc_get_flag                                      /home/jshuo/stm32/libopencm3-stm32f407vg-discovery/libopencm3/lib/libopencm3_stm32f1.a(adc_common_v1.o)
adc_is_calibrating                                /home/jshuo/stm32/libopencm3-stm32f407vg-discovery/libopencm3/lib/libopencm3_stm32f1.a(adc.o)
adc_power_off                                     /home/jshuo/stm32/libopencm3-stm32f407vg-discovery/libopencm3/lib/libopencm3_stm32f1.a(adc_common_v1.o)
                                                  adc_injec_timtrig_irq_4ch.o
adc_power_on                                      /home/jshuo/stm32/libopencm3-stm32f407vg-discovery/libopencm3/lib/libopencm3_stm32f1.a(adc.o)
                                                  adc_injec_timtrig_irq_4ch.o
adc_read_injected                                 /home/jshuo/stm32/libopencm3-stm32f407vg-discovery/libopencm3/lib/libopencm3_stm32f1.a(adc_common_v1.o)
                                                  adc_injec_timtrig_irq_4ch.o
adc_read_regular                                  /home/jshuo/stm32/libopencm3-stm32f407vg-discovery/libopencm3/lib/libopencm3_stm32f1.a(adc_common_v1.o)
adc_reset_calibration                             /home/jshuo/stm32/libopencm3-stm32f407vg-discovery/libopencm3/lib/libopencm3_stm32f1.a(adc.o)
                                                  adc_injec_timtrig_irq_4ch.o
adc_set_continuous_conversion_mode                /home/jshuo/stm32/libopencm3-stm32f407vg-discovery/libopencm3/lib/libopencm3_stm32f1.a(adc_common_v1.o)
adc_set_dual_mode                                 /home/jshuo/stm32/libopencm3-stm32f407vg-discovery/libopencm3/lib/libopencm3_stm32f1.a(adc.o)
adc_set_injected_offset                           /home/jshuo/stm32/libopencm3-stm32f407vg-discovery/libopencm3/lib/libopencm3_stm32f1.a(adc_common_v1.o)
adc_set_injected_sequence                         /home/jshuo/stm32/libopencm3-stm32f407vg-discovery/libopencm3/lib/libopencm3_stm32f1.a(adc_common_v1.o)
                                                  adc_injec_timtrig_irq_4ch.o
adc_set_left_aligned                              /home/jshuo/stm32/libopencm3-stm32f407vg-discovery/libopencm3/lib/libopencm3_stm32f1.a(adc_common_v1.o)
adc_set_regular_sequence                          /home/jshuo/stm32/libopencm3-stm32f407vg-discovery/libopencm3/lib/libopencm3_stm32f1.a(adc_common_v1.o)
adc_set_right_aligned                             /home/jshuo/stm32/libopencm3-stm32f407vg-discovery/libopencm3/lib/libopencm3_stm32f1.a(adc_common_v1.o)
                                                  adc_injec_timtrig_irq_4ch.o
adc_set_sample_time                               /home/jshuo/stm32/libopencm3-stm32f407vg-discovery/libopencm3/lib/libopencm3_stm32f1.a(adc.o)
adc_set_sample_time_on_all_channels               /home/jshuo/stm32/libopencm3-stm32f407vg-discovery/libopencm3/lib/libopencm3_stm32f1.a(adc.o)
                                                  adc_injec_timtrig_irq_4ch.o
adc_set_single_conversion_mode                    /home/jshuo/stm32/libopencm3-stm32f407vg-discovery/libopencm3/lib/libopencm3_stm32f1.a(adc_common_v1.o)
                                                  adc_injec_timtrig_irq_4ch.o
adc_set_watchdog_high_threshold                   /home/jshuo/stm32/libopencm3-stm32f407vg-discovery/libopencm3/lib/libopencm3_stm32f1.a(adc_common_v1.o)
adc_set_watchdog_low_threshold                    /home/jshuo/stm32/libopencm3-stm32f407vg-discovery/libopencm3/lib/libopencm3_stm32f1.a(adc_common_v1.o)
adc_start_conversion_direct                       /home/jshuo/stm32/libopencm3-stm32f407vg-discovery/libopencm3/lib/libopencm3_stm32f1.a(adc.o)
adc_start_conversion_injected                     /home/jshuo/stm32/libopencm3-stm32f407vg-discovery/libopencm3/lib/libopencm3_stm32f1.a(adc_common_v1.o)
adc_start_conversion_regular                      /home/jshuo/stm32/libopencm3-stm32f407vg-discovery/libopencm3/lib/libopencm3_stm32f1.a(adc_common_v1.o)
blocking_handler                                  /home/jshuo/stm32/libopencm3-stm32f407vg-discovery/libopencm3/lib/libopencm3_stm32f1.a(vector.o)
bus_fault_handler                                 /home/jshuo/stm32/libopencm3-stm32f407vg-discovery/libopencm3/lib/libopencm3_stm32f1.a(vector.o)
can2_rx0_isr                                      /home/jshuo/stm32/libopencm3-stm32f407vg-discovery/libopencm3/lib/libopencm3_stm32f1.a(vector.o)
can2_rx1_isr                                      /home/jshuo/stm32/libopencm3-stm32f407vg-discovery/libopencm3/lib/libopencm3_stm32f1.a(vector.o)
can2_sce_isr                                      /home/jshuo/stm32/libopencm3-stm32f407vg-discovery/libopencm3/lib/libopencm3_stm32f1.a(vector.o)
can2_tx_isr                                       /home/jshuo/stm32/libopencm3-stm32f407vg-discovery/libopencm3/lib/libopencm3_stm32f1.a(vector.o)
can_rx1_isr                                       /home/jshuo/stm32/libopencm3-stm32f407vg-discovery/libopencm3/lib/libopencm3_stm32f1.a(vector.o)
can_sce_isr                                       /home/jshuo/stm32/libopencm3-stm32f407vg-discovery/libopencm3/lib/libopencm3_stm32f1.a(vector.o)
channel_array                                     adc_injec_timtrig_irq_4ch.o
cm3_assert_failed                                 /home/jshuo/stm32/libopencm3-stm32f407vg-discovery/libopencm3/lib/libopencm3_stm32f1.a(assert.o)
                                                  /home/jshuo/stm32/libopencm3-stm32f407vg-discovery/libopencm3/lib/libopencm3_stm32f1.a(rcc.o)
cm3_assert_failed_verbose                         /home/jshuo/stm32/libopencm3-stm32f407vg-discovery/libopencm3/lib/libopencm3_stm32f1.a(assert.o)
debug_monitor_handler                             /home/jshuo/stm32/libopencm3-stm32f407vg-discovery/libopencm3/lib/libopencm3_stm32f1.a(vector.o)
dma1_channel1_isr                                 /home/jshuo/stm32/libopencm3-stm32f407vg-discovery/libopencm3/lib/libopencm3_stm32f1.a(vector.o)
dma1_channel2_isr                                 /home/jshuo/stm32/libopencm3-stm32f407vg-discovery/libopencm3/lib/libopencm3_stm32f1.a(vector.o)
dma1_channel3_isr                                 /home/jshuo/stm32/libopencm3-stm32f407vg-discovery/libopencm3/lib/libopencm3_stm32f1.a(vector.o)
dma1_channel4_isr                                 /home/jshuo/stm32/libopencm3-stm32f407vg-discovery/libopencm3/lib/libopencm3_stm32f1.a(vector.o)
dma1_channel5_isr                                 /home/jshuo/stm32/libopencm3-stm32f407vg-discovery/libopencm3/lib/libopencm3_stm32f1.a(vector.o)
dma1_channel6_isr                                 /home/jshuo/stm32/libopencm3-stm32f407vg-discovery/libopencm3/lib/libopencm3_stm32f1.a(vector.o)
dma1_channel7_isr                                 /home/jshuo/stm32/libopencm3-stm32f407vg-discovery/libopencm3/lib/libopencm3_stm32f1.a(vector.o)
dma2_channel1_isr                                 /home/jshuo/stm32/libopencm3-stm32f407vg-discovery/libopencm3/lib/libopencm3_stm32f1.a(vector.o)
dma2_channel2_isr                                 /home/jshuo/stm32/libopencm3-stm32f407vg-discovery/libopencm3/lib/libopencm3_stm32f1.a(vector.o)
dma2_channel3_isr                                 /home/jshuo/stm32/libopencm3-stm32f407vg-discovery/libopencm3/lib/libopencm3_stm32f1.a(vector.o)
dma2_channel4_5_isr                               /home/jshuo/stm32/libopencm3-stm32f407vg-discovery/libopencm3/lib/libopencm3_stm32f1.a(vector.o)
dma2_channel5_isr                                 /home/jshuo/stm32/libopencm3-stm32f407vg-discovery/libopencm3/lib/libopencm3_stm32f1.a(vector.o)
eth_isr                                           /home/jshuo/stm32/libopencm3-stm32f407vg-discovery/libopencm3/lib/libopencm3_stm32f1.a(vector.o)
eth_wkup_isr                                      /home/jshuo/stm32/libopencm3-stm32f407vg-discovery/libopencm3/lib/libopencm3_stm32f1.a(vector.o)
exti0_isr                                         /home/jshuo/stm32/libopencm3-stm32f407vg-discovery/libopencm3/lib/libopencm3_stm32f1.a(vector.o)
exti15_10_isr                                     /home/jshuo/stm32/libopencm3-stm32f407vg-discovery/libopencm3/lib/libopencm3_stm32f1.a(vector.o)
exti1_isr                                         /home/jshuo/stm32/libopencm3-stm32f407vg-discovery/libopencm3/lib/libopencm3_stm32f1.a(vector.o)
exti2_isr                                         /home/jshuo/stm32/libopencm3-stm32f407vg-discovery/libopencm3/lib/libopencm3_stm32f1.a(vector.o)
exti3_isr                                         /home/jshuo/stm32/libopencm3-stm32f407vg-discovery/libopencm3/lib/libopencm3_stm32f1.a(vector.o)
exti4_isr                                         /home/jshuo/stm32/libopencm3-stm32f407vg-discovery/libopencm3/lib/libopencm3_stm32f1.a(vector.o)
exti9_5_isr                                       /home/jshuo/stm32/libopencm3-stm32f407vg-discovery/libopencm3/lib/libopencm3_stm32f1.a(vector.o)
flash_isr                                         /home/jshuo/stm32/libopencm3-stm32f407vg-discovery/libopencm3/lib/libopencm3_stm32f1.a(vector.o)
flash_prefetch_disable                            /home/jshuo/stm32/libopencm3-stm32f407vg-discovery/libopencm3/lib/libopencm3_stm32f1.a(flash_common_all.o)
flash_prefetch_enable                             /home/jshuo/stm32/libopencm3-stm32f407vg-discovery/libopencm3/lib/libopencm3_stm32f1.a(flash_common_all.o)
flash_set_ws                                      /home/jshuo/stm32/libopencm3-stm32f407vg-discovery/libopencm3/lib/libopencm3_stm32f1.a(flash_common_all.o)
                                                  /home/jshuo/stm32/libopencm3-stm32f407vg-discovery/libopencm3/lib/libopencm3_stm32f1.a(rcc.o)
flash_unlock_option_bytes                         /home/jshuo/stm32/libopencm3-stm32f407vg-discovery/libopencm3/lib/libopencm3_stm32f1.a(flash_common_all.o)
fsmc_isr                                          /home/jshuo/stm32/libopencm3-stm32f407vg-discovery/libopencm3/lib/libopencm3_stm32f1.a(vector.o)
gpio_clear                                        /home/jshuo/stm32/libopencm3-stm32f407vg-discovery/libopencm3/lib/libopencm3_stm32f1.a(gpio_common_all.o)
gpio_get                                          /home/jshuo/stm32/libopencm3-stm32f407vg-discovery/libopencm3/lib/libopencm3_stm32f1.a(gpio_common_all.o)
gpio_port_config_lock                             /home/jshuo/stm32/libopencm3-stm32f407vg-discovery/libopencm3/lib/libopencm3_stm32f1.a(gpio_common_all.o)
gpio_port_read                                    /home/jshuo/stm32/libopencm3-stm32f407vg-discovery/libopencm3/lib/libopencm3_stm32f1.a(gpio_common_all.o)
gpio_port_write                                   /home/jshuo/stm32/libopencm3-stm32f407vg-discovery/libopencm3/lib/libopencm3_stm32f1.a(gpio_common_all.o)
gpio_primary_remap                                /home/jshuo/stm32/libopencm3-stm32f407vg-discovery/libopencm3/lib/libopencm3_stm32f1.a(gpio.o)
gpio_secondary_remap                              /home/jshuo/stm32/libopencm3-stm32f407vg-discovery/libopencm3/lib/libopencm3_stm32f1.a(gpio.o)
gpio_set                                          /home/jshuo/stm32/libopencm3-stm32f407vg-discovery/libopencm3/lib/libopencm3_stm32f1.a(gpio_common_all.o)
                                                  adc_injec_timtrig_irq_4ch.o
gpio_set_eventout                                 /home/jshuo/stm32/libopencm3-stm32f407vg-discovery/libopencm3/lib/libopencm3_stm32f1.a(gpio.o)
gpio_set_mode                                     /home/jshuo/stm32/libopencm3-stm32f407vg-discovery/libopencm3/lib/libopencm3_stm32f1.a(gpio.o)
                                                  adc_injec_timtrig_irq_4ch.o
gpio_toggle                                       /home/jshuo/stm32/libopencm3-stm32f407vg-discovery/libopencm3/lib/libopencm3_stm32f1.a(gpio_common_all.o)
                                                  adc_injec_timtrig_irq_4ch.o
hard_fault_handler                                /home/jshuo/stm32/libopencm3-stm32f407vg-discovery/libopencm3/lib/libopencm3_stm32f1.a(vector.o)
i2c1_er_isr                                       /home/jshuo/stm32/libopencm3-stm32f407vg-discovery/libopencm3/lib/libopencm3_stm32f1.a(vector.o)
i2c1_ev_isr                                       /home/jshuo/stm32/libopencm3-stm32f407vg-discovery/libopencm3/lib/libopencm3_stm32f1.a(vector.o)
i2c2_er_isr                                       /home/jshuo/stm32/libopencm3-stm32f407vg-discovery/libopencm3/lib/libopencm3_stm32f1.a(vector.o)
i2c2_ev_isr                                       /home/jshuo/stm32/libopencm3-stm32f407vg-discovery/libopencm3/lib/libopencm3_stm32f1.a(vector.o)
lisam_adc1                                        adc_injec_timtrig_irq_4ch.o
lisam_adc2                                        adc_injec_timtrig_irq_4ch.o
main                                              adc_injec_timtrig_irq_4ch.o
                                                  /home/jshuo/stm32/libopencm3-stm32f407vg-discovery/libopencm3/lib/libopencm3_stm32f1.a(vector.o)
mem_manage_handler                                /home/jshuo/stm32/libopencm3-stm32f407vg-discovery/libopencm3/lib/libopencm3_stm32f1.a(vector.o)
nmi_handler                                       /home/jshuo/stm32/libopencm3-stm32f407vg-discovery/libopencm3/lib/libopencm3_stm32f1.a(vector.o)
null_handler                                      /home/jshuo/stm32/libopencm3-stm32f407vg-discovery/libopencm3/lib/libopencm3_stm32f1.a(vector.o)
nvic_clear_pending_irq                            /home/jshuo/stm32/libopencm3-stm32f407vg-discovery/libopencm3/lib/libopencm3_stm32f1.a(nvic.o)
nvic_disable_irq                                  /home/jshuo/stm32/libopencm3-stm32f407vg-discovery/libopencm3/lib/libopencm3_stm32f1.a(nvic.o)
nvic_enable_irq                                   /home/jshuo/stm32/libopencm3-stm32f407vg-discovery/libopencm3/lib/libopencm3_stm32f1.a(nvic.o)
                                                  adc_injec_timtrig_irq_4ch.o
nvic_generate_software_interrupt                  /home/jshuo/stm32/libopencm3-stm32f407vg-discovery/libopencm3/lib/libopencm3_stm32f1.a(nvic.o)
nvic_get_active_irq                               /home/jshuo/stm32/libopencm3-stm32f407vg-discovery/libopencm3/lib/libopencm3_stm32f1.a(nvic.o)
nvic_get_irq_enabled                              /home/jshuo/stm32/libopencm3-stm32f407vg-discovery/libopencm3/lib/libopencm3_stm32f1.a(nvic.o)
nvic_get_pending_irq                              /home/jshuo/stm32/libopencm3-stm32f407vg-discovery/libopencm3/lib/libopencm3_stm32f1.a(nvic.o)
nvic_set_pending_irq                              /home/jshuo/stm32/libopencm3-stm32f407vg-discovery/libopencm3/lib/libopencm3_stm32f1.a(nvic.o)
nvic_set_priority                                 /home/jshuo/stm32/libopencm3-stm32f407vg-discovery/libopencm3/lib/libopencm3_stm32f1.a(nvic.o)
                                                  adc_injec_timtrig_irq_4ch.o
otg_fs_isr                                        /home/jshuo/stm32/libopencm3-stm32f407vg-discovery/libopencm3/lib/libopencm3_stm32f1.a(vector.o)
pend_sv_handler                                   /home/jshuo/stm32/libopencm3-stm32f407vg-discovery/libopencm3/lib/libopencm3_stm32f1.a(vector.o)
pvd_isr                                           /home/jshuo/stm32/libopencm3-stm32f407vg-discovery/libopencm3/lib/libopencm3_stm32f1.a(vector.o)
rcc_ahb_frequency                                 /home/jshuo/stm32/libopencm3-stm32f407vg-discovery/libopencm3/lib/libopencm3_stm32f1.a(rcc.o)
rcc_apb1_frequency                                /home/jshuo/stm32/libopencm3-stm32f407vg-discovery/libopencm3/lib/libopencm3_stm32f1.a(rcc.o)
                                                  /home/jshuo/stm32/libopencm3-stm32f407vg-discovery/libopencm3/lib/libopencm3_stm32f1.a(usart_common_all.o)
rcc_apb2_frequency                                /home/jshuo/stm32/libopencm3-stm32f407vg-discovery/libopencm3/lib/libopencm3_stm32f1.a(rcc.o)
                                                  /home/jshuo/stm32/libopencm3-stm32f407vg-discovery/libopencm3/lib/libopencm3_stm32f1.a(usart_common_all.o)
rcc_backupdomain_reset                            /home/jshuo/stm32/libopencm3-stm32f407vg-discovery/libopencm3/lib/libopencm3_stm32f1.a(rcc.o)
rcc_clock_setup_in_hse_12mhz_out_72mhz            /home/jshuo/stm32/libopencm3-stm32f407vg-discovery/libopencm3/lib/libopencm3_stm32f1.a(rcc.o)
                                                  adc_injec_timtrig_irq_4ch.o
rcc_clock_setup_in_hse_16mhz_out_72mhz            /home/jshuo/stm32/libopencm3-stm32f407vg-discovery/libopencm3/lib/libopencm3_stm32f1.a(rcc.o)
rcc_clock_setup_in_hse_25mhz_out_72mhz            /home/jshuo/stm32/libopencm3-stm32f407vg-discovery/libopencm3/lib/libopencm3_stm32f1.a(rcc.o)
rcc_clock_setup_in_hse_8mhz_out_24mhz             /home/jshuo/stm32/libopencm3-stm32f407vg-discovery/libopencm3/lib/libopencm3_stm32f1.a(rcc.o)
rcc_clock_setup_in_hse_8mhz_out_72mhz             /home/jshuo/stm32/libopencm3-stm32f407vg-discovery/libopencm3/lib/libopencm3_stm32f1.a(rcc.o)
rcc_clock_setup_in_hsi_out_24mhz                  /home/jshuo/stm32/libopencm3-stm32f407vg-discovery/libopencm3/lib/libopencm3_stm32f1.a(rcc.o)
rcc_clock_setup_in_hsi_out_48mhz                  /home/jshuo/stm32/libopencm3-stm32f407vg-discovery/libopencm3/lib/libopencm3_stm32f1.a(rcc.o)
rcc_clock_setup_in_hsi_out_64mhz                  /home/jshuo/stm32/libopencm3-stm32f407vg-discovery/libopencm3/lib/libopencm3_stm32f1.a(rcc.o)
rcc_css_disable                                   /home/jshuo/stm32/libopencm3-stm32f407vg-discovery/libopencm3/lib/libopencm3_stm32f1.a(rcc.o)
rcc_css_enable                                    /home/jshuo/stm32/libopencm3-stm32f407vg-discovery/libopencm3/lib/libopencm3_stm32f1.a(rcc.o)
rcc_css_int_clear                                 /home/jshuo/stm32/libopencm3-stm32f407vg-discovery/libopencm3/lib/libopencm3_stm32f1.a(rcc.o)
rcc_css_int_flag                                  /home/jshuo/stm32/libopencm3-stm32f407vg-discovery/libopencm3/lib/libopencm3_stm32f1.a(rcc.o)
rcc_enable_rtc_clock                              /home/jshuo/stm32/libopencm3-stm32f407vg-discovery/libopencm3/lib/libopencm3_stm32f1.a(rcc.o)
rcc_is_osc_ready                                  /home/jshuo/stm32/libopencm3-stm32f407vg-discovery/libopencm3/lib/libopencm3_stm32f1.a(rcc.o)
rcc_isr                                           /home/jshuo/stm32/libopencm3-stm32f407vg-discovery/libopencm3/lib/libopencm3_stm32f1.a(vector.o)
rcc_osc_bypass_disable                            /home/jshuo/stm32/libopencm3-stm32f407vg-discovery/libopencm3/lib/libopencm3_stm32f1.a(rcc_common_all.o)
rcc_osc_bypass_enable                             /home/jshuo/stm32/libopencm3-stm32f407vg-discovery/libopencm3/lib/libopencm3_stm32f1.a(rcc_common_all.o)
rcc_osc_off                                       /home/jshuo/stm32/libopencm3-stm32f407vg-discovery/libopencm3/lib/libopencm3_stm32f1.a(rcc.o)
rcc_osc_on                                        /home/jshuo/stm32/libopencm3-stm32f407vg-discovery/libopencm3/lib/libopencm3_stm32f1.a(rcc.o)
rcc_osc_ready_int_clear                           /home/jshuo/stm32/libopencm3-stm32f407vg-discovery/libopencm3/lib/libopencm3_stm32f1.a(rcc.o)
rcc_osc_ready_int_disable                         /home/jshuo/stm32/libopencm3-stm32f407vg-discovery/libopencm3/lib/libopencm3_stm32f1.a(rcc.o)
rcc_osc_ready_int_enable                          /home/jshuo/stm32/libopencm3-stm32f407vg-discovery/libopencm3/lib/libopencm3_stm32f1.a(rcc.o)
rcc_osc_ready_int_flag                            /home/jshuo/stm32/libopencm3-stm32f407vg-discovery/libopencm3/lib/libopencm3_stm32f1.a(rcc.o)
rcc_periph_clock_disable                          /home/jshuo/stm32/libopencm3-stm32f407vg-discovery/libopencm3/lib/libopencm3_stm32f1.a(rcc_common_all.o)
rcc_periph_clock_enable                           /home/jshuo/stm32/libopencm3-stm32f407vg-discovery/libopencm3/lib/libopencm3_stm32f1.a(rcc_common_all.o)
                                                  adc_injec_timtrig_irq_4ch.o
rcc_periph_reset_hold                             /home/jshuo/stm32/libopencm3-stm32f407vg-discovery/libopencm3/lib/libopencm3_stm32f1.a(rcc_common_all.o)
rcc_periph_reset_pulse                            /home/jshuo/stm32/libopencm3-stm32f407vg-discovery/libopencm3/lib/libopencm3_stm32f1.a(rcc_common_all.o)
                                                  adc_injec_timtrig_irq_4ch.o
rcc_periph_reset_release                          /home/jshuo/stm32/libopencm3-stm32f407vg-discovery/libopencm3/lib/libopencm3_stm32f1.a(rcc_common_all.o)
rcc_peripheral_clear_reset                        /home/jshuo/stm32/libopencm3-stm32f407vg-discovery/libopencm3/lib/libopencm3_stm32f1.a(rcc_common_all.o)
rcc_peripheral_disable_clock                      /home/jshuo/stm32/libopencm3-stm32f407vg-discovery/libopencm3/lib/libopencm3_stm32f1.a(rcc_common_all.o)
rcc_peripheral_enable_clock                       /home/jshuo/stm32/libopencm3-stm32f407vg-discovery/libopencm3/lib/libopencm3_stm32f1.a(rcc_common_all.o)
rcc_peripheral_reset                              /home/jshuo/stm32/libopencm3-stm32f407vg-discovery/libopencm3/lib/libopencm3_stm32f1.a(rcc_common_all.o)
rcc_rtc_clock_enabled_flag                        /home/jshuo/stm32/libopencm3-stm32f407vg-discovery/libopencm3/lib/libopencm3_stm32f1.a(rcc.o)
rcc_set_adcpre                                    /home/jshuo/stm32/libopencm3-stm32f407vg-discovery/libopencm3/lib/libopencm3_stm32f1.a(rcc.o)
rcc_set_hpre                                      /home/jshuo/stm32/libopencm3-stm32f407vg-discovery/libopencm3/lib/libopencm3_stm32f1.a(rcc.o)
rcc_set_mco                                       /home/jshuo/stm32/libopencm3-stm32f407vg-discovery/libopencm3/lib/libopencm3_stm32f1.a(rcc_common_all.o)
rcc_set_pll2_multiplication_factor                /home/jshuo/stm32/libopencm3-stm32f407vg-discovery/libopencm3/lib/libopencm3_stm32f1.a(rcc.o)
rcc_set_pll3_multiplication_factor                /home/jshuo/stm32/libopencm3-stm32f407vg-discovery/libopencm3/lib/libopencm3_stm32f1.a(rcc.o)
rcc_set_pll_multiplication_factor                 /home/jshuo/stm32/libopencm3-stm32f407vg-discovery/libopencm3/lib/libopencm3_stm32f1.a(rcc.o)
rcc_set_pll_source                                /home/jshuo/stm32/libopencm3-stm32f407vg-discovery/libopencm3/lib/libopencm3_stm32f1.a(rcc.o)
rcc_set_pllxtpre                                  /home/jshuo/stm32/libopencm3-stm32f407vg-discovery/libopencm3/lib/libopencm3_stm32f1.a(rcc.o)
rcc_set_ppre1                                     /home/jshuo/stm32/libopencm3-stm32f407vg-discovery/libopencm3/lib/libopencm3_stm32f1.a(rcc.o)
rcc_set_ppre2                                     /home/jshuo/stm32/libopencm3-stm32f407vg-discovery/libopencm3/lib/libopencm3_stm32f1.a(rcc.o)
rcc_set_prediv1                                   /home/jshuo/stm32/libopencm3-stm32f407vg-discovery/libopencm3/lib/libopencm3_stm32f1.a(rcc.o)
rcc_set_prediv1_source                            /home/jshuo/stm32/libopencm3-stm32f407vg-discovery/libopencm3/lib/libopencm3_stm32f1.a(rcc.o)
rcc_set_prediv2                                   /home/jshuo/stm32/libopencm3-stm32f407vg-discovery/libopencm3/lib/libopencm3_stm32f1.a(rcc.o)
rcc_set_rtc_clock_source                          /home/jshuo/stm32/libopencm3-stm32f407vg-discovery/libopencm3/lib/libopencm3_stm32f1.a(rcc.o)
rcc_set_sysclk_source                             /home/jshuo/stm32/libopencm3-stm32f407vg-discovery/libopencm3/lib/libopencm3_stm32f1.a(rcc.o)
rcc_set_usbpre                                    /home/jshuo/stm32/libopencm3-stm32f407vg-discovery/libopencm3/lib/libopencm3_stm32f1.a(rcc.o)
rcc_system_clock_source                           /home/jshuo/stm32/libopencm3-stm32f407vg-discovery/libopencm3/lib/libopencm3_stm32f1.a(rcc.o)
rcc_wait_for_osc_ready                            /home/jshuo/stm32/libopencm3-stm32f407vg-discovery/libopencm3/lib/libopencm3_stm32f1.a(rcc.o)
reset_handler                                     /home/jshuo/stm32/libopencm3-stm32f407vg-discovery/libopencm3/lib/libopencm3_stm32f1.a(vector.o)
rtc_alarm_isr                                     /home/jshuo/stm32/libopencm3-stm32f407vg-discovery/libopencm3/lib/libopencm3_stm32f1.a(vector.o)
rtc_isr                                           /home/jshuo/stm32/libopencm3-stm32f407vg-discovery/libopencm3/lib/libopencm3_stm32f1.a(vector.o)
sdio_isr                                          /home/jshuo/stm32/libopencm3-stm32f407vg-discovery/libopencm3/lib/libopencm3_stm32f1.a(vector.o)
spi1_isr                                          /home/jshuo/stm32/libopencm3-stm32f407vg-discovery/libopencm3/lib/libopencm3_stm32f1.a(vector.o)
spi2_isr                                          /home/jshuo/stm32/libopencm3-stm32f407vg-discovery/libopencm3/lib/libopencm3_stm32f1.a(vector.o)
spi3_isr                                          /home/jshuo/stm32/libopencm3-stm32f407vg-discovery/libopencm3/lib/libopencm3_stm32f1.a(vector.o)
sv_call_handler                                   /home/jshuo/stm32/libopencm3-stm32f407vg-discovery/libopencm3/lib/libopencm3_stm32f1.a(vector.o)
sys_tick_handler                                  /home/jshuo/stm32/libopencm3-stm32f407vg-discovery/libopencm3/lib/libopencm3_stm32f1.a(vector.o)
tamper_isr                                        /home/jshuo/stm32/libopencm3-stm32f407vg-discovery/libopencm3/lib/libopencm3_stm32f1.a(vector.o)
temperature                                       adc_injec_timtrig_irq_4ch.o
tim1_brk_isr                                      /home/jshuo/stm32/libopencm3-stm32f407vg-discovery/libopencm3/lib/libopencm3_stm32f1.a(vector.o)
tim1_cc_isr                                       /home/jshuo/stm32/libopencm3-stm32f407vg-discovery/libopencm3/lib/libopencm3_stm32f1.a(vector.o)
tim1_trg_com_isr                                  /home/jshuo/stm32/libopencm3-stm32f407vg-discovery/libopencm3/lib/libopencm3_stm32f1.a(vector.o)
tim1_up_isr                                       /home/jshuo/stm32/libopencm3-stm32f407vg-discovery/libopencm3/lib/libopencm3_stm32f1.a(vector.o)
tim2_isr                                          /home/jshuo/stm32/libopencm3-stm32f407vg-discovery/libopencm3/lib/libopencm3_stm32f1.a(vector.o)
tim3_isr                                          /home/jshuo/stm32/libopencm3-stm32f407vg-discovery/libopencm3/lib/libopencm3_stm32f1.a(vector.o)
tim4_isr                                          /home/jshuo/stm32/libopencm3-stm32f407vg-discovery/libopencm3/lib/libopencm3_stm32f1.a(vector.o)
tim5_isr                                          /home/jshuo/stm32/libopencm3-stm32f407vg-discovery/libopencm3/lib/libopencm3_stm32f1.a(vector.o)
tim6_isr                                          /home/jshuo/stm32/libopencm3-stm32f407vg-discovery/libopencm3/lib/libopencm3_stm32f1.a(vector.o)
tim7_isr                                          /home/jshuo/stm32/libopencm3-stm32f407vg-discovery/libopencm3/lib/libopencm3_stm32f1.a(vector.o)
tim8_brk_isr                                      /home/jshuo/stm32/libopencm3-stm32f407vg-discovery/libopencm3/lib/libopencm3_stm32f1.a(vector.o)
tim8_cc_isr                                       /home/jshuo/stm32/libopencm3-stm32f407vg-discovery/libopencm3/lib/libopencm3_stm32f1.a(vector.o)
tim8_trg_com_isr                                  /home/jshuo/stm32/libopencm3-stm32f407vg-discovery/libopencm3/lib/libopencm3_stm32f1.a(vector.o)
tim8_up_isr                                       /home/jshuo/stm32/libopencm3-stm32f407vg-discovery/libopencm3/lib/libopencm3_stm32f1.a(vector.o)
timer_clear_flag                                  /home/jshuo/stm32/libopencm3-stm32f407vg-discovery/libopencm3/lib/libopencm3_stm32f1.a(timer_common_all.o)
timer_continuous_mode                             /home/jshuo/stm32/libopencm3-stm32f407vg-discovery/libopencm3/lib/libopencm3_stm32f1.a(timer_common_all.o)
timer_direction_down                              /home/jshuo/stm32/libopencm3-stm32f407vg-discovery/libopencm3/lib/libopencm3_stm32f1.a(timer_common_all.o)
timer_direction_up                                /home/jshuo/stm32/libopencm3-stm32f407vg-discovery/libopencm3/lib/libopencm3_stm32f1.a(timer_common_all.o)
timer_disable_break                               /home/jshuo/stm32/libopencm3-stm32f407vg-discovery/libopencm3/lib/libopencm3_stm32f1.a(timer_common_all.o)
timer_disable_break_automatic_output              /home/jshuo/stm32/libopencm3-stm32f407vg-discovery/libopencm3/lib/libopencm3_stm32f1.a(timer_common_all.o)
timer_disable_break_main_output                   /home/jshuo/stm32/libopencm3-stm32f407vg-discovery/libopencm3/lib/libopencm3_stm32f1.a(timer_common_all.o)
timer_disable_compare_control_update_on_trigger   /home/jshuo/stm32/libopencm3-stm32f407vg-discovery/libopencm3/lib/libopencm3_stm32f1.a(timer_common_all.o)
timer_disable_counter                             /home/jshuo/stm32/libopencm3-stm32f407vg-discovery/libopencm3/lib/libopencm3_stm32f1.a(timer_common_all.o)
timer_disable_irq                                 /home/jshuo/stm32/libopencm3-stm32f407vg-discovery/libopencm3/lib/libopencm3_stm32f1.a(timer_common_all.o)
timer_disable_oc_clear                            /home/jshuo/stm32/libopencm3-stm32f407vg-discovery/libopencm3/lib/libopencm3_stm32f1.a(timer_common_all.o)
timer_disable_oc_output                           /home/jshuo/stm32/libopencm3-stm32f407vg-discovery/libopencm3/lib/libopencm3_stm32f1.a(timer_common_all.o)
timer_disable_oc_preload                          /home/jshuo/stm32/libopencm3-stm32f407vg-discovery/libopencm3/lib/libopencm3_stm32f1.a(timer_common_all.o)
timer_disable_preload                             /home/jshuo/stm32/libopencm3-stm32f407vg-discovery/libopencm3/lib/libopencm3_stm32f1.a(timer_common_all.o)
timer_disable_preload_complementry_enable_bits    /home/jshuo/stm32/libopencm3-stm32f407vg-discovery/libopencm3/lib/libopencm3_stm32f1.a(timer_common_all.o)
timer_disable_update_event                        /home/jshuo/stm32/libopencm3-stm32f407vg-discovery/libopencm3/lib/libopencm3_stm32f1.a(timer_common_all.o)
timer_enable_break                                /home/jshuo/stm32/libopencm3-stm32f407vg-discovery/libopencm3/lib/libopencm3_stm32f1.a(timer_common_all.o)
timer_enable_break_automatic_output               /home/jshuo/stm32/libopencm3-stm32f407vg-discovery/libopencm3/lib/libopencm3_stm32f1.a(timer_common_all.o)
timer_enable_break_main_output                    /home/jshuo/stm32/libopencm3-stm32f407vg-discovery/libopencm3/lib/libopencm3_stm32f1.a(timer_common_all.o)
timer_enable_compare_control_update_on_trigger    /home/jshuo/stm32/libopencm3-stm32f407vg-discovery/libopencm3/lib/libopencm3_stm32f1.a(timer_common_all.o)
timer_enable_counter                              /home/jshuo/stm32/libopencm3-stm32f407vg-discovery/libopencm3/lib/libopencm3_stm32f1.a(timer_common_all.o)
                                                  adc_injec_timtrig_irq_4ch.o
timer_enable_irq                                  /home/jshuo/stm32/libopencm3-stm32f407vg-discovery/libopencm3/lib/libopencm3_stm32f1.a(timer_common_all.o)
timer_enable_oc_clear                             /home/jshuo/stm32/libopencm3-stm32f407vg-discovery/libopencm3/lib/libopencm3_stm32f1.a(timer_common_all.o)
timer_enable_oc_output                            /home/jshuo/stm32/libopencm3-stm32f407vg-discovery/libopencm3/lib/libopencm3_stm32f1.a(timer_common_all.o)
timer_enable_oc_preload                           /home/jshuo/stm32/libopencm3-stm32f407vg-discovery/libopencm3/lib/libopencm3_stm32f1.a(timer_common_all.o)
timer_enable_preload                              /home/jshuo/stm32/libopencm3-stm32f407vg-discovery/libopencm3/lib/libopencm3_stm32f1.a(timer_common_all.o)
timer_enable_preload_complementry_enable_bits     /home/jshuo/stm32/libopencm3-stm32f407vg-discovery/libopencm3/lib/libopencm3_stm32f1.a(timer_common_all.o)
timer_enable_update_event                         /home/jshuo/stm32/libopencm3-stm32f407vg-discovery/libopencm3/lib/libopencm3_stm32f1.a(timer_common_all.o)
timer_generate_event                              /home/jshuo/stm32/libopencm3-stm32f407vg-discovery/libopencm3/lib/libopencm3_stm32f1.a(timer_common_all.o)
timer_get_counter                                 /home/jshuo/stm32/libopencm3-stm32f407vg-discovery/libopencm3/lib/libopencm3_stm32f1.a(timer_common_all.o)
timer_get_flag                                    /home/jshuo/stm32/libopencm3-stm32f407vg-discovery/libopencm3/lib/libopencm3_stm32f1.a(timer_common_all.o)
timer_ic_disable                                  /home/jshuo/stm32/libopencm3-stm32f407vg-discovery/libopencm3/lib/libopencm3_stm32f1.a(timer_common_all.o)
timer_ic_enable                                   /home/jshuo/stm32/libopencm3-stm32f407vg-discovery/libopencm3/lib/libopencm3_stm32f1.a(timer_common_all.o)
timer_ic_set_filter                               /home/jshuo/stm32/libopencm3-stm32f407vg-discovery/libopencm3/lib/libopencm3_stm32f1.a(timer_common_all.o)
timer_ic_set_input                                /home/jshuo/stm32/libopencm3-stm32f407vg-discovery/libopencm3/lib/libopencm3_stm32f1.a(timer_common_all.o)
timer_ic_set_prescaler                            /home/jshuo/stm32/libopencm3-stm32f407vg-discovery/libopencm3/lib/libopencm3_stm32f1.a(timer_common_all.o)
timer_interrupt_source                            /home/jshuo/stm32/libopencm3-stm32f407vg-discovery/libopencm3/lib/libopencm3_stm32f1.a(timer_common_all.o)
timer_one_shot_mode                               /home/jshuo/stm32/libopencm3-stm32f407vg-discovery/libopencm3/lib/libopencm3_stm32f1.a(timer_common_all.o)
timer_reset_output_idle_state                     /home/jshuo/stm32/libopencm3-stm32f407vg-discovery/libopencm3/lib/libopencm3_stm32f1.a(timer_common_all.o)
timer_set_alignment                               /home/jshuo/stm32/libopencm3-stm32f407vg-discovery/libopencm3/lib/libopencm3_stm32f1.a(timer_common_all.o)
timer_set_break_lock                              /home/jshuo/stm32/libopencm3-stm32f407vg-discovery/libopencm3/lib/libopencm3_stm32f1.a(timer_common_all.o)
timer_set_break_polarity_high                     /home/jshuo/stm32/libopencm3-stm32f407vg-discovery/libopencm3/lib/libopencm3_stm32f1.a(timer_common_all.o)
timer_set_break_polarity_low                      /home/jshuo/stm32/libopencm3-stm32f407vg-discovery/libopencm3/lib/libopencm3_stm32f1.a(timer_common_all.o)
timer_set_clock_division                          /home/jshuo/stm32/libopencm3-stm32f407vg-discovery/libopencm3/lib/libopencm3_stm32f1.a(timer_common_all.o)
                                                  adc_injec_timtrig_irq_4ch.o
timer_set_counter                                 /home/jshuo/stm32/libopencm3-stm32f407vg-discovery/libopencm3/lib/libopencm3_stm32f1.a(timer_common_all.o)
timer_set_deadtime                                /home/jshuo/stm32/libopencm3-stm32f407vg-discovery/libopencm3/lib/libopencm3_stm32f1.a(timer_common_all.o)
timer_set_disabled_off_state_in_idle_mode         /home/jshuo/stm32/libopencm3-stm32f407vg-discovery/libopencm3/lib/libopencm3_stm32f1.a(timer_common_all.o)
timer_set_disabled_off_state_in_run_mode          /home/jshuo/stm32/libopencm3-stm32f407vg-discovery/libopencm3/lib/libopencm3_stm32f1.a(timer_common_all.o)
timer_set_dma_on_compare_event                    /home/jshuo/stm32/libopencm3-stm32f407vg-discovery/libopencm3/lib/libopencm3_stm32f1.a(timer_common_all.o)
timer_set_dma_on_update_event                     /home/jshuo/stm32/libopencm3-stm32f407vg-discovery/libopencm3/lib/libopencm3_stm32f1.a(timer_common_all.o)
timer_set_enabled_off_state_in_idle_mode          /home/jshuo/stm32/libopencm3-stm32f407vg-discovery/libopencm3/lib/libopencm3_stm32f1.a(timer_common_all.o)
timer_set_enabled_off_state_in_run_mode           /home/jshuo/stm32/libopencm3-stm32f407vg-discovery/libopencm3/lib/libopencm3_stm32f1.a(timer_common_all.o)
timer_set_master_mode                             /home/jshuo/stm32/libopencm3-stm32f407vg-discovery/libopencm3/lib/libopencm3_stm32f1.a(timer_common_all.o)
                                                  adc_injec_timtrig_irq_4ch.o
timer_set_mode                                    /home/jshuo/stm32/libopencm3-stm32f407vg-discovery/libopencm3/lib/libopencm3_stm32f1.a(timer_common_all.o)
                                                  adc_injec_timtrig_irq_4ch.o
timer_set_oc_fast_mode                            /home/jshuo/stm32/libopencm3-stm32f407vg-discovery/libopencm3/lib/libopencm3_stm32f1.a(timer_common_all.o)
timer_set_oc_idle_state_set                       /home/jshuo/stm32/libopencm3-stm32f407vg-discovery/libopencm3/lib/libopencm3_stm32f1.a(timer_common_all.o)
timer_set_oc_idle_state_unset                     /home/jshuo/stm32/libopencm3-stm32f407vg-discovery/libopencm3/lib/libopencm3_stm32f1.a(timer_common_all.o)
timer_set_oc_mode                                 /home/jshuo/stm32/libopencm3-stm32f407vg-discovery/libopencm3/lib/libopencm3_stm32f1.a(timer_common_all.o)
timer_set_oc_polarity_high                        /home/jshuo/stm32/libopencm3-stm32f407vg-discovery/libopencm3/lib/libopencm3_stm32f1.a(timer_common_all.o)
timer_set_oc_polarity_low                         /home/jshuo/stm32/libopencm3-stm32f407vg-discovery/libopencm3/lib/libopencm3_stm32f1.a(timer_common_all.o)
timer_set_oc_slow_mode                            /home/jshuo/stm32/libopencm3-stm32f407vg-discovery/libopencm3/lib/libopencm3_stm32f1.a(timer_common_all.o)
timer_set_oc_value                                /home/jshuo/stm32/libopencm3-stm32f407vg-discovery/libopencm3/lib/libopencm3_stm32f1.a(timer_common_all.o)
timer_set_output_idle_state                       /home/jshuo/stm32/libopencm3-stm32f407vg-discovery/libopencm3/lib/libopencm3_stm32f1.a(timer_common_all.o)
timer_set_period                                  /home/jshuo/stm32/libopencm3-stm32f407vg-discovery/libopencm3/lib/libopencm3_stm32f1.a(timer_common_all.o)
                                                  adc_injec_timtrig_irq_4ch.o
timer_set_prescaler                               /home/jshuo/stm32/libopencm3-stm32f407vg-discovery/libopencm3/lib/libopencm3_stm32f1.a(timer_common_all.o)
                                                  adc_injec_timtrig_irq_4ch.o